###############################################################################
#
# IAR ELF Linker V8.32.3.193/W32 for ARM                  14/Apr/2020  19:37:26
# Copyright 2007-2019 IAR Systems AB.
#
#    Output file  =  
#        C:\GIT\4WD-ROS-Rover\STM32F103\EWARM\4WD Rover\Exe\4WD Rover.out
#    Map file     =  
#        C:\GIT\4WD-ROS-Rover\STM32F103\EWARM\4WD Rover\List\4WD Rover.map
#    Command line =  
#        -f C:\Users\david\AppData\Local\Temp\EWC14D.tmp
#        ("C:\GIT\4WD-ROS-Rover\STM32F103\EWARM\4WD Rover\Obj\cmsis_os.o"
#        "C:\GIT\4WD-ROS-Rover\STM32F103\EWARM\4WD Rover\Obj\croutine.o"
#        "C:\GIT\4WD-ROS-Rover\STM32F103\EWARM\4WD Rover\Obj\event_groups.o"
#        "C:\GIT\4WD-ROS-Rover\STM32F103\EWARM\4WD Rover\Obj\freertos.o"
#        "C:\GIT\4WD-ROS-Rover\STM32F103\EWARM\4WD Rover\Obj\heap_1.o"
#        "C:\GIT\4WD-ROS-Rover\STM32F103\EWARM\4WD Rover\Obj\list.o"
#        "C:\GIT\4WD-ROS-Rover\STM32F103\EWARM\4WD Rover\Obj\main.o"
#        "C:\GIT\4WD-ROS-Rover\STM32F103\EWARM\4WD Rover\Obj\port.o"
#        "C:\GIT\4WD-ROS-Rover\STM32F103\EWARM\4WD Rover\Obj\portasm.o"
#        "C:\GIT\4WD-ROS-Rover\STM32F103\EWARM\4WD Rover\Obj\queue.o"
#        "C:\GIT\4WD-ROS-Rover\STM32F103\EWARM\4WD
#        Rover\Obj\startup_stm32f103xb.o"
#        "C:\GIT\4WD-ROS-Rover\STM32F103\EWARM\4WD Rover\Obj\stm32f1xx_hal.o"
#        "C:\GIT\4WD-ROS-Rover\STM32F103\EWARM\4WD
#        Rover\Obj\stm32f1xx_hal_cortex.o"
#        "C:\GIT\4WD-ROS-Rover\STM32F103\EWARM\4WD
#        Rover\Obj\stm32f1xx_hal_dma.o"
#        "C:\GIT\4WD-ROS-Rover\STM32F103\EWARM\4WD
#        Rover\Obj\stm32f1xx_hal_exti.o"
#        "C:\GIT\4WD-ROS-Rover\STM32F103\EWARM\4WD
#        Rover\Obj\stm32f1xx_hal_flash.o"
#        "C:\GIT\4WD-ROS-Rover\STM32F103\EWARM\4WD
#        Rover\Obj\stm32f1xx_hal_flash_ex.o"
#        "C:\GIT\4WD-ROS-Rover\STM32F103\EWARM\4WD
#        Rover\Obj\stm32f1xx_hal_gpio.o"
#        "C:\GIT\4WD-ROS-Rover\STM32F103\EWARM\4WD
#        Rover\Obj\stm32f1xx_hal_gpio_ex.o"
#        "C:\GIT\4WD-ROS-Rover\STM32F103\EWARM\4WD
#        Rover\Obj\stm32f1xx_hal_i2c.o"
#        "C:\GIT\4WD-ROS-Rover\STM32F103\EWARM\4WD
#        Rover\Obj\stm32f1xx_hal_msp.o"
#        "C:\GIT\4WD-ROS-Rover\STM32F103\EWARM\4WD
#        Rover\Obj\stm32f1xx_hal_pcd.o"
#        "C:\GIT\4WD-ROS-Rover\STM32F103\EWARM\4WD
#        Rover\Obj\stm32f1xx_hal_pcd_ex.o"
#        "C:\GIT\4WD-ROS-Rover\STM32F103\EWARM\4WD
#        Rover\Obj\stm32f1xx_hal_pwr.o"
#        "C:\GIT\4WD-ROS-Rover\STM32F103\EWARM\4WD
#        Rover\Obj\stm32f1xx_hal_rcc.o"
#        "C:\GIT\4WD-ROS-Rover\STM32F103\EWARM\4WD
#        Rover\Obj\stm32f1xx_hal_rcc_ex.o"
#        "C:\GIT\4WD-ROS-Rover\STM32F103\EWARM\4WD
#        Rover\Obj\stm32f1xx_hal_tim.o"
#        "C:\GIT\4WD-ROS-Rover\STM32F103\EWARM\4WD
#        Rover\Obj\stm32f1xx_hal_tim_ex.o"
#        "C:\GIT\4WD-ROS-Rover\STM32F103\EWARM\4WD
#        Rover\Obj\stm32f1xx_hal_timebase_tim.o"
#        "C:\GIT\4WD-ROS-Rover\STM32F103\EWARM\4WD
#        Rover\Obj\stm32f1xx_hal_uart.o"
#        "C:\GIT\4WD-ROS-Rover\STM32F103\EWARM\4WD Rover\Obj\stm32f1xx_it.o"
#        "C:\GIT\4WD-ROS-Rover\STM32F103\EWARM\4WD
#        Rover\Obj\stm32f1xx_ll_usb.o"
#        "C:\GIT\4WD-ROS-Rover\STM32F103\EWARM\4WD Rover\Obj\stream_buffer.o"
#        "C:\GIT\4WD-ROS-Rover\STM32F103\EWARM\4WD
#        Rover\Obj\system_stm32f1xx.o"
#        "C:\GIT\4WD-ROS-Rover\STM32F103\EWARM\4WD Rover\Obj\tasks.o"
#        "C:\GIT\4WD-ROS-Rover\STM32F103\EWARM\4WD Rover\Obj\timers.o"
#        "C:\GIT\4WD-ROS-Rover\STM32F103\EWARM\4WD Rover\Obj\usb_device.o"
#        "C:\GIT\4WD-ROS-Rover\STM32F103\EWARM\4WD Rover\Obj\usbd_cdc.o"
#        "C:\GIT\4WD-ROS-Rover\STM32F103\EWARM\4WD Rover\Obj\usbd_cdc_if.o"
#        "C:\GIT\4WD-ROS-Rover\STM32F103\EWARM\4WD Rover\Obj\usbd_conf.o"
#        "C:\GIT\4WD-ROS-Rover\STM32F103\EWARM\4WD Rover\Obj\usbd_core.o"
#        "C:\GIT\4WD-ROS-Rover\STM32F103\EWARM\4WD Rover\Obj\usbd_ctlreq.o"
#        "C:\GIT\4WD-ROS-Rover\STM32F103\EWARM\4WD Rover\Obj\usbd_desc.o"
#        "C:\GIT\4WD-ROS-Rover\STM32F103\EWARM\4WD Rover\Obj\usbd_ioreq.o"
#        --redirect _Printf=_PrintfFull --redirect _Scanf=_ScanfFull
#        --no_out_extension -o "C:\GIT\4WD-ROS-Rover\STM32F103\EWARM\4WD
#        Rover\Exe\4WD Rover.out" --map
#        "C:\GIT\4WD-ROS-Rover\STM32F103\EWARM\4WD Rover\List\4WD Rover.map"
#        --config C:\GIT\4WD-ROS-Rover\STM32F103\EWARM/stm32f103xb_flash.icf
#        --semihosting --entry __iar_program_start --vfe --text_out locale)
#
###############################################################################

*******************************************************************************
*** RUNTIME MODEL ATTRIBUTES
***

CppFlavor       = *
__SystemLibrary = DLib
__dlib_version  = 6


*******************************************************************************
*** HEAP SELECTION
***

The basic heap was selected because no calls to memory allocation
functions were found in the application outside of system library
functions, and there are calls to deallocation functions in the
application.


*******************************************************************************
*** PLACEMENT SUMMARY
***

"A0":  place at 0x800'0000 { ro section .intvec };
"P1":  place in [from 0x800'0000 to 0x801'ffff] { ro };
define block CSTACK with size = 1536, alignment = 8 { };
define block HEAP with size = 4K, alignment = 8 { };
"P2":  place in [from 0x2000'0000 to 0x2000'4fff] {
          rw, block CSTACK, block HEAP };
initialize by copy { rw };

  Section            Kind         Address    Size  Object
  -------            ----         -------    ----  ------
"A0":                                        0xec
  .intvec            ro code   0x800'0000    0xec  startup_stm32f103xb.o [1]
                             - 0x800'00ec    0xec

"P1":                                      0x971a
  .text              ro code   0x800'00ec   0xf58  main.o [1]
  .text              ro code   0x800'1044    0x24  stm32f1xx_hal.o [1]
  .text              ro code   0x800'1068   0x9fe  stm32f1xx_hal_tim.o [1]
  .text              ro code   0x800'1a66    0x7a  lz77_init_single.o [4]
  .text              ro code   0x800'1ae0    0xa6  ABImemcpy.o [4]
  .text              ro code   0x800'1b86    0x3a  zero_init3.o [4]
  .text              ro code   0x800'1bc0    0x9c  cmsis_os.o [1]
  .text              ro code   0x800'1c5c     0x6  ABImemclr4.o [4]
  .text              ro code   0x800'1c62    0x1e  xencoding_8859_1.o [2]
  .text              ro code   0x800'1c80   0x920  stm32f1xx_hal_rcc.o [1]
  .text              ro code   0x800'25a0   0x1a8  stm32f1xx_hal_rcc_ex.o [1]
  .text              ro code   0x800'2748   0x2c8  stm32f1xx_hal_i2c.o [1]
  .text              ro code   0x800'2a10   0x1fc  stm32f1xx_hal_tim_ex.o [1]
  .text              ro code   0x800'2c0c   0x27c  stm32f1xx_hal_msp.o [1]
  .text              ro code   0x800'2e88   0x2f0  stm32f1xx_hal_uart.o [1]
  .text              ro code   0x800'3178   0x49c  stm32f1xx_hal_gpio.o [1]
  .text              ro code   0x800'3614   0x15c  stm32f1xx_hal_cortex.o [1]
  .text              ro code   0x800'3770    0xd8  FltMul.o [3]
  .text              ro code   0x800'3848    0x48  FltToDbl.o [3]
  .text              ro code   0x800'3890    0xe2  DblSub.o [3]
  .text              ro code   0x800'3972     0xa  xsprout.o [2]
  .text              ro code   0x800'397c   0x1a2  DblMul.o [3]
  .rodata            const     0x800'3b1e     0x2  stm32f1xx_hal_rcc.o [1]
  .text              ro code   0x800'3b20   0x17a  DblAdd.o [3]
  .text              ro code   0x800'3c9c    0x68  DblToFlt.o [3]
  .text              ro code   0x800'3d04    0x24  FltCmpLe.o [3]
  .text              ro code   0x800'3d28    0x58  usb_device.o [1]
  .text              ro code   0x800'3d80    0xe2  FltAdd.o [3]
  .text              ro code   0x800'3e64   0x246  DblDiv.o [3]
  .text              ro code   0x800'40ac    0x1c  U32ToFlt.o [3]
  .text              ro code   0x800'40c8    0xfc  FltDiv.o [3]
  .text              ro code   0x800'41c4    0x22  S32ToDbl.o [3]
  .text              ro code   0x800'41e8    0x24  S32ToFlt.o [3]
  .text              ro code   0x800'420c    0x80  FltSub.o [3]
  .text              ro code   0x800'428c    0x2a  FltToS32.o [3]
  .text              ro code   0x800'42b8    0x2e  DblCmpLe.o [3]
  .text              ro code   0x800'42e8    0x40  sprintf.o [2]
  .text              ro code   0x800'4328    0xec  usbd_cdc_if.o [1]
  .text              ro code   0x800'4414     0xc  stm32f1xx_hal.o [1]
  .text              ro code   0x800'4420    0x18  stm32f1xx_hal.o [1]
  .text              ro code   0x800'4438    0x94  stm32f1xx_hal_timebase_tim.o [1]
  .text              ro code   0x800'44cc     0x2  stm32f1xx_hal_tim.o [1]
  .text              ro code   0x800'44ce     0x2  stm32f1xx_hal_tim.o [1]
  .text              ro code   0x800'44d0     0x2  stm32f1xx_hal_tim.o [1]
  .text              ro code   0x800'44d2     0x2  stm32f1xx_hal_tim_ex.o [1]
  .text              ro code   0x800'44d4     0x2  stm32f1xx_hal_tim.o [1]
  .text              ro code   0x800'44d6     0x2  stm32f1xx_hal_tim_ex.o [1]
  .text              ro code   0x800'44d8   0x7f8  tasks.o [1]
  .text              ro code   0x800'4cd0    0x32  ABImemset48.o [4]
  .text              ro code   0x800'4d02   0x37e  usbd_core.o [1]
  .text              ro code   0x800'5080   0x3f0  usbd_cdc.o [1]
  .text              ro code   0x800'5470   0xf46  xprintffull.o [2]
  .text              ro code   0x800'63b8    0x66  ABImemset.o [4]
  .text              ro code   0x800'6420    0x70  strncpy.o [4]
  .text              ro code   0x800'6490    0x7c  heap_1.o [1]
  .text              ro code   0x800'650c    0x9a  list.o [1]
  .text              ro code   0x800'65a8   0x1ac  port.o [1]
  .text              ro code   0x800'6754    0x18  freertos.o [1]
  .text              ro code   0x800'676c   0x35e  usbd_conf.o [1]
  .text              ro code   0x800'6acc   0x850  usbd_ctlreq.o [1]
  .text              ro code   0x800'731c    0xc4  usbd_ioreq.o [1]
  .text              ro code   0x800'73e0    0x78  xlocale_c.o [2]
  .text              ro code   0x800'7458    0x16  strchr.o [4]
  .text              ro code   0x800'7470    0x40  xfail_s.o [2]
  .text              ro code   0x800'74b0    0x36  strlen.o [4]
  .text              ro code   0x800'74e8    0x58  memchr.o [4]
  .text              ro code   0x800'7540     0xa  xmbcurmax.o [2]
  .text              ro code   0x800'754c   0x230  I64DivMod.o [4]
  .text              ro code   0x800'777c    0x70  frexp.o [3]
  .text              ro code   0x800'77ec    0x2e  DblCmpGe.o [3]
  .text              ro code   0x800'781c   0x13a  ldexp.o [3]
  .text              ro code   0x800'7958    0x3a  DblToS32.o [3]
  .text              ro code   0x800'7994    0x28  DblToU32.o [3]
  .text              ro code   0x800'79bc    0x1a  U32ToDbl.o [3]
  CODE               ro code   0x800'79d8    0x88  portasm.o [1]
  .text              ro code   0x800'7a60   0x992  stm32f1xx_hal_pcd.o [1]
  .text              ro code   0x800'83f2    0x4c  stm32f1xx_hal_pcd_ex.o [1]
  .text              ro code   0x800'843e     0x6  abort.o [2]
  .text              ro code   0x800'8444     0x2  I64DivZer.o [4]
  .text              ro code   0x800'8446   0xaca  stm32f1xx_ll_usb.o [1]
  .text              ro code   0x800'8f10    0x14  exit.o [5]
  .text              ro code   0x800'8f24   0x15e  usbd_desc.o [1]
  .rodata            const     0x800'9084    0x58  stm32f1xx_hal_cortex.o [1]
  .rodata            const     0x800'90dc    0x58  stm32f1xx_hal_gpio.o [1]
  .rodata            const     0x800'9134    0x58  stm32f1xx_hal_rcc_ex.o [1]
  .rodata            const     0x800'918c    0x58  stm32f1xx_hal_tim_ex.o [1]
  .rodata            const     0x800'91e4    0x58  stm32f1xx_hal_uart.o [1]
  .text              ro code   0x800'923c    0x58  system_stm32f1xx.o [1]
  .rodata            const     0x800'9294    0x54  stm32f1xx_hal_i2c.o [1]
  .rodata            const     0x800'92e8    0x54  stm32f1xx_hal_pcd.o [1]
  .rodata            const     0x800'933c    0x54  stm32f1xx_hal_rcc.o [1]
  .rodata            const     0x800'9390    0x54  stm32f1xx_hal_tim.o [1]
  .text              ro code   0x800'93e4    0x34  stm32f1xx_it.o [1]
  .text              ro code   0x800'9418    0x28  data_init.o [4]
  .iar.init_table    const     0x800'9440    0x20  - Linker created -
  .text              ro code   0x800'9460    0x1e  cmain.o [4]
  .text              ro code   0x800'947e     0x4  low_level_init.o [2]
  .text              ro code   0x800'9482     0x4  exit.o [2]
  .text              ro code   0x800'9488     0xa  cexit.o [4]
  .rodata            const     0x800'9494    0x1c  main.o [1]
  .rodata            const     0x800'94b0    0x1c  main.o [1]
  .rodata            const     0x800'94cc    0x1c  main.o [1]
  .rodata            const     0x800'94e8    0x1c  main.o [1]
  .rodata            const     0x800'9504    0x1c  main.o [1]
  .rodata            const     0x800'9520    0x18  usbd_desc.o [1]
  .rodata            const     0x800'9538    0x14  usbd_desc.o [1]
  .rodata            const     0x800'954c    0x10  main.o [1]
  .rodata            const     0x800'955c    0x10  stm32f1xx_hal_rcc.o [1]
  .rodata            const     0x800'956c    0x10  system_stm32f1xx.o [1]
  .rodata            const     0x800'957c    0x10  usbd_desc.o [1]
  .text              ro code   0x800'958c    0x10  startup_stm32f103xb.o [1]
  .rodata            const     0x800'959c     0xc  main.o [1]
  .rodata            const     0x800'95a8     0xc  main.o [1]
  .rodata            const     0x800'95b4     0xc  main.o [1]
  .rodata            const     0x800'95c0     0xc  main.o [1]
  .rodata            const     0x800'95cc     0xc  main.o [1]
  .rodata            const     0x800'95d8     0xc  main.o [1]
  .rodata            const     0x800'95e4     0xc  usbd_desc.o [1]
  .text              ro code   0x800'95f0     0xc  cstartup_M.o [4]
  .rodata            const     0x800'95fc     0x8  main.o [1]
  .rodata            const     0x800'9604     0x8  main.o [1]
  .rodata            const     0x800'960c     0x8  main.o [1]
  .rodata            const     0x800'9614     0x8  system_stm32f1xx.o [1]
  .rodata            const     0x800'961c     0x8  tasks.o [1]
  .rodata            const     0x800'9624     0x6  xlocale_c.o [2]
  .text              ro code   0x800'962a     0x4  startup_stm32f103xb.o [1]
  .text              ro code   0x800'962e     0x4  startup_stm32f103xb.o [1]
  .text              ro code   0x800'9632     0x4  startup_stm32f103xb.o [1]
  .text              ro code   0x800'9636     0x4  startup_stm32f103xb.o [1]
  .text              ro code   0x800'963a     0x4  startup_stm32f103xb.o [1]
  .text              ro code   0x800'963e     0x4  startup_stm32f103xb.o [1]
  .text              ro code   0x800'9642     0x4  startup_stm32f103xb.o [1]
  .text              ro code   0x800'9646     0x4  startup_stm32f103xb.o [1]
  .text              ro code   0x800'964a     0x4  startup_stm32f103xb.o [1]
  .text              ro code   0x800'964e     0x4  startup_stm32f103xb.o [1]
  .text              ro code   0x800'9652     0x4  startup_stm32f103xb.o [1]
  .text              ro code   0x800'9656     0x4  startup_stm32f103xb.o [1]
  .text              ro code   0x800'965a     0x4  startup_stm32f103xb.o [1]
  .text              ro code   0x800'965e     0x4  startup_stm32f103xb.o [1]
  .text              ro code   0x800'9662     0x4  startup_stm32f103xb.o [1]
  .text              ro code   0x800'9666     0x4  startup_stm32f103xb.o [1]
  .text              ro code   0x800'966a     0x4  startup_stm32f103xb.o [1]
  .text              ro code   0x800'966e     0x4  startup_stm32f103xb.o [1]
  .text              ro code   0x800'9672     0x4  startup_stm32f103xb.o [1]
  .text              ro code   0x800'9676     0x4  startup_stm32f103xb.o [1]
  .text              ro code   0x800'967a     0x4  startup_stm32f103xb.o [1]
  .text              ro code   0x800'967e     0x4  startup_stm32f103xb.o [1]
  .text              ro code   0x800'9682     0x4  startup_stm32f103xb.o [1]
  .text              ro code   0x800'9686     0x4  startup_stm32f103xb.o [1]
  .text              ro code   0x800'968a     0x4  startup_stm32f103xb.o [1]
  .text              ro code   0x800'968e     0x4  startup_stm32f103xb.o [1]
  .text              ro code   0x800'9692     0x4  startup_stm32f103xb.o [1]
  .text              ro code   0x800'9696     0x4  startup_stm32f103xb.o [1]
  .text              ro code   0x800'969a     0x4  startup_stm32f103xb.o [1]
  .text              ro code   0x800'969e     0x4  startup_stm32f103xb.o [1]
  .text              ro code   0x800'96a2     0x4  startup_stm32f103xb.o [1]
  .text              ro code   0x800'96a6     0x4  startup_stm32f103xb.o [1]
  .text              ro code   0x800'96aa     0x4  startup_stm32f103xb.o [1]
  .text              ro code   0x800'96ae     0x4  startup_stm32f103xb.o [1]
  .text              ro code   0x800'96b2     0x4  startup_stm32f103xb.o [1]
  .text              ro code   0x800'96b6     0x4  startup_stm32f103xb.o [1]
  .text              ro code   0x800'96ba     0x4  startup_stm32f103xb.o [1]
  .text              ro code   0x800'96be     0x4  startup_stm32f103xb.o [1]
  .text              ro code   0x800'96c2     0x4  startup_stm32f103xb.o [1]
  .text              ro code   0x800'96c6     0x4  startup_stm32f103xb.o [1]
  .rodata            const     0x800'96ca     0x0  zero_init3.o [4]
  .rodata            const     0x800'96ca     0x0  lz77_init_single.o [4]
  Initializer bytes  const     0x800'96ca   0x13c  <for P2-1>
                             - 0x800'9806  0x971a

"P2", part 1 of 3:                          0x259
  P2-1                        0x2000'0000   0x259  <Init block>
    .data            inited   0x2000'0000     0x4  main.o [1]
    .data            inited   0x2000'0004     0x4  main.o [1]
    .data            inited   0x2000'0008     0x4  main.o [1]
    .data            inited   0x2000'000c     0x4  main.o [1]
    .data            inited   0x2000'0010     0x4  main.o [1]
    .data            inited   0x2000'0014     0x4  main.o [1]
    .data            inited   0x2000'0018     0x4  main.o [1]
    .data            inited   0x2000'001c     0x4  main.o [1]
    .data            inited   0x2000'0020     0x4  main.o [1]
    .data            inited   0x2000'0024     0x4  main.o [1]
    .data            inited   0x2000'0028     0x4  main.o [1]
    .data            inited   0x2000'002c     0x4  main.o [1]
    .data            inited   0x2000'0030     0x4  main.o [1]
    .data            inited   0x2000'0034     0x4  main.o [1]
    .data            inited   0x2000'0038     0x4  main.o [1]
    .data            inited   0x2000'003c     0x4  main.o [1]
    .data            inited   0x2000'0040     0x4  main.o [1]
    .data            inited   0x2000'0044     0x4  main.o [1]
    .data            inited   0x2000'0048     0x4  main.o [1]
    .data            inited   0x2000'004c     0x4  main.o [1]
    .data            inited   0x2000'0050     0x4  main.o [1]
    .data            inited   0x2000'0054     0x4  main.o [1]
    .data            inited   0x2000'0058     0x4  port.o [1]
    .data            inited   0x2000'005c     0x4  stm32f1xx_hal.o [1]
    .data            inited   0x2000'0060     0x4  system_stm32f1xx.o [1]
    .data            inited   0x2000'0064     0xc  usbd_cdc.o [1]
    .data            inited   0x2000'0070    0x38  usbd_cdc.o [1]
    .data            inited   0x2000'00a8    0x44  usbd_cdc.o [1]
    .data            inited   0x2000'00ec    0x44  usbd_cdc.o [1]
    .data            inited   0x2000'0130    0x44  usbd_cdc.o [1]
    .data            inited   0x2000'0174    0x10  usbd_cdc_if.o [1]
    .data            inited   0x2000'0184    0x1c  usbd_desc.o [1]
    .data            inited   0x2000'01a0    0x14  usbd_desc.o [1]
    .data            inited   0x2000'01b4     0x4  usbd_desc.o [1]
    .data            inited   0x2000'01b8    0x1c  usbd_desc.o [1]
    .data            inited   0x2000'01d4    0x38  xlocale_c.o [2]
    .data            inited   0x2000'020c    0x48  xlocale_c.o [2]
    .data            inited   0x2000'0254     0x2  main.o [1]
    .data            inited   0x2000'0256     0x2  main.o [1]
    .data            inited   0x2000'0258     0x1  stm32f1xx_hal.o [1]
                            - 0x2000'0259   0x259

"P2", part 2 of 3:                         0x2fb8
  .bss               zero     0x2000'025c  0x2000  heap_1.o [1]
  .bss               zero     0x2000'225c   0x2c4  usb_device.o [1]
  .bss               zero     0x2000'2520   0x26c  usbd_conf.o [1]
  .bss               zero     0x2000'278c   0x220  usbd_conf.o [1]
  .bss               zero     0x2000'29ac   0x200  freertos.o [1]
  .bss               zero     0x2000'2bac   0x200  usbd_desc.o [1]
  .bss               zero     0x2000'2dac    0x8c  tasks.o [1]
  .bss               zero     0x2000'2e38    0x54  freertos.o [1]
  .bss               zero     0x2000'2e8c    0x54  main.o [1]
  .bss               zero     0x2000'2ee0    0x40  main.o [1]
  .bss               zero     0x2000'2f20    0x40  main.o [1]
  .bss               zero     0x2000'2f60    0x40  main.o [1]
  .bss               zero     0x2000'2fa0    0x40  main.o [1]
  .bss               zero     0x2000'2fe0    0x40  main.o [1]
  .bss               zero     0x2000'3020    0x40  stm32f1xx_hal_timebase_tim.o [1]
  .bss               zero     0x2000'3060    0x40  usbd_cdc_if.o [1]
  .bss               zero     0x2000'30a0    0x40  usbd_cdc_if.o [1]
  .bss               zero     0x2000'30e0    0x20  main.o [1]
  .bss               zero     0x2000'3100    0x14  tasks.o [1]
  .bss               zero     0x2000'3114    0x14  tasks.o [1]
  .bss               zero     0x2000'3128    0x14  tasks.o [1]
  .bss               zero     0x2000'313c    0x14  tasks.o [1]
  .bss               zero     0x2000'3150    0x14  tasks.o [1]
  .bss               zero     0x2000'3164     0x4  heap_1.o [1]
  .bss               zero     0x2000'3168     0x4  heap_1.o [1]
  .bss               zero     0x2000'316c     0x4  main.o [1]
  .bss               zero     0x2000'3170     0x4  main.o [1]
  .bss               zero     0x2000'3174     0x4  main.o [1]
  .bss               zero     0x2000'3178     0x4  main.o [1]
  .bss               zero     0x2000'317c     0x4  main.o [1]
  .bss               zero     0x2000'3180     0x4  main.o [1]
  .bss               zero     0x2000'3184     0x4  main.o [1]
  .bss               zero     0x2000'3188     0x4  main.o [1]
  .bss               zero     0x2000'318c     0x4  main.o [1]
  .bss               zero     0x2000'3190     0x4  main.o [1]
  .bss               zero     0x2000'3194     0x4  main.o [1]
  .bss               zero     0x2000'3198     0x4  main.o [1]
  .bss               zero     0x2000'319c     0x4  main.o [1]
  .bss               zero     0x2000'31a0     0x4  main.o [1]
  .bss               zero     0x2000'31a4     0x4  main.o [1]
  .bss               zero     0x2000'31a8     0x4  main.o [1]
  .bss               zero     0x2000'31ac     0x4  main.o [1]
  .bss               zero     0x2000'31b0     0x4  main.o [1]
  .bss               zero     0x2000'31b4     0x4  main.o [1]
  .bss               zero     0x2000'31b8     0x4  main.o [1]
  .bss               zero     0x2000'31bc     0x4  port.o [1]
  .bss               zero     0x2000'31c0     0x4  stm32f1xx_hal.o [1]
  .bss               zero     0x2000'31c4     0x4  tasks.o [1]
  .bss               zero     0x2000'31c8     0x4  tasks.o [1]
  .bss               zero     0x2000'31cc     0x4  tasks.o [1]
  .bss               zero     0x2000'31d0     0x4  tasks.o [1]
  .bss               zero     0x2000'31d4     0x4  tasks.o [1]
  .bss               zero     0x2000'31d8     0x4  tasks.o [1]
  .bss               zero     0x2000'31dc     0x4  tasks.o [1]
  .bss               zero     0x2000'31e0     0x4  tasks.o [1]
  .bss               zero     0x2000'31e4     0x4  tasks.o [1]
  .bss               zero     0x2000'31e8     0x4  tasks.o [1]
  .bss               zero     0x2000'31ec     0x4  tasks.o [1]
  .bss               zero     0x2000'31f0     0x4  tasks.o [1]
  .bss               zero     0x2000'31f4     0x4  tasks.o [1]
  .bss               zero     0x2000'31f8     0x4  tasks.o [1]
  .bss               zero     0x2000'31fc     0x4  tasks.o [1]
  .bss               zero     0x2000'3200     0x4  xfail_s.o [2]
  .bss               zero     0x2000'3204     0x2  main.o [1]
  .bss               zero     0x2000'3206     0x2  main.o [1]
  .bss               zero     0x2000'3208     0x2  main.o [1]
  .bss               zero     0x2000'320a     0x2  main.o [1]
  .bss               zero     0x2000'320c     0x2  main.o [1]
  .bss               zero     0x2000'320e     0x1  main.o [1]
  .bss               zero     0x2000'320f     0x1  main.o [1]
  .bss               zero     0x2000'3210     0x1  port.o [1]
  .bss               zero     0x2000'3211     0x1  usbd_ctlreq.o [1]
                            - 0x2000'3212  0x2fb6

"P2", part 3 of 3:                          0x600
  CSTACK                      0x2000'3218   0x600  <Block>
    CSTACK           uninit   0x2000'3218   0x600  <Block tail>
                            - 0x2000'3818   0x600

Unused ranges:

         From           To      Size
         ----           --      ----
   0x800'9806   0x801'ffff  0x1'67fa
  0x2000'0259  0x2000'025b       0x3
  0x2000'3214  0x2000'3217       0x4
  0x2000'3818  0x2000'4fff    0x17e8


*******************************************************************************
*** INIT TABLE
***

          Address      Size
          -------      ----
Zero (__iar_zero_init3)
    1 destination range, total size 0x2fb6:
          0x2000'025c  0x2fb6

Copy/lz77 (__iar_lz77_init_single3)
    1 source range, total size 0x13c (52% of destination):
           0x800'96ca   0x13c
    1 destination range, total size 0x259:
          0x2000'0000   0x259



*******************************************************************************
*** MODULE SUMMARY
***

    Module                        ro code  ro data  rw data
    ------                        -------  -------  -------
command line/config:
    -------------------------------------------------------
    Total:

C:\GIT\4WD-ROS-Rover\STM32F103\EWARM\4WD Rover\Obj: [1]
    cmsis_os.o                        156
    freertos.o                         24               596
    heap_1.o                          124             8 200
    list.o                            154
    main.o                          3 928      300      620
    port.o                            428        2        9
    portasm.o                         136
    startup_stm32f103xb.o             412
    stm32f1xx_hal.o                    72        3        9
    stm32f1xx_hal_cortex.o            348       88
    stm32f1xx_hal_gpio.o            1 180       88
    stm32f1xx_hal_i2c.o               712       84
    stm32f1xx_hal_msp.o               636
    stm32f1xx_hal_pcd.o             2 450       84
    stm32f1xx_hal_pcd_ex.o             76
    stm32f1xx_hal_rcc.o             2 336      102
    stm32f1xx_hal_rcc_ex.o            424       88
    stm32f1xx_hal_tim.o             2 566       84
    stm32f1xx_hal_tim_ex.o            512       88
    stm32f1xx_hal_timebase_tim.o      148                64
    stm32f1xx_hal_uart.o              752       88
    stm32f1xx_it.o                     52
    stm32f1xx_ll_usb.o              2 762
    system_stm32f1xx.o                 88       26        4
    tasks.o                         2 040        8      300
    usb_device.o                       88               708
    usbd_cdc.o                      1 008      143      272
    usbd_cdc_if.o                     236        9      144
    usbd_conf.o                       862             1 164
    usbd_core.o                       894
    usbd_ctlreq.o                   2 128                 1
    usbd_desc.o                       350      114      592
    usbd_ioreq.o                      196
    -------------------------------------------------------
    Total:                         28 278    1 399   12 683

dl7M_tlf.a: [2]
    abort.o                             6
    exit.o                              4
    low_level_init.o                    4
    sprintf.o                          64
    xencoding_8859_1.o                 30
    xfail_s.o                          64                 4
    xlocale_c.o                       120       73      128
    xmbcurmax.o                        10
    xprintffull.o                   3 910
    xsprout.o                          10
    -------------------------------------------------------
    Total:                          4 222       73      132

m7M_tl.a: [3]
    DblAdd.o                          378
    DblCmpGe.o                         46
    DblCmpLe.o                         46
    DblDiv.o                          582
    DblMul.o                          418
    DblSub.o                          226
    DblToFlt.o                        104
    DblToS32.o                         58
    DblToU32.o                         40
    FltAdd.o                          226
    FltCmpLe.o                         36
    FltDiv.o                          252
    FltMul.o                          216
    FltSub.o                          128
    FltToDbl.o                         72
    FltToS32.o                         42
    S32ToDbl.o                         34
    S32ToFlt.o                         36
    U32ToDbl.o                         26
    U32ToFlt.o                         28
    frexp.o                           112
    ldexp.o                           314
    -------------------------------------------------------
    Total:                          3 420

rt7M_tl.a: [4]
    ABImemclr4.o                        6
    ABImemcpy.o                       166
    ABImemset.o                       102
    ABImemset48.o                      50
    I64DivMod.o                       560
    I64DivZer.o                         2
    cexit.o                            10
    cmain.o                            30
    cstartup_M.o                       12
    data_init.o                        40
    lz77_init_single.o                122
    memchr.o                           88
    strchr.o                           22
    strlen.o                           54
    strncpy.o                         112
    zero_init3.o                       58
    -------------------------------------------------------
    Total:                          1 434

shb_l.a: [5]
    exit.o                             20
    -------------------------------------------------------
    Total:                             20

    Gaps                               36        4
    Linker created                              32    1 536
-----------------------------------------------------------
    Grand Total:                   37 410    1 508   14 351


*******************************************************************************
*** ENTRY LIST
***

Entry                       Address    Size  Type      Object
-----                       -------    ----  ----      ------
.iar.init_table$$Base    0x800'9440           --   Gb  - Linker created -
.iar.init_table$$Limit   0x800'9460           --   Gb  - Linker created -
?main                    0x800'9461          Code  Gb  cmain.o [4]
AHBPrescTable            0x800'956c    0x10  Data  Gb  system_stm32f1xx.o [1]
APBPrescTable            0x800'9614     0x8  Data  Gb  system_stm32f1xx.o [1]
BusFault_Handler         0x800'93eb     0x2  Code  Gb  stm32f1xx_it.o [1]
CDC_Control_FS           0x800'4347    0x42  Code  Lc  usbd_cdc_if.o [1]
CDC_DeInit_FS            0x800'4343     0x4  Code  Lc  usbd_cdc_if.o [1]
CDC_Init_FS              0x800'4329    0x1a  Code  Lc  usbd_cdc_if.o [1]
CDC_Receive_FS           0x800'4389    0x42  Code  Lc  usbd_cdc_if.o [1]
CDC_Transmit_FS          0x800'43cb    0x34  Code  Gb  usbd_cdc_if.o [1]
CSTACK$$Base            0x2000'3218           --   Gb  - Linker created -
CSTACK$$Limit           0x2000'3818           --   Gb  - Linker created -
CacheMore                0x800'73e5    0x24  Code  Lc  xlocale_c.o [2]
DebugMon_Handler         0x800'93ef     0x2  Code  Gb  stm32f1xx_it.o [1]
EXTI9_5_IRQHandler       0x800'93fb     0xa  Code  Gb  stm32f1xx_it.o [1]
Error_Handler            0x800'1041     0x2  Code  Gb  main.o [1]
FL_max                  0x2000'0020     0x4  Data  Lc  main.o [1]
FL_min                  0x2000'000c     0x4  Data  Lc  main.o [1]
FL_val                  0x2000'0034     0x4  Data  Lc  main.o [1]
FR_max                  0x2000'0024     0x4  Data  Lc  main.o [1]
FR_min                  0x2000'0010     0x4  Data  Lc  main.o [1]
FR_val                  0x2000'0038     0x4  Data  Lc  main.o [1]
FS_Desc                 0x2000'0184    0x1c  Data  Gb  usbd_desc.o [1]
Get_SerialNum            0x800'8fd9    0x2e  Code  Lc  usbd_desc.o [1]
HAL_GPIO_EXTI_Callback   0x800'0627    0x16  Code  Gb  main.o [1]
HAL_GPIO_EXTI_IRQHandler
                         0x800'35a9    0x20  Code  Gb  stm32f1xx_hal_gpio.o [1]
HAL_GPIO_Init            0x800'3179   0x3b0  Code  Gb  stm32f1xx_hal_gpio.o [1]
HAL_GPIO_TogglePin       0x800'3577    0x32  Code  Gb  stm32f1xx_hal_gpio.o [1]
HAL_GPIO_WritePin        0x800'3529    0x4e  Code  Gb  stm32f1xx_hal_gpio.o [1]
HAL_GetTick              0x800'4415     0xc  Code  Wk  stm32f1xx_hal.o [1]
HAL_I2C_Init             0x800'2749   0x2a0  Code  Gb  stm32f1xx_hal_i2c.o [1]
HAL_I2C_MspInit          0x800'2c53    0x66  Code  Gb  stm32f1xx_hal_msp.o [1]
HAL_IncTick              0x800'4421    0x18  Code  Wk  stm32f1xx_hal.o [1]
HAL_Init                 0x800'1045    0x20  Code  Gb  stm32f1xx_hal.o [1]
HAL_InitTick             0x800'4439    0x84  Code  Gb  stm32f1xx_hal_timebase_tim.o [1]
HAL_MspInit              0x800'2c0d    0x46  Code  Gb  stm32f1xx_hal_msp.o [1]
HAL_NVIC_EnableIRQ       0x800'3739    0x1e  Code  Gb  stm32f1xx_hal_cortex.o [1]
HAL_NVIC_SetPriority     0x800'36f7    0x42  Code  Gb  stm32f1xx_hal_cortex.o [1]
HAL_NVIC_SetPriorityGrouping
                         0x800'36cf    0x28  Code  Gb  stm32f1xx_hal_cortex.o [1]
HAL_PCDEx_PMAConfig      0x800'83f3    0x4c  Code  Gb  stm32f1xx_hal_pcd_ex.o [1]
HAL_PCDEx_SetConnectionState
                         0x800'6a9b     0x2  Code  Gb  usbd_conf.o [1]
HAL_PCD_DataInStageCallback
                         0x800'67d5    0x1e  Code  Gb  usbd_conf.o [1]
HAL_PCD_DataOutStageCallback
                         0x800'67b5    0x20  Code  Gb  usbd_conf.o [1]
HAL_PCD_EP_Close         0x800'7e35    0x62  Code  Gb  stm32f1xx_hal_pcd.o [1]
HAL_PCD_EP_ClrStall      0x800'7fd7    0x78  Code  Gb  stm32f1xx_hal_pcd.o [1]
HAL_PCD_EP_GetRxCount    0x800'7eed    0x10  Code  Gb  stm32f1xx_hal_pcd.o [1]
HAL_PCD_EP_Open          0x800'7d97    0x9e  Code  Gb  stm32f1xx_hal_pcd.o [1]
HAL_PCD_EP_Receive       0x800'7e97    0x56  Code  Gb  stm32f1xx_hal_pcd.o [1]
HAL_PCD_EP_SetStall      0x800'7f53    0x84  Code  Gb  stm32f1xx_hal_pcd.o [1]
HAL_PCD_EP_Transmit      0x800'7efd    0x56  Code  Gb  stm32f1xx_hal_pcd.o [1]
HAL_PCD_IRQHandler       0x800'7c0d   0x15a  Code  Gb  stm32f1xx_hal_pcd.o [1]
HAL_PCD_Init             0x800'7a61   0x16e  Code  Gb  stm32f1xx_hal_pcd.o [1]
HAL_PCD_MspInit          0x800'676d    0x36  Code  Gb  usbd_conf.o [1]
HAL_PCD_ResetCallback    0x800'6801    0x26  Code  Gb  usbd_conf.o [1]
HAL_PCD_ResumeCallback   0x800'6845     0xe  Code  Gb  usbd_conf.o [1]
HAL_PCD_SOFCallback      0x800'67f3     0xe  Code  Gb  usbd_conf.o [1]
HAL_PCD_SetAddress       0x800'7d67    0x30  Code  Gb  stm32f1xx_hal_pcd.o [1]
HAL_PCD_SetupStageCallback
                         0x800'67a3    0x12  Code  Gb  usbd_conf.o [1]
HAL_PCD_Start            0x800'7bd9    0x34  Code  Gb  stm32f1xx_hal_pcd.o [1]
HAL_PCD_SuspendCallback
                         0x800'6827    0x1e  Code  Gb  usbd_conf.o [1]
HAL_RCCEx_PeriphCLKConfig
                         0x800'25a1   0x18e  Code  Gb  stm32f1xx_hal_rcc_ex.o [1]
HAL_RCC_ClockConfig      0x800'21ed   0x246  Code  Gb  stm32f1xx_hal_rcc.o [1]
HAL_RCC_GetClockConfig   0x800'24d5    0x56  Code  Gb  stm32f1xx_hal_rcc.o [1]
HAL_RCC_GetHCLKFreq      0x800'24a3     0x6  Code  Gb  stm32f1xx_hal_rcc.o [1]
HAL_RCC_GetPCLK1Freq     0x800'24a9    0x16  Code  Gb  stm32f1xx_hal_rcc.o [1]
HAL_RCC_GetPCLK2Freq     0x800'24bf    0x16  Code  Gb  stm32f1xx_hal_rcc.o [1]
HAL_RCC_GetSysClockFreq
                         0x800'2433    0x70  Code  Gb  stm32f1xx_hal_rcc.o [1]
HAL_RCC_OscConfig        0x800'1c81   0x56c  Code  Gb  stm32f1xx_hal_rcc.o [1]
HAL_TIMEx_BreakCallback
                         0x800'44d3     0x2  Code  Wk  stm32f1xx_hal_tim_ex.o [1]
HAL_TIMEx_CommutCallback
                         0x800'44d7     0x2  Code  Wk  stm32f1xx_hal_tim_ex.o [1]
HAL_TIMEx_ConfigBreakDeadTime
                         0x800'2ad9   0x124  Code  Gb  stm32f1xx_hal_tim_ex.o [1]
HAL_TIMEx_MasterConfigSynchronization
                         0x800'2a11    0xc8  Code  Gb  stm32f1xx_hal_tim_ex.o [1]
HAL_TIM_Base_Init        0x800'1069    0xce  Code  Gb  stm32f1xx_hal_tim.o [1]
HAL_TIM_Base_Start_IT    0x800'1137    0x5e  Code  Gb  stm32f1xx_hal_tim.o [1]
HAL_TIM_IRQHandler       0x800'1331   0x176  Code  Gb  stm32f1xx_hal_tim.o [1]
HAL_TIM_MspPostInit      0x800'2d17    0xe2  Code  Gb  stm32f1xx_hal_msp.o [1]
HAL_TIM_PWM_ConfigChannel
                         0x800'14a7   0x232  Code  Gb  stm32f1xx_hal_tim.o [1]
HAL_TIM_PWM_Init         0x800'11a5    0xc6  Code  Gb  stm32f1xx_hal_tim.o [1]
HAL_TIM_PWM_MspInit      0x800'2cb9    0x5e  Code  Gb  stm32f1xx_hal_msp.o [1]
HAL_TIM_PWM_Start        0x800'1271    0xb0  Code  Gb  stm32f1xx_hal_tim.o [1]
HAL_TIM_PeriodElapsedCallback
                         0x800'0ef5    0x12  Code  Gb  main.o [1]
HAL_UART_Init            0x800'2e89   0x110  Code  Gb  stm32f1xx_hal_uart.o [1]
HAL_UART_MspInit         0x800'2df9    0x6c  Code  Gb  stm32f1xx_hal_msp.o [1]
HardFault_Handler        0x800'93e7     0x2  Code  Gb  stm32f1xx_it.o [1]
IntToUnicode             0x800'9035    0x4e  Code  Lc  usbd_desc.o [1]
LoadInt                  0x800'5633    0x7a  Code  Lc  xprintffull.o [2]
MX_GPIO_Init             0x800'0515   0x112  Code  Lc  main.o [1]
MX_I2C1_Init             0x800'0273    0x3e  Code  Lc  main.o [1]
MX_TIM1_Init             0x800'02b1    0xe2  Code  Lc  main.o [1]
MX_TIM2_Init             0x800'0393    0xc0  Code  Lc  main.o [1]
MX_TIM3_Init             0x800'0453    0x8a  Code  Lc  main.o [1]
MX_USART2_UART_Init      0x800'04dd    0x38  Code  Lc  main.o [1]
MX_USB_DEVICE_Init       0x800'3d29    0x58  Code  Gb  usb_device.o [1]
MemManage_Handler        0x800'93e9     0x2  Code  Gb  stm32f1xx_it.o [1]
NMI_Handler              0x800'93e5     0x2  Code  Gb  stm32f1xx_it.o [1]
NVIC_EncodePriority      0x800'368f    0x40  Code  Lc  stm32f1xx_hal_cortex.o [1]
PCD_EP_ISR_Handler       0x800'804f   0x3a4  Code  Lc  stm32f1xx_hal_pcd.o [1]
PendSV_Handler           0x800'79d9          Code  Gb  portasm.o [1]
RCC_Delay                0x800'2535    0x26  Code  Lc  stm32f1xx_hal_rcc.o [1]
RL_max                  0x2000'0028     0x4  Data  Lc  main.o [1]
RL_min                  0x2000'0014     0x4  Data  Lc  main.o [1]
RL_val                  0x2000'003c     0x4  Data  Lc  main.o [1]
RR_max                  0x2000'002c     0x4  Data  Lc  main.o [1]
RR_min                  0x2000'0018     0x4  Data  Lc  main.o [1]
RR_val                  0x2000'0040     0x4  Data  Lc  main.o [1]
Region$$Table$$Base      0x800'9440           --   Gb  - Linker created -
Region$$Table$$Limit     0x800'9460           --   Gb  - Linker created -
ST_max                  0x2000'0030     0x4  Data  Lc  main.o [1]
ST_min                  0x2000'001c     0x4  Data  Lc  main.o [1]
ST_val                  0x2000'0044     0x4  Data  Lc  main.o [1]
SVC_Handler              0x800'7a1f          Code  Gb  portasm.o [1]
SizeofCharArray          0x800'063d    0x16  Code  Gb  main.o [1]
StartCommTask            0x800'099d   0x1e4  Code  Gb  main.o [1]
StartDefaultTask         0x800'06f3    0x1e  Code  Gb  main.o [1]
StartMotorControlTask    0x800'0711   0x28a  Code  Gb  main.o [1]
StartServoTask           0x800'0bc1   0x31c  Code  Gb  main.o [1]
StartTask05              0x800'0ee9     0xc  Code  Gb  main.o [1]
SysTick_Handler          0x800'66e1    0x28  Code  Gb  port.o [1]
SystemClock_Config       0x800'01eb    0x88  Code  Gb  main.o [1]
SystemCoreClock         0x2000'0060     0x4  Data  Gb  system_stm32f1xx.o [1]
SystemInit               0x800'923d    0x3e  Code  Gb  system_stm32f1xx.o [1]
TIM4_IRQHandler          0x800'9405     0xa  Code  Gb  stm32f1xx_it.o [1]
TIM_Base_SetConfig       0x800'16e9    0x6e  Code  Gb  stm32f1xx_hal_tim.o [1]
TIM_CCxChannelCmd        0x800'19e9    0x68  Code  Gb  stm32f1xx_hal_tim.o [1]
TIM_OC1_SetConfig        0x800'1757    0xae  Code  Lc  stm32f1xx_hal_tim.o [1]
TIM_OC2_SetConfig        0x800'1805    0xb4  Code  Gb  stm32f1xx_hal_tim.o [1]
TIM_OC3_SetConfig        0x800'18b9    0xb8  Code  Lc  stm32f1xx_hal_tim.o [1]
TIM_OC4_SetConfig        0x800'1971    0x6a  Code  Lc  stm32f1xx_hal_tim.o [1]
UART_SetConfig           0x800'2fa9   0x1c0  Code  Lc  stm32f1xx_hal_uart.o [1]
USBD_CDC                0x2000'0070    0x38  Data  Gb  usbd_cdc.o [1]
USBD_CDC_CfgFSDesc      0x2000'00ec    0x44  Data  Gb  usbd_cdc.o [1]
USBD_CDC_CfgHSDesc      0x2000'00a8    0x44  Data  Gb  usbd_cdc.o [1]
USBD_CDC_DataIn          0x800'529b    0x74  Code  Lc  usbd_cdc.o [1]
USBD_CDC_DataOut         0x800'530f    0x38  Code  Lc  usbd_cdc.o [1]
USBD_CDC_DeInit          0x800'5149    0x52  Code  Lc  usbd_cdc.o [1]
USBD_CDC_DeviceQualifierDesc
                        0x2000'0064     0xc  Data  Lc  usbd_cdc.o [1]
USBD_CDC_EP0_RxReady     0x800'5347    0x36  Code  Lc  usbd_cdc.o [1]
USBD_CDC_GetDeviceQualifierDescriptor
                         0x800'539b     0xa  Code  Gb  usbd_cdc.o [1]
USBD_CDC_GetFSCfgDesc    0x800'537d     0xa  Code  Lc  usbd_cdc.o [1]
USBD_CDC_GetHSCfgDesc    0x800'5387     0xa  Code  Lc  usbd_cdc.o [1]
USBD_CDC_GetOtherSpeedCfgDesc
                         0x800'5391     0xa  Code  Lc  usbd_cdc.o [1]
USBD_CDC_Init            0x800'5081    0xc8  Code  Lc  usbd_cdc.o [1]
USBD_CDC_OtherSpeedCfgDesc
                        0x2000'0130    0x44  Data  Gb  usbd_cdc.o [1]
USBD_CDC_ReceivePacket   0x800'5433    0x3e  Code  Gb  usbd_cdc.o [1]
USBD_CDC_RegisterInterface
                         0x800'53b5    0x14  Code  Gb  usbd_cdc.o [1]
USBD_CDC_SetRxBuffer     0x800'53e3     0xe  Code  Gb  usbd_cdc.o [1]
USBD_CDC_SetTxBuffer     0x800'53c9    0x1a  Code  Gb  usbd_cdc.o [1]
USBD_CDC_Setup           0x800'519b   0x100  Code  Lc  usbd_cdc.o [1]
USBD_CDC_TransmitPacket
                         0x800'53f1    0x42  Code  Gb  usbd_cdc.o [1]
USBD_ClrClassConfig      0x800'4d91    0x18  Code  Gb  usbd_core.o [1]
USBD_ClrFeature          0x800'724d    0x2e  Code  Lc  usbd_ctlreq.o [1]
USBD_CtlContinueRx       0x800'7393    0x1a  Code  Gb  usbd_ioreq.o [1]
USBD_CtlContinueSendData
                         0x800'7349    0x1a  Code  Gb  usbd_ioreq.o [1]
USBD_CtlError            0x800'72a3    0x18  Code  Gb  usbd_ctlreq.o [1]
USBD_CtlPrepareRx        0x800'7363    0x30  Code  Gb  usbd_ioreq.o [1]
USBD_CtlReceiveStatus    0x800'73c7    0x1a  Code  Gb  usbd_ioreq.o [1]
USBD_CtlSendData         0x800'731d    0x2c  Code  Gb  usbd_ioreq.o [1]
USBD_CtlSendStatus       0x800'73ad    0x1a  Code  Gb  usbd_ioreq.o [1]
USBD_FS_ConfigStrDescriptor
                         0x800'8f89    0x28  Code  Gb  usbd_desc.o [1]
USBD_FS_DeviceDesc      0x2000'01a0    0x14  Data  Gb  usbd_desc.o [1]
USBD_FS_DeviceDescriptor
                         0x800'8f25     0xa  Code  Gb  usbd_desc.o [1]
USBD_FS_InterfaceStrDescriptor
                         0x800'8fb1    0x28  Code  Gb  usbd_desc.o [1]
USBD_FS_LangIDStrDescriptor
                         0x800'8f2f     0xa  Code  Gb  usbd_desc.o [1]
USBD_FS_ManufacturerStrDescriptor
                         0x800'8f61    0x16  Code  Gb  usbd_desc.o [1]
USBD_FS_ProductStrDescriptor
                         0x800'8f39    0x28  Code  Gb  usbd_desc.o [1]
USBD_FS_SerialStrDescriptor
                         0x800'8f77    0x12  Code  Gb  usbd_desc.o [1]
USBD_GetConfig           0x800'7199    0x4e  Code  Lc  usbd_ctlreq.o [1]
USBD_GetDescriptor       0x800'6e5d   0x202  Code  Lc  usbd_ctlreq.o [1]
USBD_GetLen              0x800'7309    0x14  Code  Lc  usbd_ctlreq.o [1]
USBD_GetStatus           0x800'71e7    0x4c  Code  Lc  usbd_ctlreq.o [1]
USBD_GetString           0x800'72bb    0x4e  Code  Gb  usbd_ctlreq.o [1]
USBD_Get_USB_Status      0x800'6a9d    0x2e  Code  Lc  usbd_conf.o [1]
USBD_Init                0x800'4d03    0x38  Code  Gb  usbd_core.o [1]
USBD_Interface_fops_FS  0x2000'0174    0x10  Data  Gb  usbd_cdc_if.o [1]
USBD_LL_ClearStallEP     0x800'697d    0x2a  Code  Gb  usbd_conf.o [1]
USBD_LL_CloseEP          0x800'6929    0x2a  Code  Gb  usbd_conf.o [1]
USBD_LL_DataInStage      0x800'4ebf   0x10c  Code  Gb  usbd_core.o [1]
USBD_LL_DataOutStage     0x800'4e11    0xae  Code  Gb  usbd_core.o [1]
USBD_LL_GetRxDataSize    0x800'6a6b    0x14  Code  Gb  usbd_conf.o [1]
USBD_LL_Init             0x800'6853    0x80  Code  Gb  usbd_conf.o [1]
USBD_LL_IsStallEP        0x800'69a7    0x2e  Code  Gb  usbd_conf.o [1]
USBD_LL_OpenEP           0x800'68f1    0x38  Code  Gb  usbd_conf.o [1]
USBD_LL_PrepareReceive   0x800'6a35    0x36  Code  Gb  usbd_conf.o [1]
USBD_LL_Reset            0x800'4fcb    0x60  Code  Gb  usbd_core.o [1]
USBD_LL_Resume           0x800'5047    0x16  Code  Gb  usbd_core.o [1]
USBD_LL_SOF              0x800'505d    0x24  Code  Gb  usbd_core.o [1]
USBD_LL_SetSpeed         0x800'502b     0x8  Code  Gb  usbd_core.o [1]
USBD_LL_SetUSBAddress    0x800'69d5    0x2a  Code  Gb  usbd_conf.o [1]
USBD_LL_SetupStage       0x800'4da9    0x68  Code  Gb  usbd_core.o [1]
USBD_LL_StallEP          0x800'6953    0x2a  Code  Gb  usbd_conf.o [1]
USBD_LL_Start            0x800'68d3    0x1e  Code  Gb  usbd_conf.o [1]
USBD_LL_Suspend          0x800'5033    0x14  Code  Gb  usbd_core.o [1]
USBD_LL_Transmit         0x800'69ff    0x36  Code  Gb  usbd_conf.o [1]
USBD_LangIDDesc         0x2000'01b4     0x4  Data  Gb  usbd_desc.o [1]
USBD_ParseSetupRequest   0x800'727b    0x28  Code  Gb  usbd_ctlreq.o [1]
USBD_RegisterClass       0x800'4d3b    0x16  Code  Gb  usbd_core.o [1]
USBD_RunTestMode         0x800'4d5f     0x6  Code  Gb  usbd_core.o [1]
USBD_SetAddress          0x800'705f    0x68  Code  Lc  usbd_ctlreq.o [1]
USBD_SetClassConfig      0x800'4d65    0x2c  Code  Gb  usbd_core.o [1]
USBD_SetConfig           0x800'70c7    0xce  Code  Lc  usbd_ctlreq.o [1]
USBD_SetConfig::cfgidx  0x2000'3211     0x1  Data  Lc  usbd_ctlreq.o [1]
USBD_SetFeature          0x800'7233    0x1a  Code  Lc  usbd_ctlreq.o [1]
USBD_Start               0x800'4d51     0xe  Code  Gb  usbd_core.o [1]
USBD_StdDevReq           0x800'6acd    0xa6  Code  Gb  usbd_ctlreq.o [1]
USBD_StdEPReq            0x800'6be1   0x27c  Code  Gb  usbd_ctlreq.o [1]
USBD_StdItfReq           0x800'6b73    0x6e  Code  Gb  usbd_ctlreq.o [1]
USBD_StrDesc            0x2000'2bac   0x200  Data  Gb  usbd_desc.o [1]
USBD_StringSerial       0x2000'01b8    0x1c  Data  Gb  usbd_desc.o [1]
USBD_static_free         0x800'6a99     0x2  Code  Gb  usbd_conf.o [1]
USBD_static_malloc       0x800'6a7f     0x6  Code  Gb  usbd_conf.o [1]
USBD_static_malloc::mem
                        0x2000'278c   0x220  Data  Lc  usbd_conf.o [1]
USB_ActivateEndpoint     0x800'84ab   0x362  Code  Gb  stm32f1xx_ll_usb.o [1]
USB_CoreInit             0x800'8447     0xa  Code  Gb  stm32f1xx_ll_usb.o [1]
USB_DeactivateEndpoint   0x800'880d   0x1ba  Code  Gb  stm32f1xx_ll_usb.o [1]
USB_DevConnect           0x800'8e41     0x6  Code  Gb  stm32f1xx_ll_usb.o [1]
USB_DevDisconnect        0x800'8e47     0x6  Code  Gb  stm32f1xx_ll_usb.o [1]
USB_DevInit              0x800'847f    0x2c  Code  Gb  stm32f1xx_ll_usb.o [1]
USB_DisableGlobalInt     0x800'8465    0x14  Code  Gb  stm32f1xx_ll_usb.o [1]
USB_EP0_OutStart         0x800'8e55     0x6  Code  Gb  stm32f1xx_ll_usb.o [1]
USB_EPClearStall         0x800'8d87    0xa6  Code  Gb  stm32f1xx_ll_usb.o [1]
USB_EPSetStall           0x800'8d3d    0x4a  Code  Gb  stm32f1xx_ll_usb.o [1]
USB_EPStartXfer          0x800'89c7   0x376  Code  Gb  stm32f1xx_ll_usb.o [1]
USB_EnableGlobalInt      0x800'8451    0x14  Code  Gb  stm32f1xx_ll_usb.o [1]
USB_LP_CAN1_RX0_IRQHandler
                         0x800'93f1     0xa  Code  Gb  stm32f1xx_it.o [1]
USB_ReadInterrupts       0x800'8e4d     0x8  Code  Gb  stm32f1xx_ll_usb.o [1]
USB_ReadPMA              0x800'8eb3    0x5e  Code  Gb  stm32f1xx_ll_usb.o [1]
USB_SetCurrentMode       0x800'8479     0x6  Code  Gb  stm32f1xx_ll_usb.o [1]
USB_SetDevAddress        0x800'8e2d    0x14  Code  Gb  stm32f1xx_ll_usb.o [1]
USB_WritePMA             0x800'8e5b    0x58  Code  Gb  stm32f1xx_ll_usb.o [1]
UsageFault_Handler       0x800'93ed     0x2  Code  Gb  stm32f1xx_it.o [1]
UserRxBufferFS          0x2000'3060    0x40  Data  Gb  usbd_cdc_if.o [1]
UserTxBufferFS          0x2000'30a0    0x40  Data  Gb  usbd_cdc_if.o [1]
_Encoding_8859_1_Mbrlen
                         0x800'1c75     0x2  Code  Gb  xencoding_8859_1.o [2]
_Encoding_8859_1_Wctomb
                         0x800'1c63    0x12  Code  Gb  xencoding_8859_1.o [2]
_GenldFull               0x800'6091   0x274  Code  Lc  xprintffull.o [2]
_LdtobFull               0x800'5c8d   0x3d6  Code  Lc  xprintffull.o [2]
_LitobFull               0x800'5b3d   0x10a  Code  Lc  xprintffull.o [2]
_Locale_lconv           0x2000'01d4    0x38  Data  Lc  xlocale_c.o [2]
_PrintfFull              0x800'5471   0x1aa  Code  Gb  xprintffull.o [2]
_PutcharsFull            0x800'6305    0x2e  Code  Lc  xprintffull.o [2]
_PutfldFull              0x800'56ad   0x2d4  Code  Lc  xprintffull.o [2]
_PutstrFull              0x800'5a77    0xc6  Code  Lc  xprintffull.o [2]
_PuttxtFull              0x800'5981    0xf6  Code  Lc  xprintffull.o [2]
_SProut                  0x800'3973     0xa  Code  Gb  xsprout.o [2]
__NVIC_EnableIRQ         0x800'3643    0x20  Code  Lc  stm32f1xx_hal_cortex.o [1]
__NVIC_GetPriorityGrouping
                         0x800'3637     0xc  Code  Lc  stm32f1xx_hal_cortex.o [1]
__NVIC_SetPriority       0x800'3663    0x2c  Code  Lc  stm32f1xx_hal_cortex.o [1]
__NVIC_SetPriorityGrouping
                         0x800'3615    0x22  Code  Lc  stm32f1xx_hal_cortex.o [1]
__aeabi_cdcmple          0x800'42b9          Code  Gb  DblCmpLe.o [3]
__aeabi_cdrcmple         0x800'77ed          Code  Gb  DblCmpGe.o [3]
__aeabi_cfcmple          0x800'3d05          Code  Gb  FltCmpLe.o [3]
__aeabi_d2f              0x800'3c9d          Code  Gb  DblToFlt.o [3]
__aeabi_d2iz             0x800'7959          Code  Gb  DblToS32.o [3]
__aeabi_d2uiz            0x800'7995          Code  Gb  DblToU32.o [3]
__aeabi_dadd             0x800'3b21          Code  Gb  DblAdd.o [3]
__aeabi_ddiv             0x800'3e65          Code  Gb  DblDiv.o [3]
__aeabi_dmul             0x800'397d          Code  Gb  DblMul.o [3]
__aeabi_dsub             0x800'3891          Code  Gb  DblSub.o [3]
__aeabi_f2d              0x800'3849          Code  Gb  FltToDbl.o [3]
__aeabi_f2iz             0x800'428d          Code  Gb  FltToS32.o [3]
__aeabi_fadd             0x800'3d81          Code  Gb  FltAdd.o [3]
__aeabi_fdiv             0x800'40c9          Code  Gb  FltDiv.o [3]
__aeabi_fmul             0x800'3771          Code  Gb  FltMul.o [3]
__aeabi_fsub             0x800'420d          Code  Gb  FltSub.o [3]
__aeabi_i2d              0x800'41c5          Code  Gb  S32ToDbl.o [3]
__aeabi_i2f              0x800'41e9          Code  Gb  S32ToFlt.o [3]
__aeabi_ldiv0            0x800'8445          Code  Gb  I64DivZer.o [4]
__aeabi_memclr4          0x800'1c5d          Code  Gb  ABImemclr4.o [4]
__aeabi_memcpy           0x800'1ae1          Code  Gb  ABImemcpy.o [4]
__aeabi_memcpy4          0x800'1b01          Code  Gb  ABImemcpy.o [4]
__aeabi_memcpy8          0x800'1b01          Code  Gb  ABImemcpy.o [4]
__aeabi_memset           0x800'63b9          Code  Gb  ABImemset.o [4]
__aeabi_ui2d             0x800'79bd          Code  Gb  U32ToDbl.o [3]
__aeabi_ui2f             0x800'40ad          Code  Gb  U32ToFlt.o [3]
__aeabi_uldivmod         0x800'754d          Code  Gb  I64DivMod.o [4]
__cmain                  0x800'9461          Code  Gb  cmain.o [4]
__exit                   0x800'8f11    0x14  Code  Gb  exit.o [5]
__iar_Fail_s             0x800'7471    0x1c  Code  Gb  xfail_s.o [2]
__iar_Mbcurmax           0x800'7541     0xa  Code  Gb  xmbcurmax.o [2]
__iar_Memchr             0x800'74e9          Code  Gb  memchr.o [4]
__iar_Memset             0x800'63b9          Code  Gb  ABImemset.o [4]
__iar_Memset4_word       0x800'4cd1          Code  Gb  ABImemset48.o [4]
__iar_Memset8_word       0x800'4cd1          Code  Gb  ABImemset48.o [4]
__iar_Memset_word        0x800'63c1          Code  Gb  ABImemset.o [4]
__iar_Strchr             0x800'7459          Code  Gb  strchr.o [4]
__iar_dadd               0x800'38a1          Code  Gb  DblSub.o [3]
__iar_data_init3         0x800'9419    0x28  Code  Gb  data_init.o [4]
__iar_dsub               0x800'3b31          Code  Gb  DblAdd.o [3]
__iar_dsubStart          0x800'3b43          Code  Gb  DblAdd.o [3]
__iar_fadd               0x800'4219          Code  Gb  FltSub.o [3]
__iar_frexp              0x800'7789          Code  Gb  frexp.o [3]
__iar_frexp64            0x800'777d          Code  Gb  frexp.o [3]
__iar_frexpl             0x800'7789          Code  Gb  frexp.o [3]
__iar_fsub               0x800'3d8d          Code  Gb  FltAdd.o [3]
__iar_fsubStart          0x800'3d9d          Code  Gb  FltAdd.o [3]
__iar_globLocale        0x2000'020c    0x48  Data  Lc  xlocale_c.o [2]
__iar_global_Locale      0x800'73e1     0x4  Code  Gb  xlocale_c.o [2]
__iar_ldexp64            0x800'781d          Code  Gb  ldexp.o [3]
__iar_lz77_init_single3
                         0x800'1a67    0x7a  Code  Gb  lz77_init_single.o [4]
__iar_program_start      0x800'95f1          Code  Gb  cstartup_M.o [4]
__iar_scalbln64          0x800'781d          Code  Gb  ldexp.o [3]
__iar_scalbn64           0x800'781d          Code  Gb  ldexp.o [3]
__iar_zero_init3         0x800'1b87    0x3a  Code  Gb  zero_init3.o [4]
__low_level_init         0x800'947f     0x4  Code  Gb  low_level_init.o [2]
__vector_table           0x800'0000          Data  Gb  startup_stm32f103xb.o [1]
_call_main               0x800'946d          Code  Gb  cmain.o [4]
_exit                    0x800'9489          Code  Gb  cexit.o [4]
_gLocale_mblen           0x800'7445     0x4  Code  Gb  xlocale_c.o [2]
_gLocale_mblenInt        0x800'7409    0x2c  Code  Gb  xlocale_c.o [2]
_gLocale_wctomb          0x800'7449     0x4  Code  Gb  xlocale_c.o [2]
_gLocale_wctombInt       0x800'7441     0x4  Code  Gb  xlocale_c.o [2]
_main                    0x800'947b          Code  Gb  cmain.o [4]
abort                    0x800'843f     0x6  Code  Gb  abort.o [2]
absForceMotor           0x2000'320c     0x2  Data  Lc  main.o [1]
antiWindup              0x2000'31b4     0x4  Data  Lc  main.o [1]
assert_failed            0x800'1043     0x2  Code  Gb  main.o [1]
commTaskHandle          0x2000'3174     0x4  Data  Gb  main.o [1]
controlTaskCycle_ms     0x2000'0254     0x2  Data  Lc  main.o [1]
ctrlD                   0x2000'31b8     0x4  Data  Lc  main.o [1]
ctrlI                   0x2000'0050     0x4  Data  Lc  main.o [1]
ctrlP                   0x2000'004c     0x4  Data  Lc  main.o [1]
defaultTaskHandle       0x2000'316c     0x4  Data  Gb  main.o [1]
driveEna                0x2000'320e     0x1  Data  Gb  main.o [1]
exit                     0x800'9483     0x4  Code  Gb  exit.o [2]
feedForward             0x2000'0054     0x4  Data  Lc  main.o [1]
filter2                  0x800'0653    0x50  Code  Gb  main.o [1]
forceMotor              0x2000'3208     0x2  Data  Lc  main.o [1]
forceMotorBeforeSaturation
                        0x2000'320a     0x2  Data  Lc  main.o [1]
forceSaturation         0x2000'0256     0x2  Data  Lc  main.o [1]
frexp                    0x800'777d          Code  Gb  frexp.o [3]
frexpl                   0x800'777d          Code  Gb  frexp.o [3]
hUsbDeviceFS            0x2000'225c   0x2c4  Data  Gb  usb_device.o [1]
hi2c1                   0x2000'2e8c    0x54  Data  Gb  main.o [1]
hpcd_USB_FS             0x2000'2520   0x26c  Data  Gb  usbd_conf.o [1]
htim1                   0x2000'2ee0    0x40  Data  Gb  main.o [1]
htim2                   0x2000'2f20    0x40  Data  Gb  main.o [1]
htim3                   0x2000'2f60    0x40  Data  Gb  main.o [1]
htim4                   0x2000'3020    0x40  Data  Gb  stm32f1xx_hal_timebase_tim.o [1]
huart2                  0x2000'2fa0    0x40  Data  Gb  main.o [1]
ldexp                    0x800'781d          Code  Gb  ldexp.o [3]
ldexpl                   0x800'781d          Code  Gb  ldexp.o [3]
localeconv               0x800'744d     0x4  Code  Gb  xlocale_c.o [2]
main                     0x800'00ed    0xfe  Code  Gb  main.o [1]
makeFreeRtosPriority     0x800'1bc1    0x16  Code  Lc  cmsis_os.o [1]
memchr                   0x800'74e9          Code  Gb  memchr.o [4]
motCntr                 0x2000'3190     0x4  Data  Lc  main.o [1]
motCntrPrev             0x2000'3194     0x4  Data  Lc  main.o [1]
motSpeed                0x2000'319c     0x4  Data  Lc  main.o [1]
motSpeedFiltered        0x2000'31a0     0x4  Data  Lc  main.o [1]
motSpeedRaw             0x2000'3198     0x4  Data  Lc  main.o [1]
motorCtrlTaskHandle     0x2000'3170     0x4  Data  Gb  main.o [1]
osDelay                  0x800'1c41    0x1c  Code  Gb  cmsis_os.o [1]
osKernelStart            0x800'1bd7     0xa  Code  Gb  cmsis_os.o [1]
osThreadCreate           0x800'1be1    0x60  Code  Gb  cmsis_os.o [1]
prvAddCurrentTaskToDelayedList
                         0x800'4c19    0x82  Code  Lc  tasks.o [1]
prvAddNewTaskToReadyList
                         0x800'46b5    0x9a  Code  Lc  tasks.o [1]
prvCheckTasksWaitingTermination
                         0x800'4b31    0x3e  Code  Lc  tasks.o [1]
prvDeleteTCB             0x800'4b75    0x44  Code  Lc  tasks.o [1]
prvIdleTask              0x800'4ab5    0x24  Code  Lc  tasks.o [1]
prvInitialiseNewTask     0x800'45ef    0xc6  Code  Lc  tasks.o [1]
prvInitialiseTaskLists   0x800'4ad9    0x52  Code  Lc  tasks.o [1]
prvResetNextTaskUnblockTime
                         0x800'4bb9    0x2a  Code  Lc  tasks.o [1]
prvTaskExitError         0x800'65c9    0x2a  Code  Lc  port.o [1]
pvPortMalloc             0x800'6491    0x58  Code  Gb  heap_1.o [1]
pvPortMalloc::pucAlignedHeap
                        0x2000'3168     0x4  Data  Lc  heap_1.o [1]
pwm1                    0x2000'3204     0x2  Data  Lc  main.o [1]
pwm2                    0x2000'3206     0x2  Data  Lc  main.o [1]
pxCurrentTCB            0x2000'31c4     0x4  Data  Gb  tasks.o [1]
pxDelayedTaskList       0x2000'31c8     0x4  Data  Lc  tasks.o [1]
pxOverflowDelayedTaskList
                        0x2000'31cc     0x4  Data  Lc  tasks.o [1]
pxPortInitialiseStack    0x800'65a9    0x20  Code  Gb  port.o [1]
pxReadyTasksLists       0x2000'2dac    0x8c  Data  Lc  tasks.o [1]
raw2mps                 0x2000'0048     0x4  Data  Lc  main.o [1]
receiveState            0x2000'320f     0x1  Data  Gb  main.o [1]
referenceAngle          0x2000'0004     0x4  Data  Lc  main.o [1]
referenceDistance       0x2000'0008     0x4  Data  Lc  main.o [1]
referenceSpeed          0x2000'318c     0x4  Data  Lc  main.o [1]
referenceSpeedRaw       0x2000'0000     0x4  Data  Lc  main.o [1]
rxBuf                   0x2000'2fe0    0x40  Data  Gb  main.o [1]
saturateFloat            0x800'06cd    0x26  Code  Gb  main.o [1]
saturateInteger          0x800'06a3    0x2a  Code  Gb  main.o [1]
scalbln                  0x800'781d          Code  Gb  ldexp.o [3]
scalblnl                 0x800'781d          Code  Gb  ldexp.o [3]
scalbn                   0x800'781d          Code  Gb  ldexp.o [3]
scalbnl                  0x800'781d          Code  Gb  ldexp.o [3]
scale                    0x800'5c47    0x46  Code  Lc  xprintffull.o [2]
sec_hand                0x2000'3200     0x4  Data  Lc  xfail_s.o [2]
sensorTaskHandle        0x2000'317c     0x4  Data  Gb  main.o [1]
servoTaskHandle         0x2000'3178     0x4  Data  Gb  main.o [1]
speedDerivatedError     0x2000'31b0     0x4  Data  Lc  main.o [1]
speedError              0x2000'31a4     0x4  Data  Lc  main.o [1]
speedErrorPrev          0x2000'31a8     0x4  Data  Lc  main.o [1]
speedIntError           0x2000'31ac     0x4  Data  Lc  main.o [1]
sprintf                  0x800'42e9    0x40  Code  Gb  sprintf.o [2]
strchr                   0x800'7459          Code  Gb  strchr.o [4]
strlen                   0x800'74b1          Code  Gb  strlen.o [4]
strncpy                  0x800'6421          Code  Gb  strncpy.o [4]
timeOutGuard            0x2000'3184     0x4  Data  Lc  main.o [1]
timeOutGuardMax         0x2000'3188     0x4  Data  Lc  main.o [1]
timeStamp               0x2000'3180     0x4  Data  Lc  main.o [1]
txBuf                   0x2000'30e0    0x20  Data  Gb  main.o [1]
ucHeap                  0x2000'025c  0x2000  Data  Lc  heap_1.o [1]
ucMaxSysCallPriority    0x2000'3210     0x1  Data  Lc  port.o [1]
ulMaxPRIGROUPValue      0x2000'31bc     0x4  Data  Lc  port.o [1]
uwTick                  0x2000'31c0     0x4  Data  Gb  stm32f1xx_hal.o [1]
uwTickFreq              0x2000'0258     0x1  Data  Gb  stm32f1xx_hal.o [1]
uwTickPrio              0x2000'005c     0x4  Data  Gb  stm32f1xx_hal.o [1]
uxCriticalNesting       0x2000'0058     0x4  Data  Lc  port.o [1]
uxCurrentNumberOfTasks  0x2000'31d4     0x4  Data  Lc  tasks.o [1]
uxDeletedTasksWaitingCleanUp
                        0x2000'31d0     0x4  Data  Lc  tasks.o [1]
uxListRemove             0x800'657f    0x28  Code  Gb  list.o [1]
uxPendedTicks           0x2000'31e4     0x4  Data  Lc  tasks.o [1]
uxSchedulerSuspended    0x2000'31fc     0x4  Data  Lc  tasks.o [1]
uxTaskNumber            0x2000'31f0     0x4  Data  Lc  tasks.o [1]
uxTopReadyPriority      0x2000'31dc     0x4  Data  Lc  tasks.o [1]
vApplicationGetIdleTaskMemory
                         0x800'6755    0x18  Code  Gb  freertos.o [1]
vListInitialise          0x800'650d    0x1e  Code  Gb  list.o [1]
vListInitialiseItem      0x800'652b     0x6  Code  Gb  list.o [1]
vListInsert              0x800'6549    0x36  Code  Gb  list.o [1]
vListInsertEnd           0x800'6531    0x18  Code  Gb  list.o [1]
vPortEnterCritical       0x800'6681    0x34  Code  Gb  port.o [1]
vPortExitCritical        0x800'66b5    0x2c  Code  Gb  port.o [1]
vPortFree                0x800'64e9    0x16  Code  Gb  heap_1.o [1]
vPortStartFirstTask      0x800'7a3f          Code  Gb  portasm.o [1]
vTaskDelay               0x800'474f    0x4e  Code  Gb  tasks.o [1]
vTaskStartScheduler      0x800'479d    0x90  Code  Gb  tasks.o [1]
vTaskSuspendAll          0x800'482d     0xc  Code  Gb  tasks.o [1]
vTaskSwitchContext       0x800'4a2d    0x6e  Code  Gb  tasks.o [1]
xDelayedTaskList1       0x2000'3100    0x14  Data  Lc  tasks.o [1]
xDelayedTaskList2       0x2000'3114    0x14  Data  Lc  tasks.o [1]
xIdleStack              0x2000'29ac   0x200  Data  Lc  freertos.o [1]
xIdleTaskHandle         0x2000'31f8     0x4  Data  Lc  tasks.o [1]
xIdleTaskTCBBuffer      0x2000'2e38    0x54  Data  Lc  freertos.o [1]
xNextFreeByte           0x2000'3164     0x4  Data  Lc  heap_1.o [1]
xNextTaskUnblockTime    0x2000'31f4     0x4  Data  Lc  tasks.o [1]
xNumOfOverflows         0x2000'31ec     0x4  Data  Lc  tasks.o [1]
xPendingReadyList       0x2000'3128    0x14  Data  Lc  tasks.o [1]
xPortStartScheduler      0x800'65f3    0x8e  Code  Gb  port.o [1]
xSchedulerRunning       0x2000'31e0     0x4  Data  Lc  tasks.o [1]
xSuspendedTaskList      0x2000'3150    0x14  Data  Lc  tasks.o [1]
xTaskCreate              0x800'4575    0x7a  Code  Gb  tasks.o [1]
xTaskCreateStatic        0x800'44d9    0x9c  Code  Gb  tasks.o [1]
xTaskIncrementTick       0x800'4921   0x10c  Code  Gb  tasks.o [1]
xTaskResumeAll           0x800'4839    0xe8  Code  Gb  tasks.o [1]
xTasksWaitingTermination
                        0x2000'313c    0x14  Data  Lc  tasks.o [1]
xTickCount              0x2000'31d8     0x4  Data  Lc  tasks.o [1]
xYieldPending           0x2000'31e8     0x4  Data  Lc  tasks.o [1]


[1] = C:\GIT\4WD-ROS-Rover\STM32F103\EWARM\4WD Rover\Obj
[2] = dl7M_tlf.a
[3] = m7M_tl.a
[4] = rt7M_tl.a
[5] = shb_l.a

  37 410 bytes of readonly  code memory
   1 508 bytes of readonly  data memory
  14 351 bytes of readwrite data memory

Errors: none
Warnings: none
