###############################################################################
#
# IAR ELF Linker V8.32.3.193/W32 for ARM                  16/Apr/2020  15:15:35
# Copyright 2007-2019 IAR Systems AB.
#
#    Output file  =  
#        C:\GIT\4WD-ROS-Rover\STM32F103\EWARM\4WD Rover\Exe\4WD Rover.out
#    Map file     =  
#        C:\GIT\4WD-ROS-Rover\STM32F103\EWARM\4WD Rover\List\4WD Rover.map
#    Command line =  
#        -f C:\Users\david\AppData\Local\Temp\EWBC85.tmp
#        ("C:\GIT\4WD-ROS-Rover\STM32F103\EWARM\4WD Rover\Obj\cmsis_os.o"
#        "C:\GIT\4WD-ROS-Rover\STM32F103\EWARM\4WD Rover\Obj\croutine.o"
#        "C:\GIT\4WD-ROS-Rover\STM32F103\EWARM\4WD Rover\Obj\event_groups.o"
#        "C:\GIT\4WD-ROS-Rover\STM32F103\EWARM\4WD Rover\Obj\freertos.o"
#        "C:\GIT\4WD-ROS-Rover\STM32F103\EWARM\4WD Rover\Obj\functions.o"
#        "C:\GIT\4WD-ROS-Rover\STM32F103\EWARM\4WD Rover\Obj\heap_1.o"
#        "C:\GIT\4WD-ROS-Rover\STM32F103\EWARM\4WD Rover\Obj\list.o"
#        "C:\GIT\4WD-ROS-Rover\STM32F103\EWARM\4WD Rover\Obj\main.o"
#        "C:\GIT\4WD-ROS-Rover\STM32F103\EWARM\4WD Rover\Obj\pid.o"
#        "C:\GIT\4WD-ROS-Rover\STM32F103\EWARM\4WD Rover\Obj\port.o"
#        "C:\GIT\4WD-ROS-Rover\STM32F103\EWARM\4WD Rover\Obj\portasm.o"
#        "C:\GIT\4WD-ROS-Rover\STM32F103\EWARM\4WD Rover\Obj\queue.o"
#        "C:\GIT\4WD-ROS-Rover\STM32F103\EWARM\4WD
#        Rover\Obj\startup_stm32f103xb.o"
#        "C:\GIT\4WD-ROS-Rover\STM32F103\EWARM\4WD Rover\Obj\stm32f1xx_hal.o"
#        "C:\GIT\4WD-ROS-Rover\STM32F103\EWARM\4WD
#        Rover\Obj\stm32f1xx_hal_cortex.o"
#        "C:\GIT\4WD-ROS-Rover\STM32F103\EWARM\4WD
#        Rover\Obj\stm32f1xx_hal_dma.o"
#        "C:\GIT\4WD-ROS-Rover\STM32F103\EWARM\4WD
#        Rover\Obj\stm32f1xx_hal_exti.o"
#        "C:\GIT\4WD-ROS-Rover\STM32F103\EWARM\4WD
#        Rover\Obj\stm32f1xx_hal_flash.o"
#        "C:\GIT\4WD-ROS-Rover\STM32F103\EWARM\4WD
#        Rover\Obj\stm32f1xx_hal_flash_ex.o"
#        "C:\GIT\4WD-ROS-Rover\STM32F103\EWARM\4WD
#        Rover\Obj\stm32f1xx_hal_gpio.o"
#        "C:\GIT\4WD-ROS-Rover\STM32F103\EWARM\4WD
#        Rover\Obj\stm32f1xx_hal_gpio_ex.o"
#        "C:\GIT\4WD-ROS-Rover\STM32F103\EWARM\4WD
#        Rover\Obj\stm32f1xx_hal_i2c.o"
#        "C:\GIT\4WD-ROS-Rover\STM32F103\EWARM\4WD
#        Rover\Obj\stm32f1xx_hal_msp.o"
#        "C:\GIT\4WD-ROS-Rover\STM32F103\EWARM\4WD
#        Rover\Obj\stm32f1xx_hal_pcd.o"
#        "C:\GIT\4WD-ROS-Rover\STM32F103\EWARM\4WD
#        Rover\Obj\stm32f1xx_hal_pcd_ex.o"
#        "C:\GIT\4WD-ROS-Rover\STM32F103\EWARM\4WD
#        Rover\Obj\stm32f1xx_hal_pwr.o"
#        "C:\GIT\4WD-ROS-Rover\STM32F103\EWARM\4WD
#        Rover\Obj\stm32f1xx_hal_rcc.o"
#        "C:\GIT\4WD-ROS-Rover\STM32F103\EWARM\4WD
#        Rover\Obj\stm32f1xx_hal_rcc_ex.o"
#        "C:\GIT\4WD-ROS-Rover\STM32F103\EWARM\4WD
#        Rover\Obj\stm32f1xx_hal_tim.o"
#        "C:\GIT\4WD-ROS-Rover\STM32F103\EWARM\4WD
#        Rover\Obj\stm32f1xx_hal_tim_ex.o"
#        "C:\GIT\4WD-ROS-Rover\STM32F103\EWARM\4WD
#        Rover\Obj\stm32f1xx_hal_timebase_tim.o"
#        "C:\GIT\4WD-ROS-Rover\STM32F103\EWARM\4WD
#        Rover\Obj\stm32f1xx_hal_uart.o"
#        "C:\GIT\4WD-ROS-Rover\STM32F103\EWARM\4WD Rover\Obj\stm32f1xx_it.o"
#        "C:\GIT\4WD-ROS-Rover\STM32F103\EWARM\4WD
#        Rover\Obj\stm32f1xx_ll_usb.o"
#        "C:\GIT\4WD-ROS-Rover\STM32F103\EWARM\4WD Rover\Obj\stream_buffer.o"
#        "C:\GIT\4WD-ROS-Rover\STM32F103\EWARM\4WD
#        Rover\Obj\system_stm32f1xx.o"
#        "C:\GIT\4WD-ROS-Rover\STM32F103\EWARM\4WD Rover\Obj\tasks.o"
#        "C:\GIT\4WD-ROS-Rover\STM32F103\EWARM\4WD Rover\Obj\timers.o"
#        "C:\GIT\4WD-ROS-Rover\STM32F103\EWARM\4WD Rover\Obj\usb_device.o"
#        "C:\GIT\4WD-ROS-Rover\STM32F103\EWARM\4WD Rover\Obj\usbd_cdc.o"
#        "C:\GIT\4WD-ROS-Rover\STM32F103\EWARM\4WD Rover\Obj\usbd_cdc_if.o"
#        "C:\GIT\4WD-ROS-Rover\STM32F103\EWARM\4WD Rover\Obj\usbd_conf.o"
#        "C:\GIT\4WD-ROS-Rover\STM32F103\EWARM\4WD Rover\Obj\usbd_core.o"
#        "C:\GIT\4WD-ROS-Rover\STM32F103\EWARM\4WD Rover\Obj\usbd_ctlreq.o"
#        "C:\GIT\4WD-ROS-Rover\STM32F103\EWARM\4WD Rover\Obj\usbd_desc.o"
#        "C:\GIT\4WD-ROS-Rover\STM32F103\EWARM\4WD Rover\Obj\usbd_ioreq.o"
#        --redirect _Printf=_PrintfFull --redirect _Scanf=_ScanfFull
#        --no_out_extension -o "C:\GIT\4WD-ROS-Rover\STM32F103\EWARM\4WD
#        Rover\Exe\4WD Rover.out" --map
#        "C:\GIT\4WD-ROS-Rover\STM32F103\EWARM\4WD Rover\List\4WD Rover.map"
#        --config C:\GIT\4WD-ROS-Rover\STM32F103\EWARM/stm32f103xb_flash.icf
#        --semihosting --entry __iar_program_start --vfe --text_out locale)
#
###############################################################################

*******************************************************************************
*** RUNTIME MODEL ATTRIBUTES
***

CppFlavor       = *
__SystemLibrary = DLib
__dlib_version  = 6


*******************************************************************************
*** HEAP SELECTION
***

The basic heap was selected because no calls to memory allocation
functions were found in the application outside of system library
functions, and there are calls to deallocation functions in the
application.


*******************************************************************************
*** PLACEMENT SUMMARY
***

"A0":  place at 0x800'0000 { ro section .intvec };
"P1":  place in [from 0x800'0000 to 0x801'ffff] { ro };
define block CSTACK with size = 1536, alignment = 8 { };
define block HEAP with size = 4K, alignment = 8 { };
"P2":  place in [from 0x2000'0000 to 0x2000'4fff] {
          rw, block CSTACK, block HEAP };
initialize by copy { rw };

  Section            Kind         Address    Size  Object
  -------            ----         -------    ----  ------
"A0":                                        0xec
  .intvec            ro code   0x800'0000    0xec  startup_stm32f103xb.o [1]
                             - 0x800'00ec    0xec

"P1":                                      0x9aff
  .text              ro code   0x800'00ec  0x11dc  main.o [1]
  .text              ro code   0x800'12c8    0x24  stm32f1xx_hal.o [1]
  .text              ro code   0x800'12ec   0x9fe  stm32f1xx_hal_tim.o [1]
  .text              ro code   0x800'1cea    0x7a  lz77_init_single.o [4]
  .text              ro code   0x800'1d64    0xa6  ABImemcpy.o [4]
  .text              ro code   0x800'1e0a    0x3a  zero_init3.o [4]
  .text              ro code   0x800'1e44    0x9c  cmsis_os.o [1]
  .text              ro code   0x800'1ee0     0x6  ABImemclr4.o [4]
  .text              ro code   0x800'1ee6    0x1e  xencoding_8859_1.o [2]
  .text              ro code   0x800'1f04   0x920  stm32f1xx_hal_rcc.o [1]
  .text              ro code   0x800'2824   0x1a8  stm32f1xx_hal_rcc_ex.o [1]
  .text              ro code   0x800'29cc   0x2c8  stm32f1xx_hal_i2c.o [1]
  .text              ro code   0x800'2c94   0x1fc  stm32f1xx_hal_tim_ex.o [1]
  .text              ro code   0x800'2e90   0x27c  stm32f1xx_hal_msp.o [1]
  .text              ro code   0x800'310c   0x2f0  stm32f1xx_hal_uart.o [1]
  .text              ro code   0x800'33fc   0x49c  stm32f1xx_hal_gpio.o [1]
  .text              ro code   0x800'3898   0x15c  stm32f1xx_hal_cortex.o [1]
  .text              ro code   0x800'39f4    0xd8  FltMul.o [3]
  .text              ro code   0x800'3acc    0x48  FltToDbl.o [3]
  .text              ro code   0x800'3b14    0xe2  DblSub.o [3]
  .text              ro code   0x800'3bf6     0xa  xsprout.o [2]
  .text              ro code   0x800'3c00   0x1a2  DblMul.o [3]
  .rodata            const     0x800'3da2     0x2  stm32f1xx_hal_rcc.o [1]
  .text              ro code   0x800'3da4   0x17a  DblAdd.o [3]
  .text              ro code   0x800'3f20    0x68  DblToFlt.o [3]
  .text              ro code   0x800'3f88    0x24  FltCmpLe.o [3]
  .text              ro code   0x800'3fac    0x58  usb_device.o [1]
  .text              ro code   0x800'4004    0xb6  pid.o [1]
  .text              ro code   0x800'40bc    0x24  S32ToFlt.o [3]
  .text              ro code   0x800'40e0    0xe2  FltAdd.o [3]
  .text              ro code   0x800'41c4   0x246  DblDiv.o [3]
  .text              ro code   0x800'440c    0x1c  U32ToFlt.o [3]
  .text              ro code   0x800'4428    0xfc  FltDiv.o [3]
  .text              ro code   0x800'4524    0x2a  lroundf.o [3]
  .text              ro code   0x800'4550    0x2e  DblCmpGe.o [3]
  .text              ro code   0x800'4580    0x2a  FltToS32.o [3]
  .text              ro code   0x800'45ac    0x24  FltCmpGe.o [3]
  .text              ro code   0x800'45d0    0x40  sprintf.o [2]
  .text              ro code   0x800'4610    0xec  usbd_cdc_if.o [1]
  .text              ro code   0x800'46fc     0xc  stm32f1xx_hal.o [1]
  .text              ro code   0x800'4708    0x80  FltSub.o [3]
  .text              ro code   0x800'4788    0x1c  FltCmpEq.o [3]
  .text              ro code   0x800'47a4    0x18  stm32f1xx_hal.o [1]
  .text              ro code   0x800'47bc    0x94  stm32f1xx_hal_timebase_tim.o [1]
  .text              ro code   0x800'4850     0x2  stm32f1xx_hal_tim.o [1]
  .text              ro code   0x800'4852     0x2  stm32f1xx_hal_tim.o [1]
  .text              ro code   0x800'4854     0x2  stm32f1xx_hal_tim.o [1]
  .text              ro code   0x800'4856     0x2  stm32f1xx_hal_tim_ex.o [1]
  .text              ro code   0x800'4858     0x2  stm32f1xx_hal_tim.o [1]
  .text              ro code   0x800'485a     0x2  stm32f1xx_hal_tim_ex.o [1]
  .text              ro code   0x800'485c   0x7f8  tasks.o [1]
  .text              ro code   0x800'5054    0x32  ABImemset48.o [4]
  .text              ro code   0x800'5086   0x37e  usbd_core.o [1]
  .text              ro code   0x800'5404   0x3f0  usbd_cdc.o [1]
  .text              ro code   0x800'57f4    0x36  functions.o [1]
  .text              ro code   0x800'582c   0xf46  xprintffull.o [2]
  .text              ro code   0x800'6774    0x66  ABImemset.o [4]
  .text              ro code   0x800'67dc    0x70  strncpy.o [4]
  .text              ro code   0x800'684c    0x7c  heap_1.o [1]
  .text              ro code   0x800'68c8    0x9a  list.o [1]
  .text              ro code   0x800'6964   0x1ac  port.o [1]
  .text              ro code   0x800'6b10    0x18  freertos.o [1]
  .text              ro code   0x800'6b28   0x35e  usbd_conf.o [1]
  .text              ro code   0x800'6e88   0x850  usbd_ctlreq.o [1]
  .text              ro code   0x800'76d8    0xc4  usbd_ioreq.o [1]
  .text              ro code   0x800'779c    0x78  xlocale_c.o [2]
  .text              ro code   0x800'7814    0x16  strchr.o [4]
  .text              ro code   0x800'782c    0x40  xfail_s.o [2]
  .text              ro code   0x800'786c    0x36  strlen.o [4]
  .text              ro code   0x800'78a4    0x58  memchr.o [4]
  .text              ro code   0x800'78fc     0xa  xmbcurmax.o [2]
  .text              ro code   0x800'7908   0x230  I64DivMod.o [4]
  .text              ro code   0x800'7b38    0x70  frexp.o [3]
  .text              ro code   0x800'7ba8    0x2e  DblCmpLe.o [3]
  .text              ro code   0x800'7bd8   0x13a  ldexp.o [3]
  .text              ro code   0x800'7d14    0x3a  DblToS32.o [3]
  .text              ro code   0x800'7d50    0x22  S32ToDbl.o [3]
  .text              ro code   0x800'7d74    0x28  DblToU32.o [3]
  .text              ro code   0x800'7d9c    0x1a  U32ToDbl.o [3]
  CODE               ro code   0x800'7db8    0x88  portasm.o [1]
  .text              ro code   0x800'7e40   0x992  stm32f1xx_hal_pcd.o [1]
  .text              ro code   0x800'87d2    0x4c  stm32f1xx_hal_pcd_ex.o [1]
  .text              ro code   0x800'881e     0x6  abort.o [2]
  .text              ro code   0x800'8824     0x2  I64DivZer.o [4]
  .text              ro code   0x800'8826   0xaca  stm32f1xx_ll_usb.o [1]
  .text              ro code   0x800'92f0    0x14  exit.o [5]
  .text              ro code   0x800'9304   0x15e  usbd_desc.o [1]
  .rodata            const     0x800'9464    0x58  stm32f1xx_hal_cortex.o [1]
  .rodata            const     0x800'94bc    0x58  stm32f1xx_hal_gpio.o [1]
  .rodata            const     0x800'9514    0x58  stm32f1xx_hal_rcc_ex.o [1]
  .rodata            const     0x800'956c    0x58  stm32f1xx_hal_tim_ex.o [1]
  .rodata            const     0x800'95c4    0x58  stm32f1xx_hal_uart.o [1]
  .text              ro code   0x800'961c    0x58  system_stm32f1xx.o [1]
  .rodata            const     0x800'9674    0x54  stm32f1xx_hal_i2c.o [1]
  .rodata            const     0x800'96c8    0x54  stm32f1xx_hal_pcd.o [1]
  .rodata            const     0x800'971c    0x54  stm32f1xx_hal_rcc.o [1]
  .rodata            const     0x800'9770    0x54  stm32f1xx_hal_tim.o [1]
  .text              ro code   0x800'97c4    0x34  stm32f1xx_it.o [1]
  .text              ro code   0x800'97f8    0x28  data_init.o [4]
  .iar.init_table    const     0x800'9820    0x20  - Linker created -
  .text              ro code   0x800'9840    0x1e  cmain.o [4]
  .text              ro code   0x800'985e     0x4  low_level_init.o [2]
  .text              ro code   0x800'9862     0x4  exit.o [2]
  .text              ro code   0x800'9868     0xa  cexit.o [4]
  .rodata            const     0x800'9874    0x1c  main.o [1]
  .rodata            const     0x800'9890    0x1c  main.o [1]
  .rodata            const     0x800'98ac    0x1c  main.o [1]
  .rodata            const     0x800'98c8    0x1c  main.o [1]
  .rodata            const     0x800'98e4    0x1c  main.o [1]
  .rodata            const     0x800'9900    0x18  usbd_desc.o [1]
  .rodata            const     0x800'9918    0x14  usbd_desc.o [1]
  .rodata            const     0x800'992c    0x10  main.o [1]
  .rodata            const     0x800'993c    0x10  stm32f1xx_hal_rcc.o [1]
  .rodata            const     0x800'994c    0x10  system_stm32f1xx.o [1]
  .rodata            const     0x800'995c    0x10  usbd_desc.o [1]
  .text              ro code   0x800'996c    0x10  startup_stm32f103xb.o [1]
  .rodata            const     0x800'997c     0xc  main.o [1]
  .rodata            const     0x800'9988     0xc  main.o [1]
  .rodata            const     0x800'9994     0xc  main.o [1]
  .rodata            const     0x800'99a0     0xc  main.o [1]
  .rodata            const     0x800'99ac     0xc  main.o [1]
  .rodata            const     0x800'99b8     0xc  main.o [1]
  .rodata            const     0x800'99c4     0xc  usbd_desc.o [1]
  .text              ro code   0x800'99d0     0xc  cstartup_M.o [4]
  .rodata            const     0x800'99dc     0x8  main.o [1]
  .rodata            const     0x800'99e4     0x8  main.o [1]
  .rodata            const     0x800'99ec     0x8  main.o [1]
  .rodata            const     0x800'99f4     0x8  system_stm32f1xx.o [1]
  .rodata            const     0x800'99fc     0x8  tasks.o [1]
  .rodata            const     0x800'9a04     0x6  xlocale_c.o [2]
  .text              ro code   0x800'9a0a     0x4  startup_stm32f103xb.o [1]
  .text              ro code   0x800'9a0e     0x4  startup_stm32f103xb.o [1]
  .text              ro code   0x800'9a12     0x4  startup_stm32f103xb.o [1]
  .text              ro code   0x800'9a16     0x4  startup_stm32f103xb.o [1]
  .text              ro code   0x800'9a1a     0x4  startup_stm32f103xb.o [1]
  .text              ro code   0x800'9a1e     0x4  startup_stm32f103xb.o [1]
  .text              ro code   0x800'9a22     0x4  startup_stm32f103xb.o [1]
  .text              ro code   0x800'9a26     0x4  startup_stm32f103xb.o [1]
  .text              ro code   0x800'9a2a     0x4  startup_stm32f103xb.o [1]
  .text              ro code   0x800'9a2e     0x4  startup_stm32f103xb.o [1]
  .text              ro code   0x800'9a32     0x4  startup_stm32f103xb.o [1]
  .text              ro code   0x800'9a36     0x4  startup_stm32f103xb.o [1]
  .text              ro code   0x800'9a3a     0x4  startup_stm32f103xb.o [1]
  .text              ro code   0x800'9a3e     0x4  startup_stm32f103xb.o [1]
  .text              ro code   0x800'9a42     0x4  startup_stm32f103xb.o [1]
  .text              ro code   0x800'9a46     0x4  startup_stm32f103xb.o [1]
  .text              ro code   0x800'9a4a     0x4  startup_stm32f103xb.o [1]
  .text              ro code   0x800'9a4e     0x4  startup_stm32f103xb.o [1]
  .text              ro code   0x800'9a52     0x4  startup_stm32f103xb.o [1]
  .text              ro code   0x800'9a56     0x4  startup_stm32f103xb.o [1]
  .text              ro code   0x800'9a5a     0x4  startup_stm32f103xb.o [1]
  .text              ro code   0x800'9a5e     0x4  startup_stm32f103xb.o [1]
  .text              ro code   0x800'9a62     0x4  startup_stm32f103xb.o [1]
  .text              ro code   0x800'9a66     0x4  startup_stm32f103xb.o [1]
  .text              ro code   0x800'9a6a     0x4  startup_stm32f103xb.o [1]
  .text              ro code   0x800'9a6e     0x4  startup_stm32f103xb.o [1]
  .text              ro code   0x800'9a72     0x4  startup_stm32f103xb.o [1]
  .text              ro code   0x800'9a76     0x4  startup_stm32f103xb.o [1]
  .text              ro code   0x800'9a7a     0x4  startup_stm32f103xb.o [1]
  .text              ro code   0x800'9a7e     0x4  startup_stm32f103xb.o [1]
  .text              ro code   0x800'9a82     0x4  startup_stm32f103xb.o [1]
  .text              ro code   0x800'9a86     0x4  startup_stm32f103xb.o [1]
  .text              ro code   0x800'9a8a     0x4  startup_stm32f103xb.o [1]
  .text              ro code   0x800'9a8e     0x4  startup_stm32f103xb.o [1]
  .text              ro code   0x800'9a92     0x4  startup_stm32f103xb.o [1]
  .text              ro code   0x800'9a96     0x4  startup_stm32f103xb.o [1]
  .text              ro code   0x800'9a9a     0x4  startup_stm32f103xb.o [1]
  .text              ro code   0x800'9a9e     0x4  startup_stm32f103xb.o [1]
  .text              ro code   0x800'9aa2     0x4  startup_stm32f103xb.o [1]
  .text              ro code   0x800'9aa6     0x4  startup_stm32f103xb.o [1]
  .rodata            const     0x800'9aaa     0x0  zero_init3.o [4]
  .rodata            const     0x800'9aaa     0x0  lz77_init_single.o [4]
  Initializer bytes  const     0x800'9aaa   0x141  <for P2-1>
                             - 0x800'9beb  0x9aff

"P2", part 1 of 3:                          0x26e
  P2-1                        0x2000'0000   0x26e  <Init block>
    .data            inited   0x2000'0000     0x4  main.o [1]
    .data            inited   0x2000'0004     0x4  main.o [1]
    .data            inited   0x2000'0008     0x4  main.o [1]
    .data            inited   0x2000'000c     0x4  main.o [1]
    .data            inited   0x2000'0010     0x4  main.o [1]
    .data            inited   0x2000'0014     0x4  main.o [1]
    .data            inited   0x2000'0018     0x4  main.o [1]
    .data            inited   0x2000'001c     0x4  main.o [1]
    .data            inited   0x2000'0020     0x4  main.o [1]
    .data            inited   0x2000'0024     0x4  main.o [1]
    .data            inited   0x2000'0028     0x4  main.o [1]
    .data            inited   0x2000'002c     0x4  main.o [1]
    .data            inited   0x2000'0030     0x4  main.o [1]
    .data            inited   0x2000'0034     0x4  main.o [1]
    .data            inited   0x2000'0038     0x4  main.o [1]
    .data            inited   0x2000'003c     0x4  main.o [1]
    .data            inited   0x2000'0040     0x4  main.o [1]
    .data            inited   0x2000'0044     0x4  main.o [1]
    .data            inited   0x2000'0048     0x4  main.o [1]
    .data            inited   0x2000'004c     0x4  main.o [1]
    .data            inited   0x2000'0050     0x4  main.o [1]
    .data            inited   0x2000'0054     0x4  main.o [1]
    .data            inited   0x2000'0058     0x4  main.o [1]
    .data            inited   0x2000'005c     0x4  main.o [1]
    .data            inited   0x2000'0060     0x4  main.o [1]
    .data            inited   0x2000'0064     0x4  main.o [1]
    .data            inited   0x2000'0068     0x4  main.o [1]
    .data            inited   0x2000'006c     0x4  port.o [1]
    .data            inited   0x2000'0070     0x4  stm32f1xx_hal.o [1]
    .data            inited   0x2000'0074     0x4  system_stm32f1xx.o [1]
    .data            inited   0x2000'0078     0xc  usbd_cdc.o [1]
    .data            inited   0x2000'0084    0x38  usbd_cdc.o [1]
    .data            inited   0x2000'00bc    0x44  usbd_cdc.o [1]
    .data            inited   0x2000'0100    0x44  usbd_cdc.o [1]
    .data            inited   0x2000'0144    0x44  usbd_cdc.o [1]
    .data            inited   0x2000'0188    0x10  usbd_cdc_if.o [1]
    .data            inited   0x2000'0198    0x1c  usbd_desc.o [1]
    .data            inited   0x2000'01b4    0x14  usbd_desc.o [1]
    .data            inited   0x2000'01c8     0x4  usbd_desc.o [1]
    .data            inited   0x2000'01cc    0x1c  usbd_desc.o [1]
    .data            inited   0x2000'01e8    0x38  xlocale_c.o [2]
    .data            inited   0x2000'0220    0x48  xlocale_c.o [2]
    .data            inited   0x2000'0268     0x2  main.o [1]
    .data            inited   0x2000'026a     0x2  main.o [1]
    .data            inited   0x2000'026c     0x1  main.o [1]
    .data            inited   0x2000'026d     0x1  stm32f1xx_hal.o [1]
                            - 0x2000'026e   0x26e

"P2", part 2 of 3:                         0x2fc0
  .bss               zero     0x2000'0270  0x2000  heap_1.o [1]
  .bss               zero     0x2000'2270   0x2c4  usb_device.o [1]
  .bss               zero     0x2000'2534   0x26c  usbd_conf.o [1]
  .bss               zero     0x2000'27a0   0x220  usbd_conf.o [1]
  .bss               zero     0x2000'29c0   0x200  freertos.o [1]
  .bss               zero     0x2000'2bc0   0x200  usbd_desc.o [1]
  .bss               zero     0x2000'2dc0    0x8c  tasks.o [1]
  .bss               zero     0x2000'2e4c    0x54  freertos.o [1]
  .bss               zero     0x2000'2ea0    0x54  main.o [1]
  .bss               zero     0x2000'2ef4    0x40  main.o [1]
  .bss               zero     0x2000'2f34    0x40  main.o [1]
  .bss               zero     0x2000'2f74    0x40  main.o [1]
  .bss               zero     0x2000'2fb4    0x40  main.o [1]
  .bss               zero     0x2000'2ff4    0x40  main.o [1]
  .bss               zero     0x2000'3034    0x40  stm32f1xx_hal_timebase_tim.o [1]
  .bss               zero     0x2000'3074    0x40  usbd_cdc_if.o [1]
  .bss               zero     0x2000'30b4    0x40  usbd_cdc_if.o [1]
  .bss               zero     0x2000'30f4    0x20  main.o [1]
  .bss               zero     0x2000'3114    0x20  main.o [1]
  .bss               zero     0x2000'3134    0x14  tasks.o [1]
  .bss               zero     0x2000'3148    0x14  tasks.o [1]
  .bss               zero     0x2000'315c    0x14  tasks.o [1]
  .bss               zero     0x2000'3170    0x14  tasks.o [1]
  .bss               zero     0x2000'3184    0x14  tasks.o [1]
  .bss               zero     0x2000'3198     0x4  heap_1.o [1]
  .bss               zero     0x2000'319c     0x4  heap_1.o [1]
  .bss               zero     0x2000'31a0     0x4  main.o [1]
  .bss               zero     0x2000'31a4     0x4  main.o [1]
  .bss               zero     0x2000'31a8     0x4  main.o [1]
  .bss               zero     0x2000'31ac     0x4  main.o [1]
  .bss               zero     0x2000'31b0     0x4  main.o [1]
  .bss               zero     0x2000'31b4     0x4  main.o [1]
  .bss               zero     0x2000'31b8     0x4  main.o [1]
  .bss               zero     0x2000'31bc     0x4  main.o [1]
  .bss               zero     0x2000'31c0     0x4  main.o [1]
  .bss               zero     0x2000'31c4     0x4  main.o [1]
  .bss               zero     0x2000'31c8     0x4  main.o [1]
  .bss               zero     0x2000'31cc     0x4  main.o [1]
  .bss               zero     0x2000'31d0     0x4  main.o [1]
  .bss               zero     0x2000'31d4     0x4  main.o [1]
  .bss               zero     0x2000'31d8     0x4  main.o [1]
  .bss               zero     0x2000'31dc     0x4  port.o [1]
  .bss               zero     0x2000'31e0     0x4  stm32f1xx_hal.o [1]
  .bss               zero     0x2000'31e4     0x4  tasks.o [1]
  .bss               zero     0x2000'31e8     0x4  tasks.o [1]
  .bss               zero     0x2000'31ec     0x4  tasks.o [1]
  .bss               zero     0x2000'31f0     0x4  tasks.o [1]
  .bss               zero     0x2000'31f4     0x4  tasks.o [1]
  .bss               zero     0x2000'31f8     0x4  tasks.o [1]
  .bss               zero     0x2000'31fc     0x4  tasks.o [1]
  .bss               zero     0x2000'3200     0x4  tasks.o [1]
  .bss               zero     0x2000'3204     0x4  tasks.o [1]
  .bss               zero     0x2000'3208     0x4  tasks.o [1]
  .bss               zero     0x2000'320c     0x4  tasks.o [1]
  .bss               zero     0x2000'3210     0x4  tasks.o [1]
  .bss               zero     0x2000'3214     0x4  tasks.o [1]
  .bss               zero     0x2000'3218     0x4  tasks.o [1]
  .bss               zero     0x2000'321c     0x4  tasks.o [1]
  .bss               zero     0x2000'3220     0x4  xfail_s.o [2]
  .bss               zero     0x2000'3224     0x2  main.o [1]
  .bss               zero     0x2000'3226     0x2  main.o [1]
  .bss               zero     0x2000'3228     0x2  main.o [1]
  .bss               zero     0x2000'322a     0x1  main.o [1]
  .bss               zero     0x2000'322b     0x1  main.o [1]
  .bss               zero     0x2000'322c     0x1  port.o [1]
  .bss               zero     0x2000'322d     0x1  usbd_ctlreq.o [1]
                            - 0x2000'322e  0x2fbe

"P2", part 3 of 3:                          0x600
  CSTACK                      0x2000'3230   0x600  <Block>
    CSTACK           uninit   0x2000'3230   0x600  <Block tail>
                            - 0x2000'3830   0x600

Unused ranges:

         From           To      Size
         ----           --      ----
   0x800'9beb   0x801'ffff  0x1'6415
  0x2000'026e  0x2000'026f       0x2
  0x2000'3830  0x2000'4fff    0x17d0


*******************************************************************************
*** INIT TABLE
***

          Address      Size
          -------      ----
Zero (__iar_zero_init3)
    1 destination range, total size 0x2fbe:
          0x2000'0270  0x2fbe

Copy/lz77 (__iar_lz77_init_single3)
    1 source range, total size 0x141 (51% of destination):
           0x800'9aaa   0x141
    1 destination range, total size 0x26e:
          0x2000'0000   0x26e



*******************************************************************************
*** MODULE SUMMARY
***

    Module                        ro code  ro data  rw data
    ------                        -------  -------  -------
command line/config:
    -------------------------------------------------------
    Total:

C:\GIT\4WD-ROS-Rover\STM32F103\EWARM\4WD Rover\Obj: [1]
    cmsis_os.o                        156
    freertos.o                         24               596
    functions.o                        54
    heap_1.o                          124             8 200
    list.o                            154
    main.o                          4 572      310      649
    pid.o                             182
    port.o                            428        2        9
    portasm.o                         136
    startup_stm32f103xb.o             412
    stm32f1xx_hal.o                    72        2        9
    stm32f1xx_hal_cortex.o            348       88
    stm32f1xx_hal_gpio.o            1 180       88
    stm32f1xx_hal_i2c.o               712       84
    stm32f1xx_hal_msp.o               636
    stm32f1xx_hal_pcd.o             2 450       84
    stm32f1xx_hal_pcd_ex.o             76
    stm32f1xx_hal_rcc.o             2 336      102
    stm32f1xx_hal_rcc_ex.o            424       88
    stm32f1xx_hal_tim.o             2 566       84
    stm32f1xx_hal_tim_ex.o            512       88
    stm32f1xx_hal_timebase_tim.o      148                64
    stm32f1xx_hal_uart.o              752       88
    stm32f1xx_it.o                     52
    stm32f1xx_ll_usb.o              2 762
    system_stm32f1xx.o                 88       26        4
    tasks.o                         2 040        8      300
    usb_device.o                       88               708
    usbd_cdc.o                      1 008      141      272
    usbd_cdc_if.o                     236        8      144
    usbd_conf.o                       862             1 164
    usbd_core.o                       894
    usbd_ctlreq.o                   2 128                 1
    usbd_desc.o                       350      113      592
    usbd_ioreq.o                      196
    -------------------------------------------------------
    Total:                         29 158    1 404   12 712

dl7M_tlf.a: [2]
    abort.o                             6
    exit.o                              4
    low_level_init.o                    4
    sprintf.o                          64
    xencoding_8859_1.o                 30
    xfail_s.o                          64                 4
    xlocale_c.o                       120       72      128
    xmbcurmax.o                        10
    xprintffull.o                   3 910
    xsprout.o                          10
    -------------------------------------------------------
    Total:                          4 222       72      132

m7M_tl.a: [3]
    DblAdd.o                          378
    DblCmpGe.o                         46
    DblCmpLe.o                         46
    DblDiv.o                          582
    DblMul.o                          418
    DblSub.o                          226
    DblToFlt.o                        104
    DblToS32.o                         58
    DblToU32.o                         40
    FltAdd.o                          226
    FltCmpEq.o                         28
    FltCmpGe.o                         36
    FltCmpLe.o                         36
    FltDiv.o                          252
    FltMul.o                          216
    FltSub.o                          128
    FltToDbl.o                         72
    FltToS32.o                         42
    S32ToDbl.o                         34
    S32ToFlt.o                         36
    U32ToDbl.o                         26
    U32ToFlt.o                         28
    frexp.o                           112
    ldexp.o                           314
    lroundf.o                          42
    -------------------------------------------------------
    Total:                          3 526

rt7M_tl.a: [4]
    ABImemclr4.o                        6
    ABImemcpy.o                       166
    ABImemset.o                       102
    ABImemset48.o                      50
    I64DivMod.o                       560
    I64DivZer.o                         2
    cexit.o                            10
    cmain.o                            30
    cstartup_M.o                       12
    data_init.o                        40
    lz77_init_single.o                122
    memchr.o                           88
    strchr.o                           22
    strlen.o                           54
    strncpy.o                         112
    zero_init3.o                       58
    -------------------------------------------------------
    Total:                          1 434

shb_l.a: [5]
    exit.o                             20
    -------------------------------------------------------
    Total:                             20

    Gaps                               42        4
    Linker created                              33    1 536
-----------------------------------------------------------
    Grand Total:                   38 402    1 513   14 380


*******************************************************************************
*** ENTRY LIST
***

Entry                       Address    Size  Type      Object
-----                       -------    ----  ----      ------
.iar.init_table$$Base    0x800'9820           --   Gb  - Linker created -
.iar.init_table$$Limit   0x800'9840           --   Gb  - Linker created -
?main                    0x800'9841          Code  Gb  cmain.o [4]
AHBPrescTable            0x800'994c    0x10  Data  Gb  system_stm32f1xx.o [1]
APBPrescTable            0x800'99f4     0x8  Data  Gb  system_stm32f1xx.o [1]
BusFault_Handler         0x800'97cb     0x2  Code  Gb  stm32f1xx_it.o [1]
CDC_Control_FS           0x800'462f    0x42  Code  Lc  usbd_cdc_if.o [1]
CDC_DeInit_FS            0x800'462b     0x4  Code  Lc  usbd_cdc_if.o [1]
CDC_Init_FS              0x800'4611    0x1a  Code  Lc  usbd_cdc_if.o [1]
CDC_Receive_FS           0x800'4671    0x42  Code  Lc  usbd_cdc_if.o [1]
CDC_Transmit_FS          0x800'46b3    0x34  Code  Gb  usbd_cdc_if.o [1]
CSTACK$$Base            0x2000'3230           --   Gb  - Linker created -
CSTACK$$Limit           0x2000'3830           --   Gb  - Linker created -
CacheMore                0x800'77a1    0x24  Code  Lc  xlocale_c.o [2]
DebugMon_Handler         0x800'97cf     0x2  Code  Gb  stm32f1xx_it.o [1]
EXTI9_5_IRQHandler       0x800'97db     0xa  Code  Gb  stm32f1xx_it.o [1]
Error_Handler            0x800'12c5     0x2  Code  Gb  main.o [1]
FL_max                  0x2000'0020     0x4  Data  Lc  main.o [1]
FL_min                  0x2000'000c     0x4  Data  Lc  main.o [1]
FL_val                  0x2000'0034     0x4  Data  Lc  main.o [1]
FR_max                  0x2000'0024     0x4  Data  Lc  main.o [1]
FR_min                  0x2000'0010     0x4  Data  Lc  main.o [1]
FR_val                  0x2000'0038     0x4  Data  Lc  main.o [1]
FS_Desc                 0x2000'0198    0x1c  Data  Gb  usbd_desc.o [1]
Get_SerialNum            0x800'93b9    0x2e  Code  Lc  usbd_desc.o [1]
HAL_GPIO_EXTI_Callback   0x800'0627    0x16  Code  Gb  main.o [1]
HAL_GPIO_EXTI_IRQHandler
                         0x800'382d    0x20  Code  Gb  stm32f1xx_hal_gpio.o [1]
HAL_GPIO_Init            0x800'33fd   0x3b0  Code  Gb  stm32f1xx_hal_gpio.o [1]
HAL_GPIO_TogglePin       0x800'37fb    0x32  Code  Gb  stm32f1xx_hal_gpio.o [1]
HAL_GPIO_WritePin        0x800'37ad    0x4e  Code  Gb  stm32f1xx_hal_gpio.o [1]
HAL_GetTick              0x800'46fd     0xc  Code  Wk  stm32f1xx_hal.o [1]
HAL_I2C_Init             0x800'29cd   0x2a0  Code  Gb  stm32f1xx_hal_i2c.o [1]
HAL_I2C_MspInit          0x800'2ed7    0x66  Code  Gb  stm32f1xx_hal_msp.o [1]
HAL_IncTick              0x800'47a5    0x18  Code  Wk  stm32f1xx_hal.o [1]
HAL_Init                 0x800'12c9    0x20  Code  Gb  stm32f1xx_hal.o [1]
HAL_InitTick             0x800'47bd    0x84  Code  Gb  stm32f1xx_hal_timebase_tim.o [1]
HAL_MspInit              0x800'2e91    0x46  Code  Gb  stm32f1xx_hal_msp.o [1]
HAL_NVIC_EnableIRQ       0x800'39bd    0x1e  Code  Gb  stm32f1xx_hal_cortex.o [1]
HAL_NVIC_SetPriority     0x800'397b    0x42  Code  Gb  stm32f1xx_hal_cortex.o [1]
HAL_NVIC_SetPriorityGrouping
                         0x800'3953    0x28  Code  Gb  stm32f1xx_hal_cortex.o [1]
HAL_PCDEx_PMAConfig      0x800'87d3    0x4c  Code  Gb  stm32f1xx_hal_pcd_ex.o [1]
HAL_PCDEx_SetConnectionState
                         0x800'6e57     0x2  Code  Gb  usbd_conf.o [1]
HAL_PCD_DataInStageCallback
                         0x800'6b91    0x1e  Code  Gb  usbd_conf.o [1]
HAL_PCD_DataOutStageCallback
                         0x800'6b71    0x20  Code  Gb  usbd_conf.o [1]
HAL_PCD_EP_Close         0x800'8215    0x62  Code  Gb  stm32f1xx_hal_pcd.o [1]
HAL_PCD_EP_ClrStall      0x800'83b7    0x78  Code  Gb  stm32f1xx_hal_pcd.o [1]
HAL_PCD_EP_GetRxCount    0x800'82cd    0x10  Code  Gb  stm32f1xx_hal_pcd.o [1]
HAL_PCD_EP_Open          0x800'8177    0x9e  Code  Gb  stm32f1xx_hal_pcd.o [1]
HAL_PCD_EP_Receive       0x800'8277    0x56  Code  Gb  stm32f1xx_hal_pcd.o [1]
HAL_PCD_EP_SetStall      0x800'8333    0x84  Code  Gb  stm32f1xx_hal_pcd.o [1]
HAL_PCD_EP_Transmit      0x800'82dd    0x56  Code  Gb  stm32f1xx_hal_pcd.o [1]
HAL_PCD_IRQHandler       0x800'7fed   0x15a  Code  Gb  stm32f1xx_hal_pcd.o [1]
HAL_PCD_Init             0x800'7e41   0x16e  Code  Gb  stm32f1xx_hal_pcd.o [1]
HAL_PCD_MspInit          0x800'6b29    0x36  Code  Gb  usbd_conf.o [1]
HAL_PCD_ResetCallback    0x800'6bbd    0x26  Code  Gb  usbd_conf.o [1]
HAL_PCD_ResumeCallback   0x800'6c01     0xe  Code  Gb  usbd_conf.o [1]
HAL_PCD_SOFCallback      0x800'6baf     0xe  Code  Gb  usbd_conf.o [1]
HAL_PCD_SetAddress       0x800'8147    0x30  Code  Gb  stm32f1xx_hal_pcd.o [1]
HAL_PCD_SetupStageCallback
                         0x800'6b5f    0x12  Code  Gb  usbd_conf.o [1]
HAL_PCD_Start            0x800'7fb9    0x34  Code  Gb  stm32f1xx_hal_pcd.o [1]
HAL_PCD_SuspendCallback
                         0x800'6be3    0x1e  Code  Gb  usbd_conf.o [1]
HAL_RCCEx_PeriphCLKConfig
                         0x800'2825   0x18e  Code  Gb  stm32f1xx_hal_rcc_ex.o [1]
HAL_RCC_ClockConfig      0x800'2471   0x246  Code  Gb  stm32f1xx_hal_rcc.o [1]
HAL_RCC_GetClockConfig   0x800'2759    0x56  Code  Gb  stm32f1xx_hal_rcc.o [1]
HAL_RCC_GetHCLKFreq      0x800'2727     0x6  Code  Gb  stm32f1xx_hal_rcc.o [1]
HAL_RCC_GetPCLK1Freq     0x800'272d    0x16  Code  Gb  stm32f1xx_hal_rcc.o [1]
HAL_RCC_GetPCLK2Freq     0x800'2743    0x16  Code  Gb  stm32f1xx_hal_rcc.o [1]
HAL_RCC_GetSysClockFreq
                         0x800'26b7    0x70  Code  Gb  stm32f1xx_hal_rcc.o [1]
HAL_RCC_OscConfig        0x800'1f05   0x56c  Code  Gb  stm32f1xx_hal_rcc.o [1]
HAL_TIMEx_BreakCallback
                         0x800'4857     0x2  Code  Wk  stm32f1xx_hal_tim_ex.o [1]
HAL_TIMEx_CommutCallback
                         0x800'485b     0x2  Code  Wk  stm32f1xx_hal_tim_ex.o [1]
HAL_TIMEx_ConfigBreakDeadTime
                         0x800'2d5d   0x124  Code  Gb  stm32f1xx_hal_tim_ex.o [1]
HAL_TIMEx_MasterConfigSynchronization
                         0x800'2c95    0xc8  Code  Gb  stm32f1xx_hal_tim_ex.o [1]
HAL_TIM_Base_Init        0x800'12ed    0xce  Code  Gb  stm32f1xx_hal_tim.o [1]
HAL_TIM_Base_Start_IT    0x800'13bb    0x5e  Code  Gb  stm32f1xx_hal_tim.o [1]
HAL_TIM_IRQHandler       0x800'15b5   0x176  Code  Gb  stm32f1xx_hal_tim.o [1]
HAL_TIM_MspPostInit      0x800'2f9b    0xe2  Code  Gb  stm32f1xx_hal_msp.o [1]
HAL_TIM_PWM_ConfigChannel
                         0x800'172b   0x232  Code  Gb  stm32f1xx_hal_tim.o [1]
HAL_TIM_PWM_Init         0x800'1429    0xc6  Code  Gb  stm32f1xx_hal_tim.o [1]
HAL_TIM_PWM_MspInit      0x800'2f3d    0x5e  Code  Gb  stm32f1xx_hal_msp.o [1]
HAL_TIM_PWM_Start        0x800'14f5    0xb0  Code  Gb  stm32f1xx_hal_tim.o [1]
HAL_TIM_PeriodElapsedCallback
                         0x800'119d    0x12  Code  Gb  main.o [1]
HAL_UART_Init            0x800'310d   0x110  Code  Gb  stm32f1xx_hal_uart.o [1]
HAL_UART_MspInit         0x800'307d    0x6c  Code  Gb  stm32f1xx_hal_msp.o [1]
HardFault_Handler        0x800'97c7     0x2  Code  Gb  stm32f1xx_it.o [1]
IntToUnicode             0x800'9415    0x4e  Code  Lc  usbd_desc.o [1]
LoadInt                  0x800'59ef    0x7a  Code  Lc  xprintffull.o [2]
MX_GPIO_Init             0x800'0515   0x112  Code  Lc  main.o [1]
MX_I2C1_Init             0x800'0273    0x3e  Code  Lc  main.o [1]
MX_TIM1_Init             0x800'02b1    0xe2  Code  Lc  main.o [1]
MX_TIM2_Init             0x800'0393    0xc0  Code  Lc  main.o [1]
MX_TIM3_Init             0x800'0453    0x8a  Code  Lc  main.o [1]
MX_USART2_UART_Init      0x800'04dd    0x38  Code  Lc  main.o [1]
MX_USB_DEVICE_Init       0x800'3fad    0x58  Code  Gb  usb_device.o [1]
MemManage_Handler        0x800'97c9     0x2  Code  Gb  stm32f1xx_it.o [1]
NMI_Handler              0x800'97c5     0x2  Code  Gb  stm32f1xx_it.o [1]
NVIC_EncodePriority      0x800'3913    0x40  Code  Lc  stm32f1xx_hal_cortex.o [1]
PCD_EP_ISR_Handler       0x800'842f   0x3a4  Code  Lc  stm32f1xx_hal_pcd.o [1]
PendSV_Handler           0x800'7db9          Code  Gb  portasm.o [1]
RCC_Delay                0x800'27b9    0x26  Code  Lc  stm32f1xx_hal_rcc.o [1]
RL_max                  0x2000'0028     0x4  Data  Lc  main.o [1]
RL_min                  0x2000'0014     0x4  Data  Lc  main.o [1]
RL_val                  0x2000'003c     0x4  Data  Lc  main.o [1]
RR_max                  0x2000'002c     0x4  Data  Lc  main.o [1]
RR_min                  0x2000'0018     0x4  Data  Lc  main.o [1]
RR_val                  0x2000'0040     0x4  Data  Lc  main.o [1]
Region$$Table$$Base      0x800'9820           --   Gb  - Linker created -
Region$$Table$$Limit     0x800'9840           --   Gb  - Linker created -
ST_max                  0x2000'0030     0x4  Data  Lc  main.o [1]
ST_min                  0x2000'001c     0x4  Data  Lc  main.o [1]
ST_val                  0x2000'0044     0x4  Data  Lc  main.o [1]
SVC_Handler              0x800'7dff          Code  Gb  portasm.o [1]
SizeofCharArray          0x800'063d    0x16  Code  Gb  main.o [1]
StartCommTask            0x800'08fd   0x4c2  Code  Gb  main.o [1]
StartDefaultTask         0x800'06f3    0x1e  Code  Gb  main.o [1]
StartMotorControlTask    0x800'0711   0x1b8  Code  Gb  main.o [1]
StartSensorTask          0x800'1191     0xc  Code  Gb  main.o [1]
StartServoTask           0x800'0df9   0x390  Code  Gb  main.o [1]
SysTick_Handler          0x800'6a9d    0x28  Code  Gb  port.o [1]
SystemClock_Config       0x800'01eb    0x88  Code  Gb  main.o [1]
SystemCoreClock         0x2000'0074     0x4  Data  Gb  system_stm32f1xx.o [1]
SystemInit               0x800'961d    0x3e  Code  Gb  system_stm32f1xx.o [1]
TIM4_IRQHandler          0x800'97e5     0xa  Code  Gb  stm32f1xx_it.o [1]
TIM_Base_SetConfig       0x800'196d    0x6e  Code  Gb  stm32f1xx_hal_tim.o [1]
TIM_CCxChannelCmd        0x800'1c6d    0x68  Code  Gb  stm32f1xx_hal_tim.o [1]
TIM_OC1_SetConfig        0x800'19db    0xae  Code  Lc  stm32f1xx_hal_tim.o [1]
TIM_OC2_SetConfig        0x800'1a89    0xb4  Code  Gb  stm32f1xx_hal_tim.o [1]
TIM_OC3_SetConfig        0x800'1b3d    0xb8  Code  Lc  stm32f1xx_hal_tim.o [1]
TIM_OC4_SetConfig        0x800'1bf5    0x6a  Code  Lc  stm32f1xx_hal_tim.o [1]
UART_SetConfig           0x800'322d   0x1c0  Code  Lc  stm32f1xx_hal_uart.o [1]
USBD_CDC                0x2000'0084    0x38  Data  Gb  usbd_cdc.o [1]
USBD_CDC_CfgFSDesc      0x2000'0100    0x44  Data  Gb  usbd_cdc.o [1]
USBD_CDC_CfgHSDesc      0x2000'00bc    0x44  Data  Gb  usbd_cdc.o [1]
USBD_CDC_DataIn          0x800'561f    0x74  Code  Lc  usbd_cdc.o [1]
USBD_CDC_DataOut         0x800'5693    0x38  Code  Lc  usbd_cdc.o [1]
USBD_CDC_DeInit          0x800'54cd    0x52  Code  Lc  usbd_cdc.o [1]
USBD_CDC_DeviceQualifierDesc
                        0x2000'0078     0xc  Data  Lc  usbd_cdc.o [1]
USBD_CDC_EP0_RxReady     0x800'56cb    0x36  Code  Lc  usbd_cdc.o [1]
USBD_CDC_GetDeviceQualifierDescriptor
                         0x800'571f     0xa  Code  Gb  usbd_cdc.o [1]
USBD_CDC_GetFSCfgDesc    0x800'5701     0xa  Code  Lc  usbd_cdc.o [1]
USBD_CDC_GetHSCfgDesc    0x800'570b     0xa  Code  Lc  usbd_cdc.o [1]
USBD_CDC_GetOtherSpeedCfgDesc
                         0x800'5715     0xa  Code  Lc  usbd_cdc.o [1]
USBD_CDC_Init            0x800'5405    0xc8  Code  Lc  usbd_cdc.o [1]
USBD_CDC_OtherSpeedCfgDesc
                        0x2000'0144    0x44  Data  Gb  usbd_cdc.o [1]
USBD_CDC_ReceivePacket   0x800'57b7    0x3e  Code  Gb  usbd_cdc.o [1]
USBD_CDC_RegisterInterface
                         0x800'5739    0x14  Code  Gb  usbd_cdc.o [1]
USBD_CDC_SetRxBuffer     0x800'5767     0xe  Code  Gb  usbd_cdc.o [1]
USBD_CDC_SetTxBuffer     0x800'574d    0x1a  Code  Gb  usbd_cdc.o [1]
USBD_CDC_Setup           0x800'551f   0x100  Code  Lc  usbd_cdc.o [1]
USBD_CDC_TransmitPacket
                         0x800'5775    0x42  Code  Gb  usbd_cdc.o [1]
USBD_ClrClassConfig      0x800'5115    0x18  Code  Gb  usbd_core.o [1]
USBD_ClrFeature          0x800'7609    0x2e  Code  Lc  usbd_ctlreq.o [1]
USBD_CtlContinueRx       0x800'774f    0x1a  Code  Gb  usbd_ioreq.o [1]
USBD_CtlContinueSendData
                         0x800'7705    0x1a  Code  Gb  usbd_ioreq.o [1]
USBD_CtlError            0x800'765f    0x18  Code  Gb  usbd_ctlreq.o [1]
USBD_CtlPrepareRx        0x800'771f    0x30  Code  Gb  usbd_ioreq.o [1]
USBD_CtlReceiveStatus    0x800'7783    0x1a  Code  Gb  usbd_ioreq.o [1]
USBD_CtlSendData         0x800'76d9    0x2c  Code  Gb  usbd_ioreq.o [1]
USBD_CtlSendStatus       0x800'7769    0x1a  Code  Gb  usbd_ioreq.o [1]
USBD_FS_ConfigStrDescriptor
                         0x800'9369    0x28  Code  Gb  usbd_desc.o [1]
USBD_FS_DeviceDesc      0x2000'01b4    0x14  Data  Gb  usbd_desc.o [1]
USBD_FS_DeviceDescriptor
                         0x800'9305     0xa  Code  Gb  usbd_desc.o [1]
USBD_FS_InterfaceStrDescriptor
                         0x800'9391    0x28  Code  Gb  usbd_desc.o [1]
USBD_FS_LangIDStrDescriptor
                         0x800'930f     0xa  Code  Gb  usbd_desc.o [1]
USBD_FS_ManufacturerStrDescriptor
                         0x800'9341    0x16  Code  Gb  usbd_desc.o [1]
USBD_FS_ProductStrDescriptor
                         0x800'9319    0x28  Code  Gb  usbd_desc.o [1]
USBD_FS_SerialStrDescriptor
                         0x800'9357    0x12  Code  Gb  usbd_desc.o [1]
USBD_GetConfig           0x800'7555    0x4e  Code  Lc  usbd_ctlreq.o [1]
USBD_GetDescriptor       0x800'7219   0x202  Code  Lc  usbd_ctlreq.o [1]
USBD_GetLen              0x800'76c5    0x14  Code  Lc  usbd_ctlreq.o [1]
USBD_GetStatus           0x800'75a3    0x4c  Code  Lc  usbd_ctlreq.o [1]
USBD_GetString           0x800'7677    0x4e  Code  Gb  usbd_ctlreq.o [1]
USBD_Get_USB_Status      0x800'6e59    0x2e  Code  Lc  usbd_conf.o [1]
USBD_Init                0x800'5087    0x38  Code  Gb  usbd_core.o [1]
USBD_Interface_fops_FS  0x2000'0188    0x10  Data  Gb  usbd_cdc_if.o [1]
USBD_LL_ClearStallEP     0x800'6d39    0x2a  Code  Gb  usbd_conf.o [1]
USBD_LL_CloseEP          0x800'6ce5    0x2a  Code  Gb  usbd_conf.o [1]
USBD_LL_DataInStage      0x800'5243   0x10c  Code  Gb  usbd_core.o [1]
USBD_LL_DataOutStage     0x800'5195    0xae  Code  Gb  usbd_core.o [1]
USBD_LL_GetRxDataSize    0x800'6e27    0x14  Code  Gb  usbd_conf.o [1]
USBD_LL_Init             0x800'6c0f    0x80  Code  Gb  usbd_conf.o [1]
USBD_LL_IsStallEP        0x800'6d63    0x2e  Code  Gb  usbd_conf.o [1]
USBD_LL_OpenEP           0x800'6cad    0x38  Code  Gb  usbd_conf.o [1]
USBD_LL_PrepareReceive   0x800'6df1    0x36  Code  Gb  usbd_conf.o [1]
USBD_LL_Reset            0x800'534f    0x60  Code  Gb  usbd_core.o [1]
USBD_LL_Resume           0x800'53cb    0x16  Code  Gb  usbd_core.o [1]
USBD_LL_SOF              0x800'53e1    0x24  Code  Gb  usbd_core.o [1]
USBD_LL_SetSpeed         0x800'53af     0x8  Code  Gb  usbd_core.o [1]
USBD_LL_SetUSBAddress    0x800'6d91    0x2a  Code  Gb  usbd_conf.o [1]
USBD_LL_SetupStage       0x800'512d    0x68  Code  Gb  usbd_core.o [1]
USBD_LL_StallEP          0x800'6d0f    0x2a  Code  Gb  usbd_conf.o [1]
USBD_LL_Start            0x800'6c8f    0x1e  Code  Gb  usbd_conf.o [1]
USBD_LL_Suspend          0x800'53b7    0x14  Code  Gb  usbd_core.o [1]
USBD_LL_Transmit         0x800'6dbb    0x36  Code  Gb  usbd_conf.o [1]
USBD_LangIDDesc         0x2000'01c8     0x4  Data  Gb  usbd_desc.o [1]
USBD_ParseSetupRequest   0x800'7637    0x28  Code  Gb  usbd_ctlreq.o [1]
USBD_RegisterClass       0x800'50bf    0x16  Code  Gb  usbd_core.o [1]
USBD_RunTestMode         0x800'50e3     0x6  Code  Gb  usbd_core.o [1]
USBD_SetAddress          0x800'741b    0x68  Code  Lc  usbd_ctlreq.o [1]
USBD_SetClassConfig      0x800'50e9    0x2c  Code  Gb  usbd_core.o [1]
USBD_SetConfig           0x800'7483    0xce  Code  Lc  usbd_ctlreq.o [1]
USBD_SetConfig::cfgidx  0x2000'322d     0x1  Data  Lc  usbd_ctlreq.o [1]
USBD_SetFeature          0x800'75ef    0x1a  Code  Lc  usbd_ctlreq.o [1]
USBD_Start               0x800'50d5     0xe  Code  Gb  usbd_core.o [1]
USBD_StdDevReq           0x800'6e89    0xa6  Code  Gb  usbd_ctlreq.o [1]
USBD_StdEPReq            0x800'6f9d   0x27c  Code  Gb  usbd_ctlreq.o [1]
USBD_StdItfReq           0x800'6f2f    0x6e  Code  Gb  usbd_ctlreq.o [1]
USBD_StrDesc            0x2000'2bc0   0x200  Data  Gb  usbd_desc.o [1]
USBD_StringSerial       0x2000'01cc    0x1c  Data  Gb  usbd_desc.o [1]
USBD_static_free         0x800'6e55     0x2  Code  Gb  usbd_conf.o [1]
USBD_static_malloc       0x800'6e3b     0x6  Code  Gb  usbd_conf.o [1]
USBD_static_malloc::mem
                        0x2000'27a0   0x220  Data  Lc  usbd_conf.o [1]
USB_ActivateEndpoint     0x800'888b   0x362  Code  Gb  stm32f1xx_ll_usb.o [1]
USB_CoreInit             0x800'8827     0xa  Code  Gb  stm32f1xx_ll_usb.o [1]
USB_DeactivateEndpoint   0x800'8bed   0x1ba  Code  Gb  stm32f1xx_ll_usb.o [1]
USB_DevConnect           0x800'9221     0x6  Code  Gb  stm32f1xx_ll_usb.o [1]
USB_DevDisconnect        0x800'9227     0x6  Code  Gb  stm32f1xx_ll_usb.o [1]
USB_DevInit              0x800'885f    0x2c  Code  Gb  stm32f1xx_ll_usb.o [1]
USB_DisableGlobalInt     0x800'8845    0x14  Code  Gb  stm32f1xx_ll_usb.o [1]
USB_EP0_OutStart         0x800'9235     0x6  Code  Gb  stm32f1xx_ll_usb.o [1]
USB_EPClearStall         0x800'9167    0xa6  Code  Gb  stm32f1xx_ll_usb.o [1]
USB_EPSetStall           0x800'911d    0x4a  Code  Gb  stm32f1xx_ll_usb.o [1]
USB_EPStartXfer          0x800'8da7   0x376  Code  Gb  stm32f1xx_ll_usb.o [1]
USB_EnableGlobalInt      0x800'8831    0x14  Code  Gb  stm32f1xx_ll_usb.o [1]
USB_LP_CAN1_RX0_IRQHandler
                         0x800'97d1     0xa  Code  Gb  stm32f1xx_it.o [1]
USB_ReadInterrupts       0x800'922d     0x8  Code  Gb  stm32f1xx_ll_usb.o [1]
USB_ReadPMA              0x800'9293    0x5e  Code  Gb  stm32f1xx_ll_usb.o [1]
USB_SetCurrentMode       0x800'8859     0x6  Code  Gb  stm32f1xx_ll_usb.o [1]
USB_SetDevAddress        0x800'920d    0x14  Code  Gb  stm32f1xx_ll_usb.o [1]
USB_WritePMA             0x800'923b    0x58  Code  Gb  stm32f1xx_ll_usb.o [1]
UsageFault_Handler       0x800'97cd     0x2  Code  Gb  stm32f1xx_it.o [1]
UserRxBufferFS          0x2000'3074    0x40  Data  Gb  usbd_cdc_if.o [1]
UserTxBufferFS          0x2000'30b4    0x40  Data  Gb  usbd_cdc_if.o [1]
_Encoding_8859_1_Mbrlen
                         0x800'1ef9     0x2  Code  Gb  xencoding_8859_1.o [2]
_Encoding_8859_1_Wctomb
                         0x800'1ee7    0x12  Code  Gb  xencoding_8859_1.o [2]
_GenldFull               0x800'644d   0x274  Code  Lc  xprintffull.o [2]
_LdtobFull               0x800'6049   0x3d6  Code  Lc  xprintffull.o [2]
_LitobFull               0x800'5ef9   0x10a  Code  Lc  xprintffull.o [2]
_Locale_lconv           0x2000'01e8    0x38  Data  Lc  xlocale_c.o [2]
_PrintfFull              0x800'582d   0x1aa  Code  Gb  xprintffull.o [2]
_PutcharsFull            0x800'66c1    0x2e  Code  Lc  xprintffull.o [2]
_PutfldFull              0x800'5a69   0x2d4  Code  Lc  xprintffull.o [2]
_PutstrFull              0x800'5e33    0xc6  Code  Lc  xprintffull.o [2]
_PuttxtFull              0x800'5d3d    0xf6  Code  Lc  xprintffull.o [2]
_SProut                  0x800'3bf7     0xa  Code  Gb  xsprout.o [2]
__NVIC_EnableIRQ         0x800'38c7    0x20  Code  Lc  stm32f1xx_hal_cortex.o [1]
__NVIC_GetPriorityGrouping
                         0x800'38bb     0xc  Code  Lc  stm32f1xx_hal_cortex.o [1]
__NVIC_SetPriority       0x800'38e7    0x2c  Code  Lc  stm32f1xx_hal_cortex.o [1]
__NVIC_SetPriorityGrouping
                         0x800'3899    0x22  Code  Lc  stm32f1xx_hal_cortex.o [1]
__aeabi_cdcmple          0x800'7ba9          Code  Gb  DblCmpLe.o [3]
__aeabi_cdrcmple         0x800'4551          Code  Gb  DblCmpGe.o [3]
__aeabi_cfcmpeq          0x800'4789          Code  Gb  FltCmpEq.o [3]
__aeabi_cfcmple          0x800'3f89          Code  Gb  FltCmpLe.o [3]
__aeabi_cfrcmple         0x800'45ad          Code  Gb  FltCmpGe.o [3]
__aeabi_d2f              0x800'3f21          Code  Gb  DblToFlt.o [3]
__aeabi_d2iz             0x800'7d15          Code  Gb  DblToS32.o [3]
__aeabi_d2uiz            0x800'7d75          Code  Gb  DblToU32.o [3]
__aeabi_dadd             0x800'3da5          Code  Gb  DblAdd.o [3]
__aeabi_ddiv             0x800'41c5          Code  Gb  DblDiv.o [3]
__aeabi_dmul             0x800'3c01          Code  Gb  DblMul.o [3]
__aeabi_dsub             0x800'3b15          Code  Gb  DblSub.o [3]
__aeabi_f2d              0x800'3acd          Code  Gb  FltToDbl.o [3]
__aeabi_f2iz             0x800'4581          Code  Gb  FltToS32.o [3]
__aeabi_fadd             0x800'40e1          Code  Gb  FltAdd.o [3]
__aeabi_fdiv             0x800'4429          Code  Gb  FltDiv.o [3]
__aeabi_fmul             0x800'39f5          Code  Gb  FltMul.o [3]
__aeabi_fsub             0x800'4709          Code  Gb  FltSub.o [3]
__aeabi_i2d              0x800'7d51          Code  Gb  S32ToDbl.o [3]
__aeabi_i2f              0x800'40bd          Code  Gb  S32ToFlt.o [3]
__aeabi_ldiv0            0x800'8825          Code  Gb  I64DivZer.o [4]
__aeabi_memclr4          0x800'1ee1          Code  Gb  ABImemclr4.o [4]
__aeabi_memcpy           0x800'1d65          Code  Gb  ABImemcpy.o [4]
__aeabi_memcpy4          0x800'1d85          Code  Gb  ABImemcpy.o [4]
__aeabi_memcpy8          0x800'1d85          Code  Gb  ABImemcpy.o [4]
__aeabi_memset           0x800'6775          Code  Gb  ABImemset.o [4]
__aeabi_ui2d             0x800'7d9d          Code  Gb  U32ToDbl.o [3]
__aeabi_ui2f             0x800'440d          Code  Gb  U32ToFlt.o [3]
__aeabi_uldivmod         0x800'7909          Code  Gb  I64DivMod.o [4]
__cmain                  0x800'9841          Code  Gb  cmain.o [4]
__exit                   0x800'92f1    0x14  Code  Gb  exit.o [5]
__iar_Fail_s             0x800'782d    0x1c  Code  Gb  xfail_s.o [2]
__iar_Mbcurmax           0x800'78fd     0xa  Code  Gb  xmbcurmax.o [2]
__iar_Memchr             0x800'78a5          Code  Gb  memchr.o [4]
__iar_Memset             0x800'6775          Code  Gb  ABImemset.o [4]
__iar_Memset4_word       0x800'5055          Code  Gb  ABImemset48.o [4]
__iar_Memset8_word       0x800'5055          Code  Gb  ABImemset48.o [4]
__iar_Memset_word        0x800'677d          Code  Gb  ABImemset.o [4]
__iar_Strchr             0x800'7815          Code  Gb  strchr.o [4]
__iar_dadd               0x800'3b25          Code  Gb  DblSub.o [3]
__iar_data_init3         0x800'97f9    0x28  Code  Gb  data_init.o [4]
__iar_dsub               0x800'3db5          Code  Gb  DblAdd.o [3]
__iar_dsubStart          0x800'3dc7          Code  Gb  DblAdd.o [3]
__iar_fadd               0x800'4715          Code  Gb  FltSub.o [3]
__iar_frexp              0x800'7b45          Code  Gb  frexp.o [3]
__iar_frexp64            0x800'7b39          Code  Gb  frexp.o [3]
__iar_frexpl             0x800'7b45          Code  Gb  frexp.o [3]
__iar_fsub               0x800'40ed          Code  Gb  FltAdd.o [3]
__iar_fsubStart          0x800'40fd          Code  Gb  FltAdd.o [3]
__iar_globLocale        0x2000'0220    0x48  Data  Lc  xlocale_c.o [2]
__iar_global_Locale      0x800'779d     0x4  Code  Gb  xlocale_c.o [2]
__iar_ldexp64            0x800'7bd9          Code  Gb  ldexp.o [3]
__iar_lround32           0x800'4525          Code  Gb  lroundf.o [3]
__iar_lz77_init_single3
                         0x800'1ceb    0x7a  Code  Gb  lz77_init_single.o [4]
__iar_program_start      0x800'99d1          Code  Gb  cstartup_M.o [4]
__iar_scalbln64          0x800'7bd9          Code  Gb  ldexp.o [3]
__iar_scalbn64           0x800'7bd9          Code  Gb  ldexp.o [3]
__iar_zero_init3         0x800'1e0b    0x3a  Code  Gb  zero_init3.o [4]
__low_level_init         0x800'985f     0x4  Code  Gb  low_level_init.o [2]
__vector_table           0x800'0000          Data  Gb  startup_stm32f103xb.o [1]
_call_main               0x800'984d          Code  Gb  cmain.o [4]
_exit                    0x800'9869          Code  Gb  cexit.o [4]
_gLocale_mblen           0x800'7801     0x4  Code  Gb  xlocale_c.o [2]
_gLocale_mblenInt        0x800'77c5    0x2c  Code  Gb  xlocale_c.o [2]
_gLocale_wctomb          0x800'7805     0x4  Code  Gb  xlocale_c.o [2]
_gLocale_wctombInt       0x800'77fd     0x4  Code  Gb  xlocale_c.o [2]
_main                    0x800'985b          Code  Gb  cmain.o [4]
abort                    0x800'881f     0x6  Code  Gb  abort.o [2]
absForceMotor           0x2000'3228     0x2  Data  Lc  main.o [1]
assert_failed            0x800'12c7     0x2  Code  Gb  main.o [1]
automaticSuspension     0x2000'0058     0x4  Data  Lc  main.o [1]
commTaskHandle          0x2000'31a8     0x4  Data  Gb  main.o [1]
constrain_f32            0x800'57f5    0x36  Code  Gb  functions.o [1]
controlTaskCycle_ms     0x2000'0268     0x2  Data  Lc  main.o [1]
controller              0x2000'3114    0x20  Data  Lc  main.o [1]
ctrlI                   0x2000'0050     0x4  Data  Lc  main.o [1]
ctrlP                   0x2000'004c     0x4  Data  Lc  main.o [1]
defaultTaskHandle       0x2000'31a0     0x4  Data  Gb  main.o [1]
exit                     0x800'9863     0x4  Code  Gb  exit.o [2]
feedForward             0x2000'0054     0x4  Data  Lc  main.o [1]
filter2                  0x800'0653    0x50  Code  Gb  main.o [1]
fixedDistance           0x2000'31d8     0x4  Data  Lc  main.o [1]
forceSaturation         0x2000'026a     0x2  Data  Lc  main.o [1]
frexp                    0x800'7b39          Code  Gb  frexp.o [3]
frexpl                   0x800'7b39          Code  Gb  frexp.o [3]
hUsbDeviceFS            0x2000'2270   0x2c4  Data  Gb  usb_device.o [1]
hi2c1                   0x2000'2ea0    0x54  Data  Gb  main.o [1]
hpcd_USB_FS             0x2000'2534   0x26c  Data  Gb  usbd_conf.o [1]
htim1                   0x2000'2ef4    0x40  Data  Gb  main.o [1]
htim2                   0x2000'2f34    0x40  Data  Gb  main.o [1]
htim3                   0x2000'2f74    0x40  Data  Gb  main.o [1]
htim4                   0x2000'3034    0x40  Data  Gb  stm32f1xx_hal_timebase_tim.o [1]
huart2                  0x2000'2fb4    0x40  Data  Gb  main.o [1]
ldexp                    0x800'7bd9          Code  Gb  ldexp.o [3]
ldexpl                   0x800'7bd9          Code  Gb  ldexp.o [3]
localeconv               0x800'7809     0x4  Code  Gb  xlocale_c.o [2]
lroundf                  0x800'4525          Code  Gb  lroundf.o [3]
main                     0x800'00ed    0xfe  Code  Gb  main.o [1]
makeFreeRtosPriority     0x800'1e45    0x16  Code  Lc  cmsis_os.o [1]
memchr                   0x800'78a5          Code  Gb  memchr.o [4]
motCntr                 0x2000'31c4     0x4  Data  Lc  main.o [1]
motCntrPrev             0x2000'31c8     0x4  Data  Lc  main.o [1]
motSpeed                0x2000'31d0     0x4  Data  Lc  main.o [1]
motSpeedFiltered        0x2000'31d4     0x4  Data  Lc  main.o [1]
motSpeedRaw             0x2000'31cc     0x4  Data  Lc  main.o [1]
motorCtrlTaskHandle     0x2000'31a4     0x4  Data  Gb  main.o [1]
osDelay                  0x800'1ec5    0x1c  Code  Gb  cmsis_os.o [1]
osKernelStart            0x800'1e5b     0xa  Code  Gb  cmsis_os.o [1]
osThreadCreate           0x800'1e65    0x60  Code  Gb  cmsis_os.o [1]
pid_initialize           0x800'4005    0x22  Code  Gb  pid.o [1]
pid_update               0x800'4027    0x94  Code  Gb  pid.o [1]
prvAddCurrentTaskToDelayedList
                         0x800'4f9d    0x82  Code  Lc  tasks.o [1]
prvAddNewTaskToReadyList
                         0x800'4a39    0x9a  Code  Lc  tasks.o [1]
prvCheckTasksWaitingTermination
                         0x800'4eb5    0x3e  Code  Lc  tasks.o [1]
prvDeleteTCB             0x800'4ef9    0x44  Code  Lc  tasks.o [1]
prvIdleTask              0x800'4e39    0x24  Code  Lc  tasks.o [1]
prvInitialiseNewTask     0x800'4973    0xc6  Code  Lc  tasks.o [1]
prvInitialiseTaskLists   0x800'4e5d    0x52  Code  Lc  tasks.o [1]
prvResetNextTaskUnblockTime
                         0x800'4f3d    0x2a  Code  Lc  tasks.o [1]
prvTaskExitError         0x800'6985    0x2a  Code  Lc  port.o [1]
pvPortMalloc             0x800'684d    0x58  Code  Gb  heap_1.o [1]
pvPortMalloc::pucAlignedHeap
                        0x2000'319c     0x4  Data  Lc  heap_1.o [1]
pwm1                    0x2000'3224     0x2  Data  Lc  main.o [1]
pwm2                    0x2000'3226     0x2  Data  Lc  main.o [1]
pxCurrentTCB            0x2000'31e4     0x4  Data  Gb  tasks.o [1]
pxDelayedTaskList       0x2000'31e8     0x4  Data  Lc  tasks.o [1]
pxOverflowDelayedTaskList
                        0x2000'31ec     0x4  Data  Lc  tasks.o [1]
pxPortInitialiseStack    0x800'6965    0x20  Code  Gb  port.o [1]
pxReadyTasksLists       0x2000'2dc0    0x8c  Data  Lc  tasks.o [1]
raw2mps                 0x2000'0048     0x4  Data  Lc  main.o [1]
receiveState            0x2000'322b     0x1  Data  Gb  main.o [1]
referenceAngle          0x2000'0004     0x4  Data  Lc  main.o [1]
referenceDistance       0x2000'0008     0x4  Data  Lc  main.o [1]
referenceFL             0x2000'005c     0x4  Data  Lc  main.o [1]
referenceFR             0x2000'0060     0x4  Data  Lc  main.o [1]
referenceRL             0x2000'0064     0x4  Data  Lc  main.o [1]
referenceRR             0x2000'0068     0x4  Data  Lc  main.o [1]
referenceSpeed          0x2000'31c0     0x4  Data  Lc  main.o [1]
referenceSpeedRaw       0x2000'0000     0x4  Data  Lc  main.o [1]
rxBuf                   0x2000'2ff4    0x40  Data  Gb  main.o [1]
saturateFloat            0x800'06cd    0x26  Code  Gb  main.o [1]
saturateInteger          0x800'06a3    0x2a  Code  Gb  main.o [1]
scalbln                  0x800'7bd9          Code  Gb  ldexp.o [3]
scalblnl                 0x800'7bd9          Code  Gb  ldexp.o [3]
scalbn                   0x800'7bd9          Code  Gb  ldexp.o [3]
scalbnl                  0x800'7bd9          Code  Gb  ldexp.o [3]
scale                    0x800'6003    0x46  Code  Lc  xprintffull.o [2]
sec_hand                0x2000'3220     0x4  Data  Lc  xfail_s.o [2]
sensorTaskHandle        0x2000'31b0     0x4  Data  Gb  main.o [1]
servoEna                0x2000'322a     0x1  Data  Gb  main.o [1]
servoTaskHandle         0x2000'31ac     0x4  Data  Gb  main.o [1]
sprintf                  0x800'45d1    0x40  Code  Gb  sprintf.o [2]
strchr                   0x800'7815          Code  Gb  strchr.o [4]
strlen                   0x800'786d          Code  Gb  strlen.o [4]
strncpy                  0x800'67dd          Code  Gb  strncpy.o [4]
timeOutGuard            0x2000'31b8     0x4  Data  Lc  main.o [1]
timeOutGuardEna         0x2000'026c     0x1  Data  Lc  main.o [1]
timeOutGuardMax         0x2000'31bc     0x4  Data  Lc  main.o [1]
timeStamp               0x2000'31b4     0x4  Data  Lc  main.o [1]
txBuf                   0x2000'30f4    0x20  Data  Gb  main.o [1]
ucHeap                  0x2000'0270  0x2000  Data  Lc  heap_1.o [1]
ucMaxSysCallPriority    0x2000'322c     0x1  Data  Lc  port.o [1]
ulMaxPRIGROUPValue      0x2000'31dc     0x4  Data  Lc  port.o [1]
uwTick                  0x2000'31e0     0x4  Data  Gb  stm32f1xx_hal.o [1]
uwTickFreq              0x2000'026d     0x1  Data  Gb  stm32f1xx_hal.o [1]
uwTickPrio              0x2000'0070     0x4  Data  Gb  stm32f1xx_hal.o [1]
uxCriticalNesting       0x2000'006c     0x4  Data  Lc  port.o [1]
uxCurrentNumberOfTasks  0x2000'31f4     0x4  Data  Lc  tasks.o [1]
uxDeletedTasksWaitingCleanUp
                        0x2000'31f0     0x4  Data  Lc  tasks.o [1]
uxListRemove             0x800'693b    0x28  Code  Gb  list.o [1]
uxPendedTicks           0x2000'3204     0x4  Data  Lc  tasks.o [1]
uxSchedulerSuspended    0x2000'321c     0x4  Data  Lc  tasks.o [1]
uxTaskNumber            0x2000'3210     0x4  Data  Lc  tasks.o [1]
uxTopReadyPriority      0x2000'31fc     0x4  Data  Lc  tasks.o [1]
vApplicationGetIdleTaskMemory
                         0x800'6b11    0x18  Code  Gb  freertos.o [1]
vListInitialise          0x800'68c9    0x1e  Code  Gb  list.o [1]
vListInitialiseItem      0x800'68e7     0x6  Code  Gb  list.o [1]
vListInsert              0x800'6905    0x36  Code  Gb  list.o [1]
vListInsertEnd           0x800'68ed    0x18  Code  Gb  list.o [1]
vPortEnterCritical       0x800'6a3d    0x34  Code  Gb  port.o [1]
vPortExitCritical        0x800'6a71    0x2c  Code  Gb  port.o [1]
vPortFree                0x800'68a5    0x16  Code  Gb  heap_1.o [1]
vPortStartFirstTask      0x800'7e1f          Code  Gb  portasm.o [1]
vTaskDelay               0x800'4ad3    0x4e  Code  Gb  tasks.o [1]
vTaskStartScheduler      0x800'4b21    0x90  Code  Gb  tasks.o [1]
vTaskSuspendAll          0x800'4bb1     0xc  Code  Gb  tasks.o [1]
vTaskSwitchContext       0x800'4db1    0x6e  Code  Gb  tasks.o [1]
xDelayedTaskList1       0x2000'3134    0x14  Data  Lc  tasks.o [1]
xDelayedTaskList2       0x2000'3148    0x14  Data  Lc  tasks.o [1]
xIdleStack              0x2000'29c0   0x200  Data  Lc  freertos.o [1]
xIdleTaskHandle         0x2000'3218     0x4  Data  Lc  tasks.o [1]
xIdleTaskTCBBuffer      0x2000'2e4c    0x54  Data  Lc  freertos.o [1]
xNextFreeByte           0x2000'3198     0x4  Data  Lc  heap_1.o [1]
xNextTaskUnblockTime    0x2000'3214     0x4  Data  Lc  tasks.o [1]
xNumOfOverflows         0x2000'320c     0x4  Data  Lc  tasks.o [1]
xPendingReadyList       0x2000'315c    0x14  Data  Lc  tasks.o [1]
xPortStartScheduler      0x800'69af    0x8e  Code  Gb  port.o [1]
xSchedulerRunning       0x2000'3200     0x4  Data  Lc  tasks.o [1]
xSuspendedTaskList      0x2000'3184    0x14  Data  Lc  tasks.o [1]
xTaskCreate              0x800'48f9    0x7a  Code  Gb  tasks.o [1]
xTaskCreateStatic        0x800'485d    0x9c  Code  Gb  tasks.o [1]
xTaskIncrementTick       0x800'4ca5   0x10c  Code  Gb  tasks.o [1]
xTaskResumeAll           0x800'4bbd    0xe8  Code  Gb  tasks.o [1]
xTasksWaitingTermination
                        0x2000'3170    0x14  Data  Lc  tasks.o [1]
xTickCount              0x2000'31f8     0x4  Data  Lc  tasks.o [1]
xYieldPending           0x2000'3208     0x4  Data  Lc  tasks.o [1]


[1] = C:\GIT\4WD-ROS-Rover\STM32F103\EWARM\4WD Rover\Obj
[2] = dl7M_tlf.a
[3] = m7M_tl.a
[4] = rt7M_tl.a
[5] = shb_l.a

  38 402 bytes of readonly  code memory
   1 513 bytes of readonly  data memory
  14 380 bytes of readwrite data memory

Errors: none
Warnings: none
