###############################################################################
#
# IAR ELF Linker V8.32.3.193/W32 for ARM                  17/Apr/2020  16:12:00
# Copyright 2007-2019 IAR Systems AB.
#
#    Output file  =  
#        C:\GIT\4WD-ROS-Rover\STM32F103\EWARM\4WD Rover\Exe\4WD Rover.out
#    Map file     =  
#        C:\GIT\4WD-ROS-Rover\STM32F103\EWARM\4WD Rover\List\4WD Rover.map
#    Command line =  
#        -f C:\Users\david\AppData\Local\Temp\EWB358.tmp
#        ("C:\GIT\4WD-ROS-Rover\STM32F103\EWARM\4WD Rover\Obj\cmsis_os.o"
#        "C:\GIT\4WD-ROS-Rover\STM32F103\EWARM\4WD Rover\Obj\croutine.o"
#        "C:\GIT\4WD-ROS-Rover\STM32F103\EWARM\4WD Rover\Obj\event_groups.o"
#        "C:\GIT\4WD-ROS-Rover\STM32F103\EWARM\4WD Rover\Obj\freertos.o"
#        "C:\GIT\4WD-ROS-Rover\STM32F103\EWARM\4WD Rover\Obj\functions.o"
#        "C:\GIT\4WD-ROS-Rover\STM32F103\EWARM\4WD Rover\Obj\heap_1.o"
#        "C:\GIT\4WD-ROS-Rover\STM32F103\EWARM\4WD Rover\Obj\i2c_handler.o"
#        "C:\GIT\4WD-ROS-Rover\STM32F103\EWARM\4WD Rover\Obj\l3gd20.o"
#        "C:\GIT\4WD-ROS-Rover\STM32F103\EWARM\4WD Rover\Obj\list.o"
#        "C:\GIT\4WD-ROS-Rover\STM32F103\EWARM\4WD Rover\Obj\lsm303dlhc.o"
#        "C:\GIT\4WD-ROS-Rover\STM32F103\EWARM\4WD Rover\Obj\main.o"
#        "C:\GIT\4WD-ROS-Rover\STM32F103\EWARM\4WD Rover\Obj\pid.o"
#        "C:\GIT\4WD-ROS-Rover\STM32F103\EWARM\4WD Rover\Obj\port.o"
#        "C:\GIT\4WD-ROS-Rover\STM32F103\EWARM\4WD Rover\Obj\portasm.o"
#        "C:\GIT\4WD-ROS-Rover\STM32F103\EWARM\4WD Rover\Obj\queue.o"
#        "C:\GIT\4WD-ROS-Rover\STM32F103\EWARM\4WD
#        Rover\Obj\startup_stm32f103xb.o"
#        "C:\GIT\4WD-ROS-Rover\STM32F103\EWARM\4WD Rover\Obj\stm32f1xx_hal.o"
#        "C:\GIT\4WD-ROS-Rover\STM32F103\EWARM\4WD
#        Rover\Obj\stm32f1xx_hal_cortex.o"
#        "C:\GIT\4WD-ROS-Rover\STM32F103\EWARM\4WD
#        Rover\Obj\stm32f1xx_hal_dma.o"
#        "C:\GIT\4WD-ROS-Rover\STM32F103\EWARM\4WD
#        Rover\Obj\stm32f1xx_hal_exti.o"
#        "C:\GIT\4WD-ROS-Rover\STM32F103\EWARM\4WD
#        Rover\Obj\stm32f1xx_hal_flash.o"
#        "C:\GIT\4WD-ROS-Rover\STM32F103\EWARM\4WD
#        Rover\Obj\stm32f1xx_hal_flash_ex.o"
#        "C:\GIT\4WD-ROS-Rover\STM32F103\EWARM\4WD
#        Rover\Obj\stm32f1xx_hal_gpio.o"
#        "C:\GIT\4WD-ROS-Rover\STM32F103\EWARM\4WD
#        Rover\Obj\stm32f1xx_hal_gpio_ex.o"
#        "C:\GIT\4WD-ROS-Rover\STM32F103\EWARM\4WD
#        Rover\Obj\stm32f1xx_hal_i2c.o"
#        "C:\GIT\4WD-ROS-Rover\STM32F103\EWARM\4WD
#        Rover\Obj\stm32f1xx_hal_msp.o"
#        "C:\GIT\4WD-ROS-Rover\STM32F103\EWARM\4WD
#        Rover\Obj\stm32f1xx_hal_pcd.o"
#        "C:\GIT\4WD-ROS-Rover\STM32F103\EWARM\4WD
#        Rover\Obj\stm32f1xx_hal_pcd_ex.o"
#        "C:\GIT\4WD-ROS-Rover\STM32F103\EWARM\4WD
#        Rover\Obj\stm32f1xx_hal_pwr.o"
#        "C:\GIT\4WD-ROS-Rover\STM32F103\EWARM\4WD
#        Rover\Obj\stm32f1xx_hal_rcc.o"
#        "C:\GIT\4WD-ROS-Rover\STM32F103\EWARM\4WD
#        Rover\Obj\stm32f1xx_hal_rcc_ex.o"
#        "C:\GIT\4WD-ROS-Rover\STM32F103\EWARM\4WD
#        Rover\Obj\stm32f1xx_hal_tim.o"
#        "C:\GIT\4WD-ROS-Rover\STM32F103\EWARM\4WD
#        Rover\Obj\stm32f1xx_hal_tim_ex.o"
#        "C:\GIT\4WD-ROS-Rover\STM32F103\EWARM\4WD
#        Rover\Obj\stm32f1xx_hal_timebase_tim.o"
#        "C:\GIT\4WD-ROS-Rover\STM32F103\EWARM\4WD
#        Rover\Obj\stm32f1xx_hal_uart.o"
#        "C:\GIT\4WD-ROS-Rover\STM32F103\EWARM\4WD Rover\Obj\stm32f1xx_it.o"
#        "C:\GIT\4WD-ROS-Rover\STM32F103\EWARM\4WD
#        Rover\Obj\stm32f1xx_ll_usb.o"
#        "C:\GIT\4WD-ROS-Rover\STM32F103\EWARM\4WD
#        Rover\Obj\stm32f411e_discovery.o"
#        "C:\GIT\4WD-ROS-Rover\STM32F103\EWARM\4WD
#        Rover\Obj\stm32f411e_discovery_accelerometer.o"
#        "C:\GIT\4WD-ROS-Rover\STM32F103\EWARM\4WD
#        Rover\Obj\stm32f411e_discovery_gyroscope.o"
#        "C:\GIT\4WD-ROS-Rover\STM32F103\EWARM\4WD Rover\Obj\stream_buffer.o"
#        "C:\GIT\4WD-ROS-Rover\STM32F103\EWARM\4WD
#        Rover\Obj\system_stm32f1xx.o"
#        "C:\GIT\4WD-ROS-Rover\STM32F103\EWARM\4WD Rover\Obj\tasks.o"
#        "C:\GIT\4WD-ROS-Rover\STM32F103\EWARM\4WD Rover\Obj\timers.o"
#        "C:\GIT\4WD-ROS-Rover\STM32F103\EWARM\4WD Rover\Obj\usb_device.o"
#        "C:\GIT\4WD-ROS-Rover\STM32F103\EWARM\4WD Rover\Obj\usbd_cdc.o"
#        "C:\GIT\4WD-ROS-Rover\STM32F103\EWARM\4WD Rover\Obj\usbd_cdc_if.o"
#        "C:\GIT\4WD-ROS-Rover\STM32F103\EWARM\4WD Rover\Obj\usbd_conf.o"
#        "C:\GIT\4WD-ROS-Rover\STM32F103\EWARM\4WD Rover\Obj\usbd_core.o"
#        "C:\GIT\4WD-ROS-Rover\STM32F103\EWARM\4WD Rover\Obj\usbd_ctlreq.o"
#        "C:\GIT\4WD-ROS-Rover\STM32F103\EWARM\4WD Rover\Obj\usbd_desc.o"
#        "C:\GIT\4WD-ROS-Rover\STM32F103\EWARM\4WD Rover\Obj\usbd_ioreq.o"
#        --redirect _Printf=_PrintfFull --redirect _Scanf=_ScanfFull
#        --no_out_extension -o "C:\GIT\4WD-ROS-Rover\STM32F103\EWARM\4WD
#        Rover\Exe\4WD Rover.out" --map
#        "C:\GIT\4WD-ROS-Rover\STM32F103\EWARM\4WD Rover\List\4WD Rover.map"
#        --config C:\GIT\4WD-ROS-Rover\STM32F103\EWARM/stm32f103xb_flash.icf
#        --semihosting --entry __iar_program_start --vfe --text_out locale)
#
###############################################################################

*******************************************************************************
*** RUNTIME MODEL ATTRIBUTES
***

CppFlavor       = *
__SystemLibrary = DLib
__dlib_version  = 6


*******************************************************************************
*** HEAP SELECTION
***

The basic heap was selected because no calls to memory allocation
functions were found in the application outside of system library
functions, and there are calls to deallocation functions in the
application.


*******************************************************************************
*** PLACEMENT SUMMARY
***

"A0":  place at 0x800'0000 { ro section .intvec };
"P1":  place in [from 0x800'0000 to 0x801'ffff] { ro };
define block CSTACK with size = 1536, alignment = 8 { };
define block HEAP with size = 4K, alignment = 8 { };
"P2":  place in [from 0x2000'0000 to 0x2000'4fff] {
          rw, block CSTACK, block HEAP };
initialize by copy { rw };

  Section            Kind         Address    Size  Object
  -------            ----         -------    ----  ------
"A0":                                        0xec
  .intvec            ro code   0x800'0000    0xec  startup_stm32f103xb.o [1]
                             - 0x800'00ec    0xec

"P1":                                      0xb2c0
  .text              ro code   0x800'00ec  0x1908  stm32f1xx_hal_i2c.o [1]
  .text              ro code   0x800'19f4  0x11f4  main.o [1]
  .text              ro code   0x800'2be8   0x28c  stm32f1xx_hal_msp.o [1]
  .text              ro code   0x800'2e74   0x920  stm32f1xx_hal_rcc.o [1]
  .text              ro code   0x800'3794     0xc  stm32f1xx_hal.o [1]
  .text              ro code   0x800'37a0     0x2  stm32f1xx_hal_i2c.o [1]
  .text              ro code   0x800'37a2     0x2  stm32f1xx_hal_i2c.o [1]
  .text              ro code   0x800'37a4     0x2  stm32f1xx_hal_i2c.o [1]
  .text              ro code   0x800'37a6     0x2  stm32f1xx_hal_i2c.o [1]
  .text              ro code   0x800'37a8     0x2  stm32f1xx_hal_i2c.o [1]
  .text              ro code   0x800'37aa     0x2  stm32f1xx_hal_i2c.o [1]
  .text              ro code   0x800'37ac     0x2  stm32f1xx_hal_i2c.o [1]
  .text              ro code   0x800'37ae    0x7a  lz77_init_single.o [4]
  .text              ro code   0x800'3828    0xd6  stm32f1xx_hal_dma.o [1]
  .text              ro code   0x800'38fe     0x2  stm32f1xx_hal_i2c.o [1]
  .text              ro code   0x800'3900     0x2  stm32f1xx_hal_i2c.o [1]
  .text              ro code   0x800'3902     0x2  stm32f1xx_hal_i2c.o [1]
  .text              ro code   0x800'3904    0x24  stm32f1xx_hal.o [1]
  .text              ro code   0x800'3928   0x9fe  stm32f1xx_hal_tim.o [1]
  .text              ro code   0x800'4326    0x3a  zero_init3.o [4]
  .text              ro code   0x800'4360    0x28  stm32f1xx_hal.o [1]
  .text              ro code   0x800'4388    0xa6  ABImemcpy.o [4]
  .text              ro code   0x800'442e    0x1e  xencoding_8859_1.o [2]
  .text              ro code   0x800'444c    0x9c  cmsis_os.o [1]
  .text              ro code   0x800'44e8     0x6  ABImemclr4.o [4]
  .text              ro code   0x800'44ee     0xa  xsprout.o [2]
  .text              ro code   0x800'44f8   0x1a8  stm32f1xx_hal_rcc_ex.o [1]
  .text              ro code   0x800'46a0   0x1fc  stm32f1xx_hal_tim_ex.o [1]
  .text              ro code   0x800'489c   0x2f0  stm32f1xx_hal_uart.o [1]
  .text              ro code   0x800'4b8c   0x478  stm32f1xx_hal_gpio.o [1]
  .text              ro code   0x800'5004    0xd8  FltMul.o [3]
  .text              ro code   0x800'50dc    0x48  FltToDbl.o [3]
  .text              ro code   0x800'5124    0xe2  DblSub.o [3]
  .rodata            const     0x800'5206     0x2  stm32f1xx_hal_rcc.o [1]
  .text              ro code   0x800'5208   0x1a2  DblMul.o [3]
  .text              ro code   0x800'53ac   0x17a  DblAdd.o [3]
  .text              ro code   0x800'5528    0x68  DblToFlt.o [3]
  .text              ro code   0x800'5590    0x24  FltCmpLe.o [3]
  .text              ro code   0x800'55b4    0x58  usb_device.o [1]
  .text              ro code   0x800'560c    0xb6  pid.o [1]
  .text              ro code   0x800'56c4    0x24  S32ToFlt.o [3]
  .text              ro code   0x800'56e8    0xe2  FltAdd.o [3]
  .text              ro code   0x800'57cc   0x246  DblDiv.o [3]
  .text              ro code   0x800'5a14    0x1c  U32ToFlt.o [3]
  .text              ro code   0x800'5a30    0xfc  FltDiv.o [3]
  .text              ro code   0x800'5b2c    0x2a  lroundf.o [3]
  .text              ro code   0x800'5b58    0x2e  DblCmpGe.o [3]
  .text              ro code   0x800'5b88    0x2a  FltToS32.o [3]
  .text              ro code   0x800'5bb4    0x24  FltCmpGe.o [3]
  .text              ro code   0x800'5bd8    0x40  sprintf.o [2]
  .text              ro code   0x800'5c18    0xec  usbd_cdc_if.o [1]
  .text              ro code   0x800'5d04    0x80  FltSub.o [3]
  .text              ro code   0x800'5d84    0x1c  FltCmpEq.o [3]
  .text              ro code   0x800'5da0    0x60  i2c_handler.o [1]
  .text              ro code   0x800'5e00    0x18  stm32f1xx_hal.o [1]
  .text              ro code   0x800'5e18   0x15c  stm32f1xx_hal_cortex.o [1]
  .text              ro code   0x800'5f74    0x94  stm32f1xx_hal_timebase_tim.o [1]
  .text              ro code   0x800'6008     0x2  stm32f1xx_hal_tim.o [1]
  .text              ro code   0x800'600a     0x2  stm32f1xx_hal_tim.o [1]
  .text              ro code   0x800'600c     0x2  stm32f1xx_hal_tim.o [1]
  .text              ro code   0x800'600e     0x2  stm32f1xx_hal_tim_ex.o [1]
  .text              ro code   0x800'6010     0x2  stm32f1xx_hal_tim.o [1]
  .text              ro code   0x800'6012     0x2  stm32f1xx_hal_tim_ex.o [1]
  .text              ro code   0x800'6014   0x7f8  tasks.o [1]
  .text              ro code   0x800'680c    0x32  ABImemset48.o [4]
  .text              ro code   0x800'683e   0x37e  usbd_core.o [1]
  .text              ro code   0x800'6bbc   0x3f0  usbd_cdc.o [1]
  .text              ro code   0x800'6fac    0x36  functions.o [1]
  .text              ro code   0x800'6fe4   0xf46  xprintffull.o [2]
  .text              ro code   0x800'7f2c    0x66  ABImemset.o [4]
  .text              ro code   0x800'7f94    0x70  strncpy.o [4]
  .text              ro code   0x800'8004    0x7c  heap_1.o [1]
  .text              ro code   0x800'8080    0x9a  list.o [1]
  .text              ro code   0x800'811c   0x1ac  port.o [1]
  .text              ro code   0x800'82c8    0x18  freertos.o [1]
  .text              ro code   0x800'82e0   0x35e  usbd_conf.o [1]
  .text              ro code   0x800'8640   0x850  usbd_ctlreq.o [1]
  .text              ro code   0x800'8e90    0xc4  usbd_ioreq.o [1]
  .text              ro code   0x800'8f54    0x78  xlocale_c.o [2]
  .text              ro code   0x800'8fcc    0x16  strchr.o [4]
  .text              ro code   0x800'8fe4    0x40  xfail_s.o [2]
  .text              ro code   0x800'9024    0x36  strlen.o [4]
  .text              ro code   0x800'905c    0x58  memchr.o [4]
  .text              ro code   0x800'90b4     0xa  xmbcurmax.o [2]
  .text              ro code   0x800'90c0   0x230  I64DivMod.o [4]
  .text              ro code   0x800'92f0    0x70  frexp.o [3]
  .text              ro code   0x800'9360    0x2e  DblCmpLe.o [3]
  .text              ro code   0x800'9390   0x13a  ldexp.o [3]
  .text              ro code   0x800'94cc    0x3a  DblToS32.o [3]
  .text              ro code   0x800'9508    0x22  S32ToDbl.o [3]
  .text              ro code   0x800'952c    0x28  DblToU32.o [3]
  .text              ro code   0x800'9554    0x1a  U32ToDbl.o [3]
  CODE               ro code   0x800'9570    0x88  portasm.o [1]
  .text              ro code   0x800'95f8   0x992  stm32f1xx_hal_pcd.o [1]
  .text              ro code   0x800'9f8a    0x4c  stm32f1xx_hal_pcd_ex.o [1]
  .text              ro code   0x800'9fd6     0x6  abort.o [2]
  .text              ro code   0x800'9fdc     0x2  I64DivZer.o [4]
  .text              ro code   0x800'9fde   0xaca  stm32f1xx_ll_usb.o [1]
  .text              ro code   0x800'aaa8    0x14  exit.o [5]
  .text              ro code   0x800'aabc   0x15e  usbd_desc.o [1]
  .rodata            const     0x800'ac1c    0x58  stm32f1xx_hal_cortex.o [1]
  .rodata            const     0x800'ac74    0x58  stm32f1xx_hal_gpio.o [1]
  .rodata            const     0x800'accc    0x58  stm32f1xx_hal_rcc_ex.o [1]
  .rodata            const     0x800'ad24    0x58  stm32f1xx_hal_tim_ex.o [1]
  .rodata            const     0x800'ad7c    0x58  stm32f1xx_hal_uart.o [1]
  .text              ro code   0x800'add4    0x58  system_stm32f1xx.o [1]
  .rodata            const     0x800'ae2c    0x54  stm32f1xx_hal_i2c.o [1]
  .rodata            const     0x800'ae80    0x54  stm32f1xx_hal_pcd.o [1]
  .rodata            const     0x800'aed4    0x54  stm32f1xx_hal_rcc.o [1]
  .rodata            const     0x800'af28    0x54  stm32f1xx_hal_tim.o [1]
  .text              ro code   0x800'af7c    0x40  stm32f1xx_it.o [1]
  .text              ro code   0x800'afbc    0x28  data_init.o [4]
  .iar.init_table    const     0x800'afe4    0x20  - Linker created -
  .text              ro code   0x800'b004    0x1e  cmain.o [4]
  .text              ro code   0x800'b022     0x4  low_level_init.o [2]
  .text              ro code   0x800'b026     0x4  exit.o [2]
  .text              ro code   0x800'b02c     0xa  cexit.o [4]
  .rodata            const     0x800'b038    0x1c  main.o [1]
  .rodata            const     0x800'b054    0x1c  main.o [1]
  .rodata            const     0x800'b070    0x1c  main.o [1]
  .rodata            const     0x800'b08c    0x1c  main.o [1]
  .rodata            const     0x800'b0a8    0x1c  main.o [1]
  .rodata            const     0x800'b0c4    0x18  usbd_desc.o [1]
  .rodata            const     0x800'b0dc    0x14  usbd_desc.o [1]
  .rodata            const     0x800'b0f0    0x10  main.o [1]
  .rodata            const     0x800'b100    0x10  stm32f1xx_hal_rcc.o [1]
  .rodata            const     0x800'b110    0x10  system_stm32f1xx.o [1]
  .rodata            const     0x800'b120    0x10  usbd_desc.o [1]
  .text              ro code   0x800'b130    0x10  startup_stm32f103xb.o [1]
  .rodata            const     0x800'b140     0xc  main.o [1]
  .rodata            const     0x800'b14c     0xc  main.o [1]
  .rodata            const     0x800'b158     0xc  main.o [1]
  .rodata            const     0x800'b164     0xc  main.o [1]
  .rodata            const     0x800'b170     0xc  main.o [1]
  .rodata            const     0x800'b17c     0xc  main.o [1]
  .rodata            const     0x800'b188     0xc  usbd_desc.o [1]
  .text              ro code   0x800'b194     0xc  cstartup_M.o [4]
  .rodata            const     0x800'b1a0     0x8  main.o [1]
  .rodata            const     0x800'b1a8     0x8  main.o [1]
  .rodata            const     0x800'b1b0     0x8  main.o [1]
  .rodata            const     0x800'b1b8     0x8  system_stm32f1xx.o [1]
  .rodata            const     0x800'b1c0     0x8  tasks.o [1]
  .rodata            const     0x800'b1c8     0x6  xlocale_c.o [2]
  .text              ro code   0x800'b1ce     0x4  startup_stm32f103xb.o [1]
  .text              ro code   0x800'b1d2     0x4  startup_stm32f103xb.o [1]
  .text              ro code   0x800'b1d6     0x4  startup_stm32f103xb.o [1]
  .text              ro code   0x800'b1da     0x4  startup_stm32f103xb.o [1]
  .text              ro code   0x800'b1de     0x4  startup_stm32f103xb.o [1]
  .text              ro code   0x800'b1e2     0x4  startup_stm32f103xb.o [1]
  .text              ro code   0x800'b1e6     0x4  startup_stm32f103xb.o [1]
  .text              ro code   0x800'b1ea     0x4  startup_stm32f103xb.o [1]
  .text              ro code   0x800'b1ee     0x4  startup_stm32f103xb.o [1]
  .text              ro code   0x800'b1f2     0x4  startup_stm32f103xb.o [1]
  .text              ro code   0x800'b1f6     0x4  startup_stm32f103xb.o [1]
  .text              ro code   0x800'b1fa     0x4  startup_stm32f103xb.o [1]
  .text              ro code   0x800'b1fe     0x4  startup_stm32f103xb.o [1]
  .text              ro code   0x800'b202     0x4  startup_stm32f103xb.o [1]
  .text              ro code   0x800'b206     0x4  startup_stm32f103xb.o [1]
  .text              ro code   0x800'b20a     0x4  startup_stm32f103xb.o [1]
  .text              ro code   0x800'b20e     0x4  startup_stm32f103xb.o [1]
  .text              ro code   0x800'b212     0x4  startup_stm32f103xb.o [1]
  .text              ro code   0x800'b216     0x4  startup_stm32f103xb.o [1]
  .text              ro code   0x800'b21a     0x4  startup_stm32f103xb.o [1]
  .text              ro code   0x800'b21e     0x4  startup_stm32f103xb.o [1]
  .text              ro code   0x800'b222     0x4  startup_stm32f103xb.o [1]
  .text              ro code   0x800'b226     0x4  startup_stm32f103xb.o [1]
  .text              ro code   0x800'b22a     0x4  startup_stm32f103xb.o [1]
  .text              ro code   0x800'b22e     0x4  startup_stm32f103xb.o [1]
  .text              ro code   0x800'b232     0x4  startup_stm32f103xb.o [1]
  .text              ro code   0x800'b236     0x4  startup_stm32f103xb.o [1]
  .text              ro code   0x800'b23a     0x4  startup_stm32f103xb.o [1]
  .text              ro code   0x800'b23e     0x4  startup_stm32f103xb.o [1]
  .text              ro code   0x800'b242     0x4  startup_stm32f103xb.o [1]
  .text              ro code   0x800'b246     0x4  startup_stm32f103xb.o [1]
  .text              ro code   0x800'b24a     0x4  startup_stm32f103xb.o [1]
  .text              ro code   0x800'b24e     0x4  startup_stm32f103xb.o [1]
  .text              ro code   0x800'b252     0x4  startup_stm32f103xb.o [1]
  .text              ro code   0x800'b256     0x4  startup_stm32f103xb.o [1]
  .text              ro code   0x800'b25a     0x4  startup_stm32f103xb.o [1]
  .text              ro code   0x800'b25e     0x4  startup_stm32f103xb.o [1]
  .text              ro code   0x800'b262     0x4  startup_stm32f103xb.o [1]
  .text              ro code   0x800'b266     0x4  startup_stm32f103xb.o [1]
  .rodata            const     0x800'b26a     0x0  zero_init3.o [4]
  .rodata            const     0x800'b26a     0x0  lz77_init_single.o [4]
  Initializer bytes  const     0x800'b26a   0x142  <for P2-1>
                             - 0x800'b3ac  0xb2c0

"P2", part 1 of 3:                          0x26e
  P2-1                        0x2000'0000   0x26e  <Init block>
    .data            inited   0x2000'0000     0x4  main.o [1]
    .data            inited   0x2000'0004     0x4  main.o [1]
    .data            inited   0x2000'0008     0x4  main.o [1]
    .data            inited   0x2000'000c     0x4  main.o [1]
    .data            inited   0x2000'0010     0x4  main.o [1]
    .data            inited   0x2000'0014     0x4  main.o [1]
    .data            inited   0x2000'0018     0x4  main.o [1]
    .data            inited   0x2000'001c     0x4  main.o [1]
    .data            inited   0x2000'0020     0x4  main.o [1]
    .data            inited   0x2000'0024     0x4  main.o [1]
    .data            inited   0x2000'0028     0x4  main.o [1]
    .data            inited   0x2000'002c     0x4  main.o [1]
    .data            inited   0x2000'0030     0x4  main.o [1]
    .data            inited   0x2000'0034     0x4  main.o [1]
    .data            inited   0x2000'0038     0x4  main.o [1]
    .data            inited   0x2000'003c     0x4  main.o [1]
    .data            inited   0x2000'0040     0x4  main.o [1]
    .data            inited   0x2000'0044     0x4  main.o [1]
    .data            inited   0x2000'0048     0x4  main.o [1]
    .data            inited   0x2000'004c     0x4  main.o [1]
    .data            inited   0x2000'0050     0x4  main.o [1]
    .data            inited   0x2000'0054     0x4  main.o [1]
    .data            inited   0x2000'0058     0x4  main.o [1]
    .data            inited   0x2000'005c     0x4  main.o [1]
    .data            inited   0x2000'0060     0x4  main.o [1]
    .data            inited   0x2000'0064     0x4  main.o [1]
    .data            inited   0x2000'0068     0x4  main.o [1]
    .data            inited   0x2000'006c     0x4  port.o [1]
    .data            inited   0x2000'0070     0x4  stm32f1xx_hal.o [1]
    .data            inited   0x2000'0074     0x4  system_stm32f1xx.o [1]
    .data            inited   0x2000'0078     0xc  usbd_cdc.o [1]
    .data            inited   0x2000'0084    0x38  usbd_cdc.o [1]
    .data            inited   0x2000'00bc    0x44  usbd_cdc.o [1]
    .data            inited   0x2000'0100    0x44  usbd_cdc.o [1]
    .data            inited   0x2000'0144    0x44  usbd_cdc.o [1]
    .data            inited   0x2000'0188    0x10  usbd_cdc_if.o [1]
    .data            inited   0x2000'0198    0x1c  usbd_desc.o [1]
    .data            inited   0x2000'01b4    0x14  usbd_desc.o [1]
    .data            inited   0x2000'01c8     0x4  usbd_desc.o [1]
    .data            inited   0x2000'01cc    0x1c  usbd_desc.o [1]
    .data            inited   0x2000'01e8    0x38  xlocale_c.o [2]
    .data            inited   0x2000'0220    0x48  xlocale_c.o [2]
    .data            inited   0x2000'0268     0x2  main.o [1]
    .data            inited   0x2000'026a     0x2  main.o [1]
    .data            inited   0x2000'026c     0x1  main.o [1]
    .data            inited   0x2000'026d     0x1  stm32f1xx_hal.o [1]
                            - 0x2000'026e   0x26e

"P2", part 2 of 3:                         0x2fc4
  .bss               zero     0x2000'0270  0x2000  heap_1.o [1]
  .bss               zero     0x2000'2270   0x2c4  usb_device.o [1]
  .bss               zero     0x2000'2534   0x26c  usbd_conf.o [1]
  .bss               zero     0x2000'27a0   0x220  usbd_conf.o [1]
  .bss               zero     0x2000'29c0   0x200  freertos.o [1]
  .bss               zero     0x2000'2bc0   0x200  usbd_desc.o [1]
  .bss               zero     0x2000'2dc0    0x8c  tasks.o [1]
  .bss               zero     0x2000'2e4c    0x54  freertos.o [1]
  .bss               zero     0x2000'2ea0    0x54  main.o [1]
  .bss               zero     0x2000'2ef4    0x40  main.o [1]
  .bss               zero     0x2000'2f34    0x40  main.o [1]
  .bss               zero     0x2000'2f74    0x40  main.o [1]
  .bss               zero     0x2000'2fb4    0x40  main.o [1]
  .bss               zero     0x2000'2ff4    0x40  main.o [1]
  .bss               zero     0x2000'3034    0x40  stm32f1xx_hal_timebase_tim.o [1]
  .bss               zero     0x2000'3074    0x40  usbd_cdc_if.o [1]
  .bss               zero     0x2000'30b4    0x40  usbd_cdc_if.o [1]
  .bss               zero     0x2000'30f4    0x20  main.o [1]
  .bss               zero     0x2000'3114    0x20  main.o [1]
  .bss               zero     0x2000'3134    0x14  tasks.o [1]
  .bss               zero     0x2000'3148    0x14  tasks.o [1]
  .bss               zero     0x2000'315c    0x14  tasks.o [1]
  .bss               zero     0x2000'3170    0x14  tasks.o [1]
  .bss               zero     0x2000'3184    0x14  tasks.o [1]
  .bss               zero     0x2000'3198     0x4  heap_1.o [1]
  .bss               zero     0x2000'319c     0x4  heap_1.o [1]
  .bss               zero     0x2000'31a0     0x4  main.o [1]
  .bss               zero     0x2000'31a4     0x4  main.o [1]
  .bss               zero     0x2000'31a8     0x4  main.o [1]
  .bss               zero     0x2000'31ac     0x4  main.o [1]
  .bss               zero     0x2000'31b0     0x4  main.o [1]
  .bss               zero     0x2000'31b4     0x4  main.o [1]
  .bss               zero     0x2000'31b8     0x4  main.o [1]
  .bss               zero     0x2000'31bc     0x4  main.o [1]
  .bss               zero     0x2000'31c0     0x4  main.o [1]
  .bss               zero     0x2000'31c4     0x4  main.o [1]
  .bss               zero     0x2000'31c8     0x4  main.o [1]
  .bss               zero     0x2000'31cc     0x4  main.o [1]
  .bss               zero     0x2000'31d0     0x4  main.o [1]
  .bss               zero     0x2000'31d4     0x4  main.o [1]
  .bss               zero     0x2000'31d8     0x4  main.o [1]
  .bss               zero     0x2000'31dc     0x4  port.o [1]
  .bss               zero     0x2000'31e0     0x4  stm32f1xx_hal.o [1]
  .bss               zero     0x2000'31e4     0x4  tasks.o [1]
  .bss               zero     0x2000'31e8     0x4  tasks.o [1]
  .bss               zero     0x2000'31ec     0x4  tasks.o [1]
  .bss               zero     0x2000'31f0     0x4  tasks.o [1]
  .bss               zero     0x2000'31f4     0x4  tasks.o [1]
  .bss               zero     0x2000'31f8     0x4  tasks.o [1]
  .bss               zero     0x2000'31fc     0x4  tasks.o [1]
  .bss               zero     0x2000'3200     0x4  tasks.o [1]
  .bss               zero     0x2000'3204     0x4  tasks.o [1]
  .bss               zero     0x2000'3208     0x4  tasks.o [1]
  .bss               zero     0x2000'320c     0x4  tasks.o [1]
  .bss               zero     0x2000'3210     0x4  tasks.o [1]
  .bss               zero     0x2000'3214     0x4  tasks.o [1]
  .bss               zero     0x2000'3218     0x4  tasks.o [1]
  .bss               zero     0x2000'321c     0x4  tasks.o [1]
  .bss               zero     0x2000'3220     0x4  xfail_s.o [2]
  .bss               zero     0x2000'3224     0x2  i2c_handler.o [1]
  .bss               zero     0x2000'3226     0x2  i2c_handler.o [1]
  .bss               zero     0x2000'3228     0x2  main.o [1]
  .bss               zero     0x2000'322a     0x2  main.o [1]
  .bss               zero     0x2000'322c     0x2  main.o [1]
  .bss               zero     0x2000'322e     0x1  main.o [1]
  .bss               zero     0x2000'322f     0x1  main.o [1]
  .bss               zero     0x2000'3230     0x1  main.o [1]
  .bss               zero     0x2000'3231     0x1  port.o [1]
  .bss               zero     0x2000'3232     0x1  usbd_ctlreq.o [1]
                            - 0x2000'3233  0x2fc3

"P2", part 3 of 3:                          0x600
  CSTACK                      0x2000'3238   0x600  <Block>
    CSTACK           uninit   0x2000'3238   0x600  <Block tail>
                            - 0x2000'3838   0x600

Unused ranges:

         From           To      Size
         ----           --      ----
   0x800'b3ac   0x801'ffff  0x1'4c54
  0x2000'026e  0x2000'026f       0x2
  0x2000'3234  0x2000'3237       0x4
  0x2000'3838  0x2000'4fff    0x17c8


*******************************************************************************
*** INIT TABLE
***

          Address      Size
          -------      ----
Zero (__iar_zero_init3)
    1 destination range, total size 0x2fc3:
          0x2000'0270  0x2fc3

Copy/lz77 (__iar_lz77_init_single3)
    1 source range, total size 0x142 (51% of destination):
           0x800'b26a   0x142
    1 destination range, total size 0x26e:
          0x2000'0000   0x26e



*******************************************************************************
*** MODULE SUMMARY
***

    Module                        ro code  ro data  rw data
    ------                        -------  -------  -------
command line/config:
    -------------------------------------------------------
    Total:

C:\GIT\4WD-ROS-Rover\STM32F103\EWARM\4WD Rover\Obj: [1]
    cmsis_os.o                        156
    freertos.o                         24               596
    functions.o                        54
    heap_1.o                          124             8 200
    i2c_handler.o                      96                 4
    list.o                            154
    main.o                          4 596      310      650
    pid.o                             182
    port.o                            428        2        9
    portasm.o                         136
    startup_stm32f103xb.o             408
    stm32f1xx_hal.o                   112        4        9
    stm32f1xx_hal_cortex.o            348       88
    stm32f1xx_hal_dma.o               214
    stm32f1xx_hal_gpio.o            1 144       88
    stm32f1xx_hal_i2c.o             6 428       84
    stm32f1xx_hal_msp.o               652
    stm32f1xx_hal_pcd.o             2 450       84
    stm32f1xx_hal_pcd_ex.o             76
    stm32f1xx_hal_rcc.o             2 336      102
    stm32f1xx_hal_rcc_ex.o            424       88
    stm32f1xx_hal_tim.o             2 566       84
    stm32f1xx_hal_tim_ex.o            512       88
    stm32f1xx_hal_timebase_tim.o      148                64
    stm32f1xx_hal_uart.o              752       88
    stm32f1xx_it.o                     64
    stm32f1xx_ll_usb.o              2 762
    system_stm32f1xx.o                 88       26        4
    tasks.o                         2 040        8      300
    usb_device.o                       88               708
    usbd_cdc.o                      1 008      140      272
    usbd_cdc_if.o                     236        9      144
    usbd_conf.o                       862             1 164
    usbd_core.o                       894
    usbd_ctlreq.o                   2 128                 1
    usbd_desc.o                       350      113      592
    usbd_ioreq.o                      196
    -------------------------------------------------------
    Total:                         35 236    1 406   12 717

dl7M_tlf.a: [2]
    abort.o                             6
    exit.o                              4
    low_level_init.o                    4
    sprintf.o                          64
    xencoding_8859_1.o                 30
    xfail_s.o                          64                 4
    xlocale_c.o                       120       72      128
    xmbcurmax.o                        10
    xprintffull.o                   3 910
    xsprout.o                          10
    -------------------------------------------------------
    Total:                          4 222       72      132

m7M_tl.a: [3]
    DblAdd.o                          378
    DblCmpGe.o                         46
    DblCmpLe.o                         46
    DblDiv.o                          582
    DblMul.o                          418
    DblSub.o                          226
    DblToFlt.o                        104
    DblToS32.o                         58
    DblToU32.o                         40
    FltAdd.o                          226
    FltCmpEq.o                         28
    FltCmpGe.o                         36
    FltCmpLe.o                         36
    FltDiv.o                          252
    FltMul.o                          216
    FltSub.o                          128
    FltToDbl.o                         72
    FltToS32.o                         42
    S32ToDbl.o                         34
    S32ToFlt.o                         36
    U32ToDbl.o                         26
    U32ToFlt.o                         28
    frexp.o                           112
    ldexp.o                           314
    lroundf.o                          42
    -------------------------------------------------------
    Total:                          3 526

rt7M_tl.a: [4]
    ABImemclr4.o                        6
    ABImemcpy.o                       166
    ABImemset.o                       102
    ABImemset48.o                      50
    I64DivMod.o                       560
    I64DivZer.o                         2
    cexit.o                            10
    cmain.o                            30
    cstartup_M.o                       12
    data_init.o                        40
    lz77_init_single.o                122
    memchr.o                           88
    strchr.o                           22
    strlen.o                           54
    strncpy.o                         112
    zero_init3.o                       58
    -------------------------------------------------------
    Total:                          1 434

shb_l.a: [5]
    exit.o                             20
    -------------------------------------------------------
    Total:                             20

    Gaps                               44        4
    Linker created                              32    1 536
-----------------------------------------------------------
    Grand Total:                   44 482    1 514   14 385


*******************************************************************************
*** ENTRY LIST
***

Entry                       Address    Size  Type      Object
-----                       -------    ----  ----      ------
.iar.init_table$$Base    0x800'afe4           --   Gb  - Linker created -
.iar.init_table$$Limit   0x800'b004           --   Gb  - Linker created -
?main                    0x800'b005          Code  Gb  cmain.o [4]
AHBPrescTable            0x800'b110    0x10  Data  Gb  system_stm32f1xx.o [1]
APBPrescTable            0x800'b1b8     0x8  Data  Gb  system_stm32f1xx.o [1]
BusFault_Handler         0x800'af83     0x2  Code  Gb  stm32f1xx_it.o [1]
CDC_Control_FS           0x800'5c37    0x42  Code  Lc  usbd_cdc_if.o [1]
CDC_DeInit_FS            0x800'5c33     0x4  Code  Lc  usbd_cdc_if.o [1]
CDC_Init_FS              0x800'5c19    0x1a  Code  Lc  usbd_cdc_if.o [1]
CDC_Receive_FS           0x800'5c79    0x42  Code  Lc  usbd_cdc_if.o [1]
CDC_Transmit_FS          0x800'5cbb    0x34  Code  Gb  usbd_cdc_if.o [1]
CSTACK$$Base            0x2000'3238           --   Gb  - Linker created -
CSTACK$$Limit           0x2000'3838           --   Gb  - Linker created -
CacheMore                0x800'8f59    0x24  Code  Lc  xlocale_c.o [2]
DebugMon_Handler         0x800'af87     0x2  Code  Gb  stm32f1xx_it.o [1]
Error_Handler            0x800'2be5     0x2  Code  Gb  main.o [1]
FL_max                  0x2000'0020     0x4  Data  Lc  main.o [1]
FL_min                  0x2000'000c     0x4  Data  Lc  main.o [1]
FL_val                  0x2000'0034     0x4  Data  Lc  main.o [1]
FR_max                  0x2000'0024     0x4  Data  Lc  main.o [1]
FR_min                  0x2000'0010     0x4  Data  Lc  main.o [1]
FR_val                  0x2000'0038     0x4  Data  Lc  main.o [1]
FS_Desc                 0x2000'0198    0x1c  Data  Gb  usbd_desc.o [1]
Get_SerialNum            0x800'ab71    0x2e  Code  Lc  usbd_desc.o [1]
HAL_DMA_Abort_IT         0x800'3829    0xb4  Code  Gb  stm32f1xx_hal_dma.o [1]
HAL_DMA_GetState         0x800'38f9     0x6  Code  Gb  stm32f1xx_hal_dma.o [1]
HAL_Delay                0x800'4361    0x28  Code  Wk  stm32f1xx_hal.o [1]
HAL_GPIO_Init            0x800'4b8d   0x3b0  Code  Gb  stm32f1xx_hal_gpio.o [1]
HAL_GPIO_TogglePin       0x800'4f8b    0x32  Code  Gb  stm32f1xx_hal_gpio.o [1]
HAL_GPIO_WritePin        0x800'4f3d    0x4e  Code  Gb  stm32f1xx_hal_gpio.o [1]
HAL_GetTick              0x800'3795     0xc  Code  Wk  stm32f1xx_hal.o [1]
HAL_I2C_ER_IRQHandler    0x800'08ab    0xee  Code  Gb  stm32f1xx_hal_i2c.o [1]
HAL_I2C_EV_IRQHandler    0x800'06fd   0x1ae  Code  Gb  stm32f1xx_hal_i2c.o [1]
HAL_I2C_Init             0x800'00ed   0x2a0  Code  Gb  stm32f1xx_hal_i2c.o [1]
HAL_I2C_Mem_Read         0x800'03b5   0x338  Code  Gb  stm32f1xx_hal_i2c.o [1]
HAL_I2C_MspInit          0x800'2c2f    0x76  Code  Gb  stm32f1xx_hal_msp.o [1]
HAL_IncTick              0x800'5e01    0x18  Code  Wk  stm32f1xx_hal.o [1]
HAL_Init                 0x800'3905    0x20  Code  Gb  stm32f1xx_hal.o [1]
HAL_InitTick             0x800'5f75    0x84  Code  Gb  stm32f1xx_hal_timebase_tim.o [1]
HAL_MspInit              0x800'2be9    0x46  Code  Gb  stm32f1xx_hal_msp.o [1]
HAL_NVIC_EnableIRQ       0x800'5f3d    0x1e  Code  Gb  stm32f1xx_hal_cortex.o [1]
HAL_NVIC_SetPriority     0x800'5efb    0x42  Code  Gb  stm32f1xx_hal_cortex.o [1]
HAL_NVIC_SetPriorityGrouping
                         0x800'5ed3    0x28  Code  Gb  stm32f1xx_hal_cortex.o [1]
HAL_PCDEx_PMAConfig      0x800'9f8b    0x4c  Code  Gb  stm32f1xx_hal_pcd_ex.o [1]
HAL_PCDEx_SetConnectionState
                         0x800'860f     0x2  Code  Gb  usbd_conf.o [1]
HAL_PCD_DataInStageCallback
                         0x800'8349    0x1e  Code  Gb  usbd_conf.o [1]
HAL_PCD_DataOutStageCallback
                         0x800'8329    0x20  Code  Gb  usbd_conf.o [1]
HAL_PCD_EP_Close         0x800'99cd    0x62  Code  Gb  stm32f1xx_hal_pcd.o [1]
HAL_PCD_EP_ClrStall      0x800'9b6f    0x78  Code  Gb  stm32f1xx_hal_pcd.o [1]
HAL_PCD_EP_GetRxCount    0x800'9a85    0x10  Code  Gb  stm32f1xx_hal_pcd.o [1]
HAL_PCD_EP_Open          0x800'992f    0x9e  Code  Gb  stm32f1xx_hal_pcd.o [1]
HAL_PCD_EP_Receive       0x800'9a2f    0x56  Code  Gb  stm32f1xx_hal_pcd.o [1]
HAL_PCD_EP_SetStall      0x800'9aeb    0x84  Code  Gb  stm32f1xx_hal_pcd.o [1]
HAL_PCD_EP_Transmit      0x800'9a95    0x56  Code  Gb  stm32f1xx_hal_pcd.o [1]
HAL_PCD_IRQHandler       0x800'97a5   0x15a  Code  Gb  stm32f1xx_hal_pcd.o [1]
HAL_PCD_Init             0x800'95f9   0x16e  Code  Gb  stm32f1xx_hal_pcd.o [1]
HAL_PCD_MspInit          0x800'82e1    0x36  Code  Gb  usbd_conf.o [1]
HAL_PCD_ResetCallback    0x800'8375    0x26  Code  Gb  usbd_conf.o [1]
HAL_PCD_ResumeCallback   0x800'83b9     0xe  Code  Gb  usbd_conf.o [1]
HAL_PCD_SOFCallback      0x800'8367     0xe  Code  Gb  usbd_conf.o [1]
HAL_PCD_SetAddress       0x800'98ff    0x30  Code  Gb  stm32f1xx_hal_pcd.o [1]
HAL_PCD_SetupStageCallback
                         0x800'8317    0x12  Code  Gb  usbd_conf.o [1]
HAL_PCD_Start            0x800'9771    0x34  Code  Gb  stm32f1xx_hal_pcd.o [1]
HAL_PCD_SuspendCallback
                         0x800'839b    0x1e  Code  Gb  usbd_conf.o [1]
HAL_RCCEx_PeriphCLKConfig
                         0x800'44f9   0x18e  Code  Gb  stm32f1xx_hal_rcc_ex.o [1]
HAL_RCC_ClockConfig      0x800'33e1   0x246  Code  Gb  stm32f1xx_hal_rcc.o [1]
HAL_RCC_GetClockConfig   0x800'36c9    0x56  Code  Gb  stm32f1xx_hal_rcc.o [1]
HAL_RCC_GetHCLKFreq      0x800'3697     0x6  Code  Gb  stm32f1xx_hal_rcc.o [1]
HAL_RCC_GetPCLK1Freq     0x800'369d    0x16  Code  Gb  stm32f1xx_hal_rcc.o [1]
HAL_RCC_GetPCLK2Freq     0x800'36b3    0x16  Code  Gb  stm32f1xx_hal_rcc.o [1]
HAL_RCC_GetSysClockFreq
                         0x800'3627    0x70  Code  Gb  stm32f1xx_hal_rcc.o [1]
HAL_RCC_OscConfig        0x800'2e75   0x56c  Code  Gb  stm32f1xx_hal_rcc.o [1]
HAL_TIMEx_BreakCallback
                         0x800'600f     0x2  Code  Wk  stm32f1xx_hal_tim_ex.o [1]
HAL_TIMEx_CommutCallback
                         0x800'6013     0x2  Code  Wk  stm32f1xx_hal_tim_ex.o [1]
HAL_TIMEx_ConfigBreakDeadTime
                         0x800'4769   0x124  Code  Gb  stm32f1xx_hal_tim_ex.o [1]
HAL_TIMEx_MasterConfigSynchronization
                         0x800'46a1    0xc8  Code  Gb  stm32f1xx_hal_tim_ex.o [1]
HAL_TIM_Base_Init        0x800'3929    0xce  Code  Gb  stm32f1xx_hal_tim.o [1]
HAL_TIM_Base_Start_IT    0x800'39f7    0x5e  Code  Gb  stm32f1xx_hal_tim.o [1]
HAL_TIM_IRQHandler       0x800'3bf1   0x176  Code  Gb  stm32f1xx_hal_tim.o [1]
HAL_TIM_MspPostInit      0x800'2d03    0xe2  Code  Gb  stm32f1xx_hal_msp.o [1]
HAL_TIM_PWM_ConfigChannel
                         0x800'3d67   0x232  Code  Gb  stm32f1xx_hal_tim.o [1]
HAL_TIM_PWM_Init         0x800'3a65    0xc6  Code  Gb  stm32f1xx_hal_tim.o [1]
HAL_TIM_PWM_MspInit      0x800'2ca5    0x5e  Code  Gb  stm32f1xx_hal_msp.o [1]
HAL_TIM_PWM_Start        0x800'3b31    0xb0  Code  Gb  stm32f1xx_hal_tim.o [1]
HAL_TIM_PeriodElapsedCallback
                         0x800'2ab5    0x12  Code  Gb  main.o [1]
HAL_UART_Init            0x800'489d   0x110  Code  Gb  stm32f1xx_hal_uart.o [1]
HAL_UART_MspInit         0x800'2de5    0x6c  Code  Gb  stm32f1xx_hal_msp.o [1]
HardFault_Handler        0x800'af7f     0x2  Code  Gb  stm32f1xx_it.o [1]
I2C1_ER_IRQHandler       0x800'afa7     0xa  Code  Gb  stm32f1xx_it.o [1]
I2C1_EV_IRQHandler       0x800'af9d     0xa  Code  Gb  stm32f1xx_it.o [1]
I2C_ConvertOtherXferOptions
                         0x800'19d9    0x1c  Code  Lc  stm32f1xx_hal_i2c.o [1]
I2C_DMAAbort             0x800'16f1    0xa2  Code  Lc  stm32f1xx_hal_i2c.o [1]
I2C_ITError              0x800'1417   0x17e  Code  Lc  stm32f1xx_hal_i2c.o [1]
I2C_IsAcknowledgeFailed
                         0x800'19a1    0x38  Code  Lc  stm32f1xx_hal_i2c.o [1]
I2C_MasterReceive_BTF    0x800'0c43   0x128  Code  Lc  stm32f1xx_hal_i2c.o [1]
I2C_MasterReceive_RXNE   0x800'0b9d    0xa6  Code  Lc  stm32f1xx_hal_i2c.o [1]
I2C_MasterTransmit_BTF   0x800'0af9    0xa4  Code  Lc  stm32f1xx_hal_i2c.o [1]
I2C_MasterTransmit_TXE   0x800'0999   0x160  Code  Lc  stm32f1xx_hal_i2c.o [1]
I2C_Master_ADD10         0x800'0e1d    0x32  Code  Lc  stm32f1xx_hal_i2c.o [1]
I2C_Master_ADDR          0x800'0e4f   0x258  Code  Lc  stm32f1xx_hal_i2c.o [1]
I2C_Master_SB            0x800'0d6b    0xb2  Code  Lc  stm32f1xx_hal_i2c.o [1]
I2C_RequestMemoryRead    0x800'1599   0x154  Code  Lc  stm32f1xx_hal_i2c.o [1]
I2C_SlaveReceive_BTF     0x800'1161    0x1c  Code  Lc  stm32f1xx_hal_i2c.o [1]
I2C_SlaveReceive_RXNE    0x800'1113    0x4e  Code  Lc  stm32f1xx_hal_i2c.o [1]
I2C_SlaveTransmit_BTF    0x800'10f7    0x1c  Code  Lc  stm32f1xx_hal_i2c.o [1]
I2C_SlaveTransmit_TXE    0x800'10a9    0x4e  Code  Lc  stm32f1xx_hal_i2c.o [1]
I2C_Slave_ADDR           0x800'117d    0x5c  Code  Lc  stm32f1xx_hal_i2c.o [1]
I2C_Slave_AF             0x800'1373    0xa4  Code  Lc  stm32f1xx_hal_i2c.o [1]
I2C_Slave_STOPF          0x800'11d9   0x19a  Code  Lc  stm32f1xx_hal_i2c.o [1]
I2C_WaitOnFlagUntilTimeout
                         0x800'1793    0x8a  Code  Lc  stm32f1xx_hal_i2c.o [1]
I2C_WaitOnMasterAddressFlagUntilTimeout
                         0x800'181d    0xba  Code  Lc  stm32f1xx_hal_i2c.o [1]
I2C_WaitOnRXNEFlagUntilTimeout
                         0x800'192f    0x72  Code  Lc  stm32f1xx_hal_i2c.o [1]
I2C_WaitOnTXEFlagUntilTimeout
                         0x800'18d7    0x58  Code  Lc  stm32f1xx_hal_i2c.o [1]
I2Cx_ReadData            0x800'5da1    0x58  Code  Gb  i2c_handler.o [1]
IntToUnicode             0x800'abcd    0x4e  Code  Lc  usbd_desc.o [1]
LoadInt                  0x800'71a7    0x7a  Code  Lc  xprintffull.o [2]
MX_GPIO_Init             0x800'1e37    0xe0  Code  Lc  main.o [1]
MX_I2C1_Init             0x800'1b95    0x3e  Code  Lc  main.o [1]
MX_TIM1_Init             0x800'1bd3    0xe2  Code  Lc  main.o [1]
MX_TIM2_Init             0x800'1cb5    0xc0  Code  Lc  main.o [1]
MX_TIM3_Init             0x800'1d75    0x8a  Code  Lc  main.o [1]
MX_USART2_UART_Init      0x800'1dff    0x38  Code  Lc  main.o [1]
MX_USB_DEVICE_Init       0x800'55b5    0x58  Code  Gb  usb_device.o [1]
MemManage_Handler        0x800'af81     0x2  Code  Gb  stm32f1xx_it.o [1]
NMI_Handler              0x800'af7d     0x2  Code  Gb  stm32f1xx_it.o [1]
NVIC_EncodePriority      0x800'5e93    0x40  Code  Lc  stm32f1xx_hal_cortex.o [1]
PCD_EP_ISR_Handler       0x800'9be7   0x3a4  Code  Lc  stm32f1xx_hal_pcd.o [1]
PendSV_Handler           0x800'9571          Code  Gb  portasm.o [1]
RCC_Delay                0x800'3729    0x26  Code  Lc  stm32f1xx_hal_rcc.o [1]
RL_max                  0x2000'0028     0x4  Data  Lc  main.o [1]
RL_min                  0x2000'0014     0x4  Data  Lc  main.o [1]
RL_val                  0x2000'003c     0x4  Data  Lc  main.o [1]
RR_max                  0x2000'002c     0x4  Data  Lc  main.o [1]
RR_min                  0x2000'0018     0x4  Data  Lc  main.o [1]
RR_val                  0x2000'0040     0x4  Data  Lc  main.o [1]
Region$$Table$$Base      0x800'afe4           --   Gb  - Linker created -
Region$$Table$$Limit     0x800'b004           --   Gb  - Linker created -
ST_max                  0x2000'0030     0x4  Data  Lc  main.o [1]
ST_min                  0x2000'001c     0x4  Data  Lc  main.o [1]
ST_val                  0x2000'0044     0x4  Data  Lc  main.o [1]
SVC_Handler              0x800'95b7          Code  Gb  portasm.o [1]
SizeofCharArray          0x800'1f17    0x16  Code  Gb  main.o [1]
StartCommTask            0x800'21dd   0x4c2  Code  Gb  main.o [1]
StartDefaultTask         0x800'1fcd    0x1e  Code  Gb  main.o [1]
StartMotorControlTask    0x800'1feb   0x1b8  Code  Gb  main.o [1]
StartSensorTask          0x800'2a73    0x3a  Code  Gb  main.o [1]
StartServoTask           0x800'26d9   0x39a  Code  Gb  main.o [1]
SysTick_Handler          0x800'8255    0x28  Code  Gb  port.o [1]
SystemClock_Config       0x800'1b0d    0x88  Code  Gb  main.o [1]
SystemCoreClock         0x2000'0074     0x4  Data  Gb  system_stm32f1xx.o [1]
SystemInit               0x800'add5    0x3e  Code  Gb  system_stm32f1xx.o [1]
TIM4_IRQHandler          0x800'af93     0xa  Code  Gb  stm32f1xx_it.o [1]
TIM_Base_SetConfig       0x800'3fa9    0x6e  Code  Gb  stm32f1xx_hal_tim.o [1]
TIM_CCxChannelCmd        0x800'42a9    0x68  Code  Gb  stm32f1xx_hal_tim.o [1]
TIM_OC1_SetConfig        0x800'4017    0xae  Code  Lc  stm32f1xx_hal_tim.o [1]
TIM_OC2_SetConfig        0x800'40c5    0xb4  Code  Gb  stm32f1xx_hal_tim.o [1]
TIM_OC3_SetConfig        0x800'4179    0xb8  Code  Lc  stm32f1xx_hal_tim.o [1]
TIM_OC4_SetConfig        0x800'4231    0x6a  Code  Lc  stm32f1xx_hal_tim.o [1]
UART_SetConfig           0x800'49bd   0x1c0  Code  Lc  stm32f1xx_hal_uart.o [1]
USBD_CDC                0x2000'0084    0x38  Data  Gb  usbd_cdc.o [1]
USBD_CDC_CfgFSDesc      0x2000'0100    0x44  Data  Gb  usbd_cdc.o [1]
USBD_CDC_CfgHSDesc      0x2000'00bc    0x44  Data  Gb  usbd_cdc.o [1]
USBD_CDC_DataIn          0x800'6dd7    0x74  Code  Lc  usbd_cdc.o [1]
USBD_CDC_DataOut         0x800'6e4b    0x38  Code  Lc  usbd_cdc.o [1]
USBD_CDC_DeInit          0x800'6c85    0x52  Code  Lc  usbd_cdc.o [1]
USBD_CDC_DeviceQualifierDesc
                        0x2000'0078     0xc  Data  Lc  usbd_cdc.o [1]
USBD_CDC_EP0_RxReady     0x800'6e83    0x36  Code  Lc  usbd_cdc.o [1]
USBD_CDC_GetDeviceQualifierDescriptor
                         0x800'6ed7     0xa  Code  Gb  usbd_cdc.o [1]
USBD_CDC_GetFSCfgDesc    0x800'6eb9     0xa  Code  Lc  usbd_cdc.o [1]
USBD_CDC_GetHSCfgDesc    0x800'6ec3     0xa  Code  Lc  usbd_cdc.o [1]
USBD_CDC_GetOtherSpeedCfgDesc
                         0x800'6ecd     0xa  Code  Lc  usbd_cdc.o [1]
USBD_CDC_Init            0x800'6bbd    0xc8  Code  Lc  usbd_cdc.o [1]
USBD_CDC_OtherSpeedCfgDesc
                        0x2000'0144    0x44  Data  Gb  usbd_cdc.o [1]
USBD_CDC_ReceivePacket   0x800'6f6f    0x3e  Code  Gb  usbd_cdc.o [1]
USBD_CDC_RegisterInterface
                         0x800'6ef1    0x14  Code  Gb  usbd_cdc.o [1]
USBD_CDC_SetRxBuffer     0x800'6f1f     0xe  Code  Gb  usbd_cdc.o [1]
USBD_CDC_SetTxBuffer     0x800'6f05    0x1a  Code  Gb  usbd_cdc.o [1]
USBD_CDC_Setup           0x800'6cd7   0x100  Code  Lc  usbd_cdc.o [1]
USBD_CDC_TransmitPacket
                         0x800'6f2d    0x42  Code  Gb  usbd_cdc.o [1]
USBD_ClrClassConfig      0x800'68cd    0x18  Code  Gb  usbd_core.o [1]
USBD_ClrFeature          0x800'8dc1    0x2e  Code  Lc  usbd_ctlreq.o [1]
USBD_CtlContinueRx       0x800'8f07    0x1a  Code  Gb  usbd_ioreq.o [1]
USBD_CtlContinueSendData
                         0x800'8ebd    0x1a  Code  Gb  usbd_ioreq.o [1]
USBD_CtlError            0x800'8e17    0x18  Code  Gb  usbd_ctlreq.o [1]
USBD_CtlPrepareRx        0x800'8ed7    0x30  Code  Gb  usbd_ioreq.o [1]
USBD_CtlReceiveStatus    0x800'8f3b    0x1a  Code  Gb  usbd_ioreq.o [1]
USBD_CtlSendData         0x800'8e91    0x2c  Code  Gb  usbd_ioreq.o [1]
USBD_CtlSendStatus       0x800'8f21    0x1a  Code  Gb  usbd_ioreq.o [1]
USBD_FS_ConfigStrDescriptor
                         0x800'ab21    0x28  Code  Gb  usbd_desc.o [1]
USBD_FS_DeviceDesc      0x2000'01b4    0x14  Data  Gb  usbd_desc.o [1]
USBD_FS_DeviceDescriptor
                         0x800'aabd     0xa  Code  Gb  usbd_desc.o [1]
USBD_FS_InterfaceStrDescriptor
                         0x800'ab49    0x28  Code  Gb  usbd_desc.o [1]
USBD_FS_LangIDStrDescriptor
                         0x800'aac7     0xa  Code  Gb  usbd_desc.o [1]
USBD_FS_ManufacturerStrDescriptor
                         0x800'aaf9    0x16  Code  Gb  usbd_desc.o [1]
USBD_FS_ProductStrDescriptor
                         0x800'aad1    0x28  Code  Gb  usbd_desc.o [1]
USBD_FS_SerialStrDescriptor
                         0x800'ab0f    0x12  Code  Gb  usbd_desc.o [1]
USBD_GetConfig           0x800'8d0d    0x4e  Code  Lc  usbd_ctlreq.o [1]
USBD_GetDescriptor       0x800'89d1   0x202  Code  Lc  usbd_ctlreq.o [1]
USBD_GetLen              0x800'8e7d    0x14  Code  Lc  usbd_ctlreq.o [1]
USBD_GetStatus           0x800'8d5b    0x4c  Code  Lc  usbd_ctlreq.o [1]
USBD_GetString           0x800'8e2f    0x4e  Code  Gb  usbd_ctlreq.o [1]
USBD_Get_USB_Status      0x800'8611    0x2e  Code  Lc  usbd_conf.o [1]
USBD_Init                0x800'683f    0x38  Code  Gb  usbd_core.o [1]
USBD_Interface_fops_FS  0x2000'0188    0x10  Data  Gb  usbd_cdc_if.o [1]
USBD_LL_ClearStallEP     0x800'84f1    0x2a  Code  Gb  usbd_conf.o [1]
USBD_LL_CloseEP          0x800'849d    0x2a  Code  Gb  usbd_conf.o [1]
USBD_LL_DataInStage      0x800'69fb   0x10c  Code  Gb  usbd_core.o [1]
USBD_LL_DataOutStage     0x800'694d    0xae  Code  Gb  usbd_core.o [1]
USBD_LL_GetRxDataSize    0x800'85df    0x14  Code  Gb  usbd_conf.o [1]
USBD_LL_Init             0x800'83c7    0x80  Code  Gb  usbd_conf.o [1]
USBD_LL_IsStallEP        0x800'851b    0x2e  Code  Gb  usbd_conf.o [1]
USBD_LL_OpenEP           0x800'8465    0x38  Code  Gb  usbd_conf.o [1]
USBD_LL_PrepareReceive   0x800'85a9    0x36  Code  Gb  usbd_conf.o [1]
USBD_LL_Reset            0x800'6b07    0x60  Code  Gb  usbd_core.o [1]
USBD_LL_Resume           0x800'6b83    0x16  Code  Gb  usbd_core.o [1]
USBD_LL_SOF              0x800'6b99    0x24  Code  Gb  usbd_core.o [1]
USBD_LL_SetSpeed         0x800'6b67     0x8  Code  Gb  usbd_core.o [1]
USBD_LL_SetUSBAddress    0x800'8549    0x2a  Code  Gb  usbd_conf.o [1]
USBD_LL_SetupStage       0x800'68e5    0x68  Code  Gb  usbd_core.o [1]
USBD_LL_StallEP          0x800'84c7    0x2a  Code  Gb  usbd_conf.o [1]
USBD_LL_Start            0x800'8447    0x1e  Code  Gb  usbd_conf.o [1]
USBD_LL_Suspend          0x800'6b6f    0x14  Code  Gb  usbd_core.o [1]
USBD_LL_Transmit         0x800'8573    0x36  Code  Gb  usbd_conf.o [1]
USBD_LangIDDesc         0x2000'01c8     0x4  Data  Gb  usbd_desc.o [1]
USBD_ParseSetupRequest   0x800'8def    0x28  Code  Gb  usbd_ctlreq.o [1]
USBD_RegisterClass       0x800'6877    0x16  Code  Gb  usbd_core.o [1]
USBD_RunTestMode         0x800'689b     0x6  Code  Gb  usbd_core.o [1]
USBD_SetAddress          0x800'8bd3    0x68  Code  Lc  usbd_ctlreq.o [1]
USBD_SetClassConfig      0x800'68a1    0x2c  Code  Gb  usbd_core.o [1]
USBD_SetConfig           0x800'8c3b    0xce  Code  Lc  usbd_ctlreq.o [1]
USBD_SetConfig::cfgidx  0x2000'3232     0x1  Data  Lc  usbd_ctlreq.o [1]
USBD_SetFeature          0x800'8da7    0x1a  Code  Lc  usbd_ctlreq.o [1]
USBD_Start               0x800'688d     0xe  Code  Gb  usbd_core.o [1]
USBD_StdDevReq           0x800'8641    0xa6  Code  Gb  usbd_ctlreq.o [1]
USBD_StdEPReq            0x800'8755   0x27c  Code  Gb  usbd_ctlreq.o [1]
USBD_StdItfReq           0x800'86e7    0x6e  Code  Gb  usbd_ctlreq.o [1]
USBD_StrDesc            0x2000'2bc0   0x200  Data  Gb  usbd_desc.o [1]
USBD_StringSerial       0x2000'01cc    0x1c  Data  Gb  usbd_desc.o [1]
USBD_static_free         0x800'860d     0x2  Code  Gb  usbd_conf.o [1]
USBD_static_malloc       0x800'85f3     0x6  Code  Gb  usbd_conf.o [1]
USBD_static_malloc::mem
                        0x2000'27a0   0x220  Data  Lc  usbd_conf.o [1]
USB_ActivateEndpoint     0x800'a043   0x362  Code  Gb  stm32f1xx_ll_usb.o [1]
USB_CoreInit             0x800'9fdf     0xa  Code  Gb  stm32f1xx_ll_usb.o [1]
USB_DeactivateEndpoint   0x800'a3a5   0x1ba  Code  Gb  stm32f1xx_ll_usb.o [1]
USB_DevConnect           0x800'a9d9     0x6  Code  Gb  stm32f1xx_ll_usb.o [1]
USB_DevDisconnect        0x800'a9df     0x6  Code  Gb  stm32f1xx_ll_usb.o [1]
USB_DevInit              0x800'a017    0x2c  Code  Gb  stm32f1xx_ll_usb.o [1]
USB_DisableGlobalInt     0x800'9ffd    0x14  Code  Gb  stm32f1xx_ll_usb.o [1]
USB_EP0_OutStart         0x800'a9ed     0x6  Code  Gb  stm32f1xx_ll_usb.o [1]
USB_EPClearStall         0x800'a91f    0xa6  Code  Gb  stm32f1xx_ll_usb.o [1]
USB_EPSetStall           0x800'a8d5    0x4a  Code  Gb  stm32f1xx_ll_usb.o [1]
USB_EPStartXfer          0x800'a55f   0x376  Code  Gb  stm32f1xx_ll_usb.o [1]
USB_EnableGlobalInt      0x800'9fe9    0x14  Code  Gb  stm32f1xx_ll_usb.o [1]
USB_LP_CAN1_RX0_IRQHandler
                         0x800'af89     0xa  Code  Gb  stm32f1xx_it.o [1]
USB_ReadInterrupts       0x800'a9e5     0x8  Code  Gb  stm32f1xx_ll_usb.o [1]
USB_ReadPMA              0x800'aa4b    0x5e  Code  Gb  stm32f1xx_ll_usb.o [1]
USB_SetCurrentMode       0x800'a011     0x6  Code  Gb  stm32f1xx_ll_usb.o [1]
USB_SetDevAddress        0x800'a9c5    0x14  Code  Gb  stm32f1xx_ll_usb.o [1]
USB_WritePMA             0x800'a9f3    0x58  Code  Gb  stm32f1xx_ll_usb.o [1]
UsageFault_Handler       0x800'af85     0x2  Code  Gb  stm32f1xx_it.o [1]
UserRxBufferFS          0x2000'3074    0x40  Data  Gb  usbd_cdc_if.o [1]
UserTxBufferFS          0x2000'30b4    0x40  Data  Gb  usbd_cdc_if.o [1]
_Encoding_8859_1_Mbrlen
                         0x800'4441     0x2  Code  Gb  xencoding_8859_1.o [2]
_Encoding_8859_1_Wctomb
                         0x800'442f    0x12  Code  Gb  xencoding_8859_1.o [2]
_GenldFull               0x800'7c05   0x274  Code  Lc  xprintffull.o [2]
_LdtobFull               0x800'7801   0x3d6  Code  Lc  xprintffull.o [2]
_LitobFull               0x800'76b1   0x10a  Code  Lc  xprintffull.o [2]
_Locale_lconv           0x2000'01e8    0x38  Data  Lc  xlocale_c.o [2]
_PrintfFull              0x800'6fe5   0x1aa  Code  Gb  xprintffull.o [2]
_PutcharsFull            0x800'7e79    0x2e  Code  Lc  xprintffull.o [2]
_PutfldFull              0x800'7221   0x2d4  Code  Lc  xprintffull.o [2]
_PutstrFull              0x800'75eb    0xc6  Code  Lc  xprintffull.o [2]
_PuttxtFull              0x800'74f5    0xf6  Code  Lc  xprintffull.o [2]
_SProut                  0x800'44ef     0xa  Code  Gb  xsprout.o [2]
__NVIC_EnableIRQ         0x800'5e47    0x20  Code  Lc  stm32f1xx_hal_cortex.o [1]
__NVIC_GetPriorityGrouping
                         0x800'5e3b     0xc  Code  Lc  stm32f1xx_hal_cortex.o [1]
__NVIC_SetPriority       0x800'5e67    0x2c  Code  Lc  stm32f1xx_hal_cortex.o [1]
__NVIC_SetPriorityGrouping
                         0x800'5e19    0x22  Code  Lc  stm32f1xx_hal_cortex.o [1]
__aeabi_cdcmple          0x800'9361          Code  Gb  DblCmpLe.o [3]
__aeabi_cdrcmple         0x800'5b59          Code  Gb  DblCmpGe.o [3]
__aeabi_cfcmpeq          0x800'5d85          Code  Gb  FltCmpEq.o [3]
__aeabi_cfcmple          0x800'5591          Code  Gb  FltCmpLe.o [3]
__aeabi_cfrcmple         0x800'5bb5          Code  Gb  FltCmpGe.o [3]
__aeabi_d2f              0x800'5529          Code  Gb  DblToFlt.o [3]
__aeabi_d2iz             0x800'94cd          Code  Gb  DblToS32.o [3]
__aeabi_d2uiz            0x800'952d          Code  Gb  DblToU32.o [3]
__aeabi_dadd             0x800'53ad          Code  Gb  DblAdd.o [3]
__aeabi_ddiv             0x800'57cd          Code  Gb  DblDiv.o [3]
__aeabi_dmul             0x800'5209          Code  Gb  DblMul.o [3]
__aeabi_dsub             0x800'5125          Code  Gb  DblSub.o [3]
__aeabi_f2d              0x800'50dd          Code  Gb  FltToDbl.o [3]
__aeabi_f2iz             0x800'5b89          Code  Gb  FltToS32.o [3]
__aeabi_fadd             0x800'56e9          Code  Gb  FltAdd.o [3]
__aeabi_fdiv             0x800'5a31          Code  Gb  FltDiv.o [3]
__aeabi_fmul             0x800'5005          Code  Gb  FltMul.o [3]
__aeabi_fsub             0x800'5d05          Code  Gb  FltSub.o [3]
__aeabi_i2d              0x800'9509          Code  Gb  S32ToDbl.o [3]
__aeabi_i2f              0x800'56c5          Code  Gb  S32ToFlt.o [3]
__aeabi_ldiv0            0x800'9fdd          Code  Gb  I64DivZer.o [4]
__aeabi_memclr4          0x800'44e9          Code  Gb  ABImemclr4.o [4]
__aeabi_memcpy           0x800'4389          Code  Gb  ABImemcpy.o [4]
__aeabi_memcpy4          0x800'43a9          Code  Gb  ABImemcpy.o [4]
__aeabi_memcpy8          0x800'43a9          Code  Gb  ABImemcpy.o [4]
__aeabi_memset           0x800'7f2d          Code  Gb  ABImemset.o [4]
__aeabi_ui2d             0x800'9555          Code  Gb  U32ToDbl.o [3]
__aeabi_ui2f             0x800'5a15          Code  Gb  U32ToFlt.o [3]
__aeabi_uldivmod         0x800'90c1          Code  Gb  I64DivMod.o [4]
__cmain                  0x800'b005          Code  Gb  cmain.o [4]
__exit                   0x800'aaa9    0x14  Code  Gb  exit.o [5]
__iar_Fail_s             0x800'8fe5    0x1c  Code  Gb  xfail_s.o [2]
__iar_Mbcurmax           0x800'90b5     0xa  Code  Gb  xmbcurmax.o [2]
__iar_Memchr             0x800'905d          Code  Gb  memchr.o [4]
__iar_Memset             0x800'7f2d          Code  Gb  ABImemset.o [4]
__iar_Memset4_word       0x800'680d          Code  Gb  ABImemset48.o [4]
__iar_Memset8_word       0x800'680d          Code  Gb  ABImemset48.o [4]
__iar_Memset_word        0x800'7f35          Code  Gb  ABImemset.o [4]
__iar_Strchr             0x800'8fcd          Code  Gb  strchr.o [4]
__iar_dadd               0x800'5135          Code  Gb  DblSub.o [3]
__iar_data_init3         0x800'afbd    0x28  Code  Gb  data_init.o [4]
__iar_dsub               0x800'53bd          Code  Gb  DblAdd.o [3]
__iar_dsubStart          0x800'53cf          Code  Gb  DblAdd.o [3]
__iar_fadd               0x800'5d11          Code  Gb  FltSub.o [3]
__iar_frexp              0x800'92fd          Code  Gb  frexp.o [3]
__iar_frexp64            0x800'92f1          Code  Gb  frexp.o [3]
__iar_frexpl             0x800'92fd          Code  Gb  frexp.o [3]
__iar_fsub               0x800'56f5          Code  Gb  FltAdd.o [3]
__iar_fsubStart          0x800'5705          Code  Gb  FltAdd.o [3]
__iar_globLocale        0x2000'0220    0x48  Data  Lc  xlocale_c.o [2]
__iar_global_Locale      0x800'8f55     0x4  Code  Gb  xlocale_c.o [2]
__iar_ldexp64            0x800'9391          Code  Gb  ldexp.o [3]
__iar_lround32           0x800'5b2d          Code  Gb  lroundf.o [3]
__iar_lz77_init_single3
                         0x800'37af    0x7a  Code  Gb  lz77_init_single.o [4]
__iar_program_start      0x800'b195          Code  Gb  cstartup_M.o [4]
__iar_scalbln64          0x800'9391          Code  Gb  ldexp.o [3]
__iar_scalbn64           0x800'9391          Code  Gb  ldexp.o [3]
__iar_zero_init3         0x800'4327    0x3a  Code  Gb  zero_init3.o [4]
__low_level_init         0x800'b023     0x4  Code  Gb  low_level_init.o [2]
__vector_table           0x800'0000          Data  Gb  startup_stm32f103xb.o [1]
_call_main               0x800'b011          Code  Gb  cmain.o [4]
_exit                    0x800'b02d          Code  Gb  cexit.o [4]
_gLocale_mblen           0x800'8fb9     0x4  Code  Gb  xlocale_c.o [2]
_gLocale_mblenInt        0x800'8f7d    0x2c  Code  Gb  xlocale_c.o [2]
_gLocale_wctomb          0x800'8fbd     0x4  Code  Gb  xlocale_c.o [2]
_gLocale_wctombInt       0x800'8fb5     0x4  Code  Gb  xlocale_c.o [2]
_main                    0x800'b01f          Code  Gb  cmain.o [4]
abort                    0x800'9fd7     0x6  Code  Gb  abort.o [2]
absForceMotor           0x2000'322c     0x2  Data  Lc  main.o [1]
assert_failed            0x800'2be7     0x2  Code  Gb  main.o [1]
automaticSuspension     0x2000'0058     0x4  Data  Lc  main.o [1]
commTaskHandle          0x2000'31a8     0x4  Data  Gb  main.o [1]
constrain_f32            0x800'6fad    0x36  Code  Gb  functions.o [1]
controlTaskCycle_ms     0x2000'0268     0x2  Data  Lc  main.o [1]
controller              0x2000'3114    0x20  Data  Lc  main.o [1]
ctrlI                   0x2000'0050     0x4  Data  Lc  main.o [1]
ctrlP                   0x2000'004c     0x4  Data  Lc  main.o [1]
defaultTaskHandle       0x2000'31a0     0x4  Data  Gb  main.o [1]
exit                     0x800'b027     0x4  Code  Gb  exit.o [2]
feedForward             0x2000'0054     0x4  Data  Lc  main.o [1]
filter2                  0x800'1f2d    0x50  Code  Gb  main.o [1]
fixedDistance           0x2000'31d8     0x4  Data  Lc  main.o [1]
forceSaturation         0x2000'026a     0x2  Data  Lc  main.o [1]
frexp                    0x800'92f1          Code  Gb  frexp.o [3]
frexpl                   0x800'92f1          Code  Gb  frexp.o [3]
hUsbDeviceFS            0x2000'2270   0x2c4  Data  Gb  usb_device.o [1]
hi2c1                   0x2000'2ea0    0x54  Data  Gb  main.o [1]
hpcd_USB_FS             0x2000'2534   0x26c  Data  Gb  usbd_conf.o [1]
htim1                   0x2000'2ef4    0x40  Data  Gb  main.o [1]
htim2                   0x2000'2f34    0x40  Data  Gb  main.o [1]
htim3                   0x2000'2f74    0x40  Data  Gb  main.o [1]
htim4                   0x2000'3034    0x40  Data  Gb  stm32f1xx_hal_timebase_tim.o [1]
huart2                  0x2000'2fb4    0x40  Data  Gb  main.o [1]
i2cerror                0x2000'3224     0x2  Data  Lc  i2c_handler.o [1]
i2cok                   0x2000'3226     0x2  Data  Lc  i2c_handler.o [1]
ldexp                    0x800'9391          Code  Gb  ldexp.o [3]
ldexpl                   0x800'9391          Code  Gb  ldexp.o [3]
localeconv               0x800'8fc1     0x4  Code  Gb  xlocale_c.o [2]
lroundf                  0x800'5b2d          Code  Gb  lroundf.o [3]
main                     0x800'19f5   0x118  Code  Gb  main.o [1]
makeFreeRtosPriority     0x800'444d    0x16  Code  Lc  cmsis_os.o [1]
memchr                   0x800'905d          Code  Gb  memchr.o [4]
motCntr                 0x2000'31c4     0x4  Data  Lc  main.o [1]
motCntrPrev             0x2000'31c8     0x4  Data  Lc  main.o [1]
motSpeed                0x2000'31d0     0x4  Data  Lc  main.o [1]
motSpeedFiltered        0x2000'31d4     0x4  Data  Lc  main.o [1]
motSpeedRaw             0x2000'31cc     0x4  Data  Lc  main.o [1]
motorCtrlTaskHandle     0x2000'31a4     0x4  Data  Gb  main.o [1]
osDelay                  0x800'44cd    0x1c  Code  Gb  cmsis_os.o [1]
osKernelStart            0x800'4463     0xa  Code  Gb  cmsis_os.o [1]
osThreadCreate           0x800'446d    0x60  Code  Gb  cmsis_os.o [1]
pid_initialize           0x800'560d    0x22  Code  Gb  pid.o [1]
pid_update               0x800'562f    0x94  Code  Gb  pid.o [1]
prvAddCurrentTaskToDelayedList
                         0x800'6755    0x82  Code  Lc  tasks.o [1]
prvAddNewTaskToReadyList
                         0x800'61f1    0x9a  Code  Lc  tasks.o [1]
prvCheckTasksWaitingTermination
                         0x800'666d    0x3e  Code  Lc  tasks.o [1]
prvDeleteTCB             0x800'66b1    0x44  Code  Lc  tasks.o [1]
prvIdleTask              0x800'65f1    0x24  Code  Lc  tasks.o [1]
prvInitialiseNewTask     0x800'612b    0xc6  Code  Lc  tasks.o [1]
prvInitialiseTaskLists   0x800'6615    0x52  Code  Lc  tasks.o [1]
prvResetNextTaskUnblockTime
                         0x800'66f5    0x2a  Code  Lc  tasks.o [1]
prvTaskExitError         0x800'813d    0x2a  Code  Lc  port.o [1]
pvPortMalloc             0x800'8005    0x58  Code  Gb  heap_1.o [1]
pvPortMalloc::pucAlignedHeap
                        0x2000'319c     0x4  Data  Lc  heap_1.o [1]
pwm1                    0x2000'3228     0x2  Data  Lc  main.o [1]
pwm2                    0x2000'322a     0x2  Data  Lc  main.o [1]
pxCurrentTCB            0x2000'31e4     0x4  Data  Gb  tasks.o [1]
pxDelayedTaskList       0x2000'31e8     0x4  Data  Lc  tasks.o [1]
pxOverflowDelayedTaskList
                        0x2000'31ec     0x4  Data  Lc  tasks.o [1]
pxPortInitialiseStack    0x800'811d    0x20  Code  Gb  port.o [1]
pxReadyTasksLists       0x2000'2dc0    0x8c  Data  Lc  tasks.o [1]
raw2mps                 0x2000'0048     0x4  Data  Lc  main.o [1]
receiveState            0x2000'322f     0x1  Data  Gb  main.o [1]
referenceAngle          0x2000'0004     0x4  Data  Lc  main.o [1]
referenceDistance       0x2000'0008     0x4  Data  Lc  main.o [1]
referenceFL             0x2000'005c     0x4  Data  Lc  main.o [1]
referenceFR             0x2000'0060     0x4  Data  Lc  main.o [1]
referenceRL             0x2000'0064     0x4  Data  Lc  main.o [1]
referenceRR             0x2000'0068     0x4  Data  Lc  main.o [1]
referenceSpeed          0x2000'31c0     0x4  Data  Lc  main.o [1]
referenceSpeedRaw       0x2000'0000     0x4  Data  Lc  main.o [1]
rxBuf                   0x2000'2ff4    0x40  Data  Gb  main.o [1]
saturateFloat            0x800'1fa7    0x26  Code  Gb  main.o [1]
saturateInteger          0x800'1f7d    0x2a  Code  Gb  main.o [1]
scalbln                  0x800'9391          Code  Gb  ldexp.o [3]
scalblnl                 0x800'9391          Code  Gb  ldexp.o [3]
scalbn                   0x800'9391          Code  Gb  ldexp.o [3]
scalbnl                  0x800'9391          Code  Gb  ldexp.o [3]
scale                    0x800'77bb    0x46  Code  Lc  xprintffull.o [2]
sec_hand                0x2000'3220     0x4  Data  Lc  xfail_s.o [2]
sensorTaskHandle        0x2000'31b0     0x4  Data  Gb  main.o [1]
servoEna                0x2000'322e     0x1  Data  Gb  main.o [1]
servoTaskHandle         0x2000'31ac     0x4  Data  Gb  main.o [1]
sprintf                  0x800'5bd9    0x40  Code  Gb  sprintf.o [2]
strchr                   0x800'8fcd          Code  Gb  strchr.o [4]
strlen                   0x800'9025          Code  Gb  strlen.o [4]
strncpy                  0x800'7f95          Code  Gb  strncpy.o [4]
timeOutGuard            0x2000'31b8     0x4  Data  Lc  main.o [1]
timeOutGuardEna         0x2000'026c     0x1  Data  Lc  main.o [1]
timeOutGuardMax         0x2000'31bc     0x4  Data  Lc  main.o [1]
timeStamp               0x2000'31b4     0x4  Data  Lc  main.o [1]
txBuf                   0x2000'30f4    0x20  Data  Gb  main.o [1]
ucHeap                  0x2000'0270  0x2000  Data  Lc  heap_1.o [1]
ucMaxSysCallPriority    0x2000'3231     0x1  Data  Lc  port.o [1]
ulMaxPRIGROUPValue      0x2000'31dc     0x4  Data  Lc  port.o [1]
uwTick                  0x2000'31e0     0x4  Data  Gb  stm32f1xx_hal.o [1]
uwTickFreq              0x2000'026d     0x1  Data  Gb  stm32f1xx_hal.o [1]
uwTickPrio              0x2000'0070     0x4  Data  Gb  stm32f1xx_hal.o [1]
uxCriticalNesting       0x2000'006c     0x4  Data  Lc  port.o [1]
uxCurrentNumberOfTasks  0x2000'31f4     0x4  Data  Lc  tasks.o [1]
uxDeletedTasksWaitingCleanUp
                        0x2000'31f0     0x4  Data  Lc  tasks.o [1]
uxListRemove             0x800'80f3    0x28  Code  Gb  list.o [1]
uxPendedTicks           0x2000'3204     0x4  Data  Lc  tasks.o [1]
uxSchedulerSuspended    0x2000'321c     0x4  Data  Lc  tasks.o [1]
uxTaskNumber            0x2000'3210     0x4  Data  Lc  tasks.o [1]
uxTopReadyPriority      0x2000'31fc     0x4  Data  Lc  tasks.o [1]
vApplicationGetIdleTaskMemory
                         0x800'82c9    0x18  Code  Gb  freertos.o [1]
vListInitialise          0x800'8081    0x1e  Code  Gb  list.o [1]
vListInitialiseItem      0x800'809f     0x6  Code  Gb  list.o [1]
vListInsert              0x800'80bd    0x36  Code  Gb  list.o [1]
vListInsertEnd           0x800'80a5    0x18  Code  Gb  list.o [1]
vPortEnterCritical       0x800'81f5    0x34  Code  Gb  port.o [1]
vPortExitCritical        0x800'8229    0x2c  Code  Gb  port.o [1]
vPortFree                0x800'805d    0x16  Code  Gb  heap_1.o [1]
vPortStartFirstTask      0x800'95d7          Code  Gb  portasm.o [1]
vTaskDelay               0x800'628b    0x4e  Code  Gb  tasks.o [1]
vTaskStartScheduler      0x800'62d9    0x90  Code  Gb  tasks.o [1]
vTaskSuspendAll          0x800'6369     0xc  Code  Gb  tasks.o [1]
vTaskSwitchContext       0x800'6569    0x6e  Code  Gb  tasks.o [1]
whoamireg               0x2000'3230     0x1  Data  Lc  main.o [1]
xDelayedTaskList1       0x2000'3134    0x14  Data  Lc  tasks.o [1]
xDelayedTaskList2       0x2000'3148    0x14  Data  Lc  tasks.o [1]
xIdleStack              0x2000'29c0   0x200  Data  Lc  freertos.o [1]
xIdleTaskHandle         0x2000'3218     0x4  Data  Lc  tasks.o [1]
xIdleTaskTCBBuffer      0x2000'2e4c    0x54  Data  Lc  freertos.o [1]
xNextFreeByte           0x2000'3198     0x4  Data  Lc  heap_1.o [1]
xNextTaskUnblockTime    0x2000'3214     0x4  Data  Lc  tasks.o [1]
xNumOfOverflows         0x2000'320c     0x4  Data  Lc  tasks.o [1]
xPendingReadyList       0x2000'315c    0x14  Data  Lc  tasks.o [1]
xPortStartScheduler      0x800'8167    0x8e  Code  Gb  port.o [1]
xSchedulerRunning       0x2000'3200     0x4  Data  Lc  tasks.o [1]
xSuspendedTaskList      0x2000'3184    0x14  Data  Lc  tasks.o [1]
xTaskCreate              0x800'60b1    0x7a  Code  Gb  tasks.o [1]
xTaskCreateStatic        0x800'6015    0x9c  Code  Gb  tasks.o [1]
xTaskIncrementTick       0x800'645d   0x10c  Code  Gb  tasks.o [1]
xTaskResumeAll           0x800'6375    0xe8  Code  Gb  tasks.o [1]
xTasksWaitingTermination
                        0x2000'3170    0x14  Data  Lc  tasks.o [1]
xTickCount              0x2000'31f8     0x4  Data  Lc  tasks.o [1]
xYieldPending           0x2000'3208     0x4  Data  Lc  tasks.o [1]


[1] = C:\GIT\4WD-ROS-Rover\STM32F103\EWARM\4WD Rover\Obj
[2] = dl7M_tlf.a
[3] = m7M_tl.a
[4] = rt7M_tl.a
[5] = shb_l.a

  44 482 bytes of readonly  code memory
   1 514 bytes of readonly  data memory
  14 385 bytes of readwrite data memory

Errors: none
Warnings: none
