###############################################################################
#
# IAR ELF Linker V8.32.3.193/W32 for ARM                  23/Apr/2020  19:48:37
# Copyright 2007-2019 IAR Systems AB.
#
#    Output file  =  
#        C:\GIT\4WD-ROS-Rover\STM32F103\EWARM\4WD Rover\Exe\4WD Rover.out
#    Map file     =  
#        C:\GIT\4WD-ROS-Rover\STM32F103\EWARM\4WD Rover\List\4WD Rover.map
#    Command line =  
#        -f C:\Users\david\AppData\Local\Temp\EWF9C.tmp
#        ("C:\GIT\4WD-ROS-Rover\STM32F103\EWARM\4WD Rover\Obj\cmsis_os.o"
#        "C:\GIT\4WD-ROS-Rover\STM32F103\EWARM\4WD Rover\Obj\croutine.o"
#        "C:\GIT\4WD-ROS-Rover\STM32F103\EWARM\4WD Rover\Obj\event_groups.o"
#        "C:\GIT\4WD-ROS-Rover\STM32F103\EWARM\4WD Rover\Obj\freertos.o"
#        "C:\GIT\4WD-ROS-Rover\STM32F103\EWARM\4WD Rover\Obj\functions.o"
#        "C:\GIT\4WD-ROS-Rover\STM32F103\EWARM\4WD Rover\Obj\heap_1.o"
#        "C:\GIT\4WD-ROS-Rover\STM32F103\EWARM\4WD Rover\Obj\i2c_handler.o"
#        "C:\GIT\4WD-ROS-Rover\STM32F103\EWARM\4WD Rover\Obj\l3gd20.o"
#        "C:\GIT\4WD-ROS-Rover\STM32F103\EWARM\4WD Rover\Obj\list.o"
#        "C:\GIT\4WD-ROS-Rover\STM32F103\EWARM\4WD Rover\Obj\lsm303dlhc.o"
#        "C:\GIT\4WD-ROS-Rover\STM32F103\EWARM\4WD Rover\Obj\main.o"
#        "C:\GIT\4WD-ROS-Rover\STM32F103\EWARM\4WD Rover\Obj\pid.o"
#        "C:\GIT\4WD-ROS-Rover\STM32F103\EWARM\4WD Rover\Obj\port.o"
#        "C:\GIT\4WD-ROS-Rover\STM32F103\EWARM\4WD Rover\Obj\portasm.o"
#        "C:\GIT\4WD-ROS-Rover\STM32F103\EWARM\4WD Rover\Obj\queue.o"
#        "C:\GIT\4WD-ROS-Rover\STM32F103\EWARM\4WD
#        Rover\Obj\startup_stm32f103xb.o"
#        "C:\GIT\4WD-ROS-Rover\STM32F103\EWARM\4WD Rover\Obj\stm32f1xx_hal.o"
#        "C:\GIT\4WD-ROS-Rover\STM32F103\EWARM\4WD
#        Rover\Obj\stm32f1xx_hal_cortex.o"
#        "C:\GIT\4WD-ROS-Rover\STM32F103\EWARM\4WD
#        Rover\Obj\stm32f1xx_hal_dma.o"
#        "C:\GIT\4WD-ROS-Rover\STM32F103\EWARM\4WD
#        Rover\Obj\stm32f1xx_hal_exti.o"
#        "C:\GIT\4WD-ROS-Rover\STM32F103\EWARM\4WD
#        Rover\Obj\stm32f1xx_hal_flash.o"
#        "C:\GIT\4WD-ROS-Rover\STM32F103\EWARM\4WD
#        Rover\Obj\stm32f1xx_hal_flash_ex.o"
#        "C:\GIT\4WD-ROS-Rover\STM32F103\EWARM\4WD
#        Rover\Obj\stm32f1xx_hal_gpio.o"
#        "C:\GIT\4WD-ROS-Rover\STM32F103\EWARM\4WD
#        Rover\Obj\stm32f1xx_hal_gpio_ex.o"
#        "C:\GIT\4WD-ROS-Rover\STM32F103\EWARM\4WD
#        Rover\Obj\stm32f1xx_hal_i2c.o"
#        "C:\GIT\4WD-ROS-Rover\STM32F103\EWARM\4WD
#        Rover\Obj\stm32f1xx_hal_msp.o"
#        "C:\GIT\4WD-ROS-Rover\STM32F103\EWARM\4WD
#        Rover\Obj\stm32f1xx_hal_pcd.o"
#        "C:\GIT\4WD-ROS-Rover\STM32F103\EWARM\4WD
#        Rover\Obj\stm32f1xx_hal_pcd_ex.o"
#        "C:\GIT\4WD-ROS-Rover\STM32F103\EWARM\4WD
#        Rover\Obj\stm32f1xx_hal_pwr.o"
#        "C:\GIT\4WD-ROS-Rover\STM32F103\EWARM\4WD
#        Rover\Obj\stm32f1xx_hal_rcc.o"
#        "C:\GIT\4WD-ROS-Rover\STM32F103\EWARM\4WD
#        Rover\Obj\stm32f1xx_hal_rcc_ex.o"
#        "C:\GIT\4WD-ROS-Rover\STM32F103\EWARM\4WD
#        Rover\Obj\stm32f1xx_hal_tim.o"
#        "C:\GIT\4WD-ROS-Rover\STM32F103\EWARM\4WD
#        Rover\Obj\stm32f1xx_hal_tim_ex.o"
#        "C:\GIT\4WD-ROS-Rover\STM32F103\EWARM\4WD
#        Rover\Obj\stm32f1xx_hal_timebase_tim.o"
#        "C:\GIT\4WD-ROS-Rover\STM32F103\EWARM\4WD
#        Rover\Obj\stm32f1xx_hal_uart.o"
#        "C:\GIT\4WD-ROS-Rover\STM32F103\EWARM\4WD Rover\Obj\stm32f1xx_it.o"
#        "C:\GIT\4WD-ROS-Rover\STM32F103\EWARM\4WD
#        Rover\Obj\stm32f1xx_ll_usb.o"
#        "C:\GIT\4WD-ROS-Rover\STM32F103\EWARM\4WD Rover\Obj\stream_buffer.o"
#        "C:\GIT\4WD-ROS-Rover\STM32F103\EWARM\4WD
#        Rover\Obj\system_stm32f1xx.o"
#        "C:\GIT\4WD-ROS-Rover\STM32F103\EWARM\4WD Rover\Obj\tasks.o"
#        "C:\GIT\4WD-ROS-Rover\STM32F103\EWARM\4WD Rover\Obj\timers.o"
#        "C:\GIT\4WD-ROS-Rover\STM32F103\EWARM\4WD Rover\Obj\usb_device.o"
#        "C:\GIT\4WD-ROS-Rover\STM32F103\EWARM\4WD Rover\Obj\usbd_cdc.o"
#        "C:\GIT\4WD-ROS-Rover\STM32F103\EWARM\4WD Rover\Obj\usbd_cdc_if.o"
#        "C:\GIT\4WD-ROS-Rover\STM32F103\EWARM\4WD Rover\Obj\usbd_conf.o"
#        "C:\GIT\4WD-ROS-Rover\STM32F103\EWARM\4WD Rover\Obj\usbd_core.o"
#        "C:\GIT\4WD-ROS-Rover\STM32F103\EWARM\4WD Rover\Obj\usbd_ctlreq.o"
#        "C:\GIT\4WD-ROS-Rover\STM32F103\EWARM\4WD Rover\Obj\usbd_desc.o"
#        "C:\GIT\4WD-ROS-Rover\STM32F103\EWARM\4WD Rover\Obj\usbd_ioreq.o"
#        --redirect _Printf=_PrintfFull --redirect _Scanf=_ScanfFull
#        --no_out_extension -o "C:\GIT\4WD-ROS-Rover\STM32F103\EWARM\4WD
#        Rover\Exe\4WD Rover.out" --map
#        "C:\GIT\4WD-ROS-Rover\STM32F103\EWARM\4WD Rover\List\4WD Rover.map"
#        --config C:\GIT\4WD-ROS-Rover\STM32F103\EWARM/stm32f103xb_flash.icf
#        --semihosting --entry __iar_program_start --vfe --text_out locale)
#
###############################################################################

*******************************************************************************
*** RUNTIME MODEL ATTRIBUTES
***

CppFlavor       = *
__SystemLibrary = DLib
__dlib_version  = 6


*******************************************************************************
*** HEAP SELECTION
***

The basic heap was selected because no calls to memory allocation
functions were found in the application outside of system library
functions, and there are calls to deallocation functions in the
application.


*******************************************************************************
*** PLACEMENT SUMMARY
***

"A0":  place at 0x800'0000 { ro section .intvec };
"P1":  place in [from 0x800'0000 to 0x801'ffff] { ro };
define block CSTACK with size = 1536, alignment = 8 { };
define block HEAP with size = 4K, alignment = 8 { };
"P2":  place in [from 0x2000'0000 to 0x2000'4fff] {
          rw, block CSTACK, block HEAP };
initialize by copy { rw };

  Section            Kind         Address    Size  Object
  -------            ----         -------    ----  ------
"A0":                                        0xec
  .intvec            ro code   0x800'0000    0xec  startup_stm32f103xb.o [1]
                             - 0x800'00ec    0xec

"P1":                                      0xc297
  .text              ro code   0x800'00ec  0x1bc8  stm32f1xx_hal_i2c.o [1]
  .text              ro code   0x800'1cb4  0x11d8  main.o [1]
  .text              ro code   0x800'2e8c   0x28c  stm32f1xx_hal_msp.o [1]
  .text              ro code   0x800'3118   0x920  stm32f1xx_hal_rcc.o [1]
  .text              ro code   0x800'3a38     0xc  stm32f1xx_hal.o [1]
  .text              ro code   0x800'3a44     0x2  stm32f1xx_hal_i2c.o [1]
  .text              ro code   0x800'3a46     0x2  stm32f1xx_hal_i2c.o [1]
  .text              ro code   0x800'3a48     0x2  stm32f1xx_hal_i2c.o [1]
  .text              ro code   0x800'3a4a     0x2  stm32f1xx_hal_i2c.o [1]
  .text              ro code   0x800'3a4c     0x2  stm32f1xx_hal_i2c.o [1]
  .text              ro code   0x800'3a4e     0x2  stm32f1xx_hal_i2c.o [1]
  .text              ro code   0x800'3a50     0x2  stm32f1xx_hal_i2c.o [1]
  .text              ro code   0x800'3a52    0x7a  lz77_init_single.o [4]
  .text              ro code   0x800'3acc    0xd6  stm32f1xx_hal_dma.o [1]
  .text              ro code   0x800'3ba2     0x2  stm32f1xx_hal_i2c.o [1]
  .text              ro code   0x800'3ba4     0x2  stm32f1xx_hal_i2c.o [1]
  .text              ro code   0x800'3ba6     0x2  stm32f1xx_hal_i2c.o [1]
  .text              ro code   0x800'3ba8    0x24  stm32f1xx_hal.o [1]
  .text              ro code   0x800'3bcc   0x9fe  stm32f1xx_hal_tim.o [1]
  .text              ro code   0x800'45ca    0x3a  zero_init3.o [4]
  .text              ro code   0x800'4604    0xa6  ABImemcpy.o [4]
  .text              ro code   0x800'46aa    0x1e  xencoding_8859_1.o [2]
  .text              ro code   0x800'46c8    0x9c  cmsis_os.o [1]
  .text              ro code   0x800'4764     0x6  ABImemclr4.o [4]
  .text              ro code   0x800'476a     0xa  xsprout.o [2]
  .text              ro code   0x800'4774   0x1a8  stm32f1xx_hal_rcc_ex.o [1]
  .text              ro code   0x800'491c   0x1fc  stm32f1xx_hal_tim_ex.o [1]
  .text              ro code   0x800'4b18   0x2f0  stm32f1xx_hal_uart.o [1]
  .text              ro code   0x800'4e08   0x478  stm32f1xx_hal_gpio.o [1]
  .text              ro code   0x800'5280    0xd8  FltMul.o [3]
  .text              ro code   0x800'5358    0x48  FltToDbl.o [3]
  .text              ro code   0x800'53a0    0xe2  DblSub.o [3]
  .rodata            const     0x800'5482     0x2  l3gd20.o [1]
  .text              ro code   0x800'5484   0x1a2  DblMul.o [3]
  .rodata            const     0x800'5626     0x2  stm32f1xx_hal_rcc.o [1]
  .text              ro code   0x800'5628   0x17a  DblAdd.o [3]
  .text              ro code   0x800'57a4    0x68  DblToFlt.o [3]
  .text              ro code   0x800'580c    0x24  FltCmpLe.o [3]
  .text              ro code   0x800'5830    0x58  usb_device.o [1]
  .text              ro code   0x800'5888    0xb6  pid.o [1]
  .text              ro code   0x800'5940    0x24  S32ToFlt.o [3]
  .text              ro code   0x800'5964    0xe2  FltAdd.o [3]
  .text              ro code   0x800'5a48   0x246  DblDiv.o [3]
  .text              ro code   0x800'5c90    0x1c  U32ToFlt.o [3]
  .text              ro code   0x800'5cac    0xfc  FltDiv.o [3]
  .text              ro code   0x800'5da8    0x2a  lroundf.o [3]
  .text              ro code   0x800'5dd4    0x2e  DblCmpGe.o [3]
  .text              ro code   0x800'5e04    0x2a  FltToS32.o [3]
  .text              ro code   0x800'5e30    0x24  FltCmpGe.o [3]
  .text              ro code   0x800'5e54    0x40  sprintf.o [2]
  .text              ro code   0x800'5e94    0xec  usbd_cdc_if.o [1]
  .text              ro code   0x800'5f80    0x80  FltSub.o [3]
  .text              ro code   0x800'6000    0x1c  FltCmpEq.o [3]
  .text              ro code   0x800'601c   0x770  lsm303dlhc.o [1]
  .text              ro code   0x800'678c   0x50c  l3gd20.o [1]
  .text              ro code   0x800'6c98    0x18  stm32f1xx_hal.o [1]
  .text              ro code   0x800'6cb0   0x15c  stm32f1xx_hal_cortex.o [1]
  .text              ro code   0x800'6e0c    0x94  stm32f1xx_hal_timebase_tim.o [1]
  .text              ro code   0x800'6ea0     0x2  stm32f1xx_hal_tim.o [1]
  .text              ro code   0x800'6ea2     0x2  stm32f1xx_hal_tim.o [1]
  .text              ro code   0x800'6ea4     0x2  stm32f1xx_hal_tim.o [1]
  .text              ro code   0x800'6ea6     0x2  stm32f1xx_hal_tim_ex.o [1]
  .text              ro code   0x800'6ea8     0x2  stm32f1xx_hal_tim.o [1]
  .text              ro code   0x800'6eaa     0x2  stm32f1xx_hal_tim_ex.o [1]
  .text              ro code   0x800'6eac   0x7f8  tasks.o [1]
  .text              ro code   0x800'76a4    0x32  ABImemset48.o [4]
  .text              ro code   0x800'76d6   0x37e  usbd_core.o [1]
  .text              ro code   0x800'7a54   0x3f0  usbd_cdc.o [1]
  .text              ro code   0x800'7e44    0x36  functions.o [1]
  .text              ro code   0x800'7e7c   0xf46  xprintffull.o [2]
  .text              ro code   0x800'8dc4    0x66  ABImemset.o [4]
  .text              ro code   0x800'8e2c    0x70  strncpy.o [4]
  .text              ro code   0x800'8e9c   0x104  i2c_handler.o [1]
  .text              ro code   0x800'8fa0    0x22  S32ToDbl.o [3]
  .text              ro code   0x800'8fc4    0x7c  heap_1.o [1]
  .text              ro code   0x800'9040    0x9a  list.o [1]
  .text              ro code   0x800'90dc   0x1ac  port.o [1]
  .text              ro code   0x800'9288    0x18  freertos.o [1]
  .text              ro code   0x800'92a0   0x35e  usbd_conf.o [1]
  .text              ro code   0x800'9600   0x850  usbd_ctlreq.o [1]
  .text              ro code   0x800'9e50    0xc4  usbd_ioreq.o [1]
  .text              ro code   0x800'9f14    0x78  xlocale_c.o [2]
  .text              ro code   0x800'9f8c    0x16  strchr.o [4]
  .text              ro code   0x800'9fa4    0x40  xfail_s.o [2]
  .text              ro code   0x800'9fe4    0x36  strlen.o [4]
  .text              ro code   0x800'a01c    0x58  memchr.o [4]
  .text              ro code   0x800'a074     0xa  xmbcurmax.o [2]
  .text              ro code   0x800'a080   0x230  I64DivMod.o [4]
  .text              ro code   0x800'a2b0    0x70  frexp.o [3]
  .text              ro code   0x800'a320    0x2e  DblCmpLe.o [3]
  .text              ro code   0x800'a350   0x13a  ldexp.o [3]
  .text              ro code   0x800'a48c    0x3a  DblToS32.o [3]
  .text              ro code   0x800'a4c8    0x28  DblToU32.o [3]
  .text              ro code   0x800'a4f0    0x1a  U32ToDbl.o [3]
  CODE               ro code   0x800'a50c    0x88  portasm.o [1]
  .text              ro code   0x800'a594   0x992  stm32f1xx_hal_pcd.o [1]
  .text              ro code   0x800'af26    0x4c  stm32f1xx_hal_pcd_ex.o [1]
  .text              ro code   0x800'af72     0x6  abort.o [2]
  .text              ro code   0x800'af78     0x2  I64DivZer.o [4]
  .text              ro code   0x800'af7a   0xaca  stm32f1xx_ll_usb.o [1]
  .text              ro code   0x800'ba44    0x14  exit.o [5]
  .text              ro code   0x800'ba58   0x15e  usbd_desc.o [1]
  .rodata            const     0x800'bbb8    0x58  stm32f1xx_hal_cortex.o [1]
  .rodata            const     0x800'bc10    0x58  stm32f1xx_hal_gpio.o [1]
  .rodata            const     0x800'bc68    0x58  stm32f1xx_hal_rcc_ex.o [1]
  .rodata            const     0x800'bcc0    0x58  stm32f1xx_hal_tim_ex.o [1]
  .rodata            const     0x800'bd18    0x58  stm32f1xx_hal_uart.o [1]
  .text              ro code   0x800'bd70    0x58  system_stm32f1xx.o [1]
  .rodata            const     0x800'bdc8    0x54  stm32f1xx_hal_i2c.o [1]
  .rodata            const     0x800'be1c    0x54  stm32f1xx_hal_pcd.o [1]
  .rodata            const     0x800'be70    0x54  stm32f1xx_hal_rcc.o [1]
  .rodata            const     0x800'bec4    0x54  stm32f1xx_hal_tim.o [1]
  .text              ro code   0x800'bf18    0x40  stm32f1xx_it.o [1]
  .text              ro code   0x800'bf58    0x28  data_init.o [4]
  .iar.init_table    const     0x800'bf80    0x20  - Linker created -
  .text              ro code   0x800'bfa0    0x1e  cmain.o [4]
  .text              ro code   0x800'bfbe     0x4  low_level_init.o [2]
  .text              ro code   0x800'bfc2     0x4  exit.o [2]
  .text              ro code   0x800'bfc8     0xa  cexit.o [4]
  .rodata            const     0x800'bfd4    0x1c  main.o [1]
  .rodata            const     0x800'bff0    0x1c  main.o [1]
  .rodata            const     0x800'c00c    0x1c  main.o [1]
  .rodata            const     0x800'c028    0x1c  main.o [1]
  .rodata            const     0x800'c044    0x1c  main.o [1]
  .rodata            const     0x800'c060    0x18  usbd_desc.o [1]
  .rodata            const     0x800'c078    0x14  usbd_desc.o [1]
  .rodata            const     0x800'c08c    0x10  main.o [1]
  .rodata            const     0x800'c09c    0x10  stm32f1xx_hal_rcc.o [1]
  .rodata            const     0x800'c0ac    0x10  system_stm32f1xx.o [1]
  .rodata            const     0x800'c0bc    0x10  usbd_desc.o [1]
  .text              ro code   0x800'c0cc    0x10  startup_stm32f103xb.o [1]
  .rodata            const     0x800'c0dc     0xc  main.o [1]
  .rodata            const     0x800'c0e8     0xc  main.o [1]
  .rodata            const     0x800'c0f4     0xc  main.o [1]
  .rodata            const     0x800'c100     0xc  main.o [1]
  .rodata            const     0x800'c10c     0xc  main.o [1]
  .rodata            const     0x800'c118     0xc  main.o [1]
  .rodata            const     0x800'c124     0xc  usbd_desc.o [1]
  .text              ro code   0x800'c130     0xc  cstartup_M.o [4]
  .rodata            const     0x800'c13c     0x8  main.o [1]
  .rodata            const     0x800'c144     0x8  main.o [1]
  .rodata            const     0x800'c14c     0x8  main.o [1]
  .rodata            const     0x800'c154     0x8  system_stm32f1xx.o [1]
  .rodata            const     0x800'c15c     0x8  tasks.o [1]
  .rodata            const     0x800'c164     0x6  xlocale_c.o [2]
  .rodata            const     0x800'c16c     0x4  lsm303dlhc.o [1]
  .text              ro code   0x800'c170     0x4  startup_stm32f103xb.o [1]
  .text              ro code   0x800'c174     0x4  startup_stm32f103xb.o [1]
  .text              ro code   0x800'c178     0x4  startup_stm32f103xb.o [1]
  .text              ro code   0x800'c17c     0x4  startup_stm32f103xb.o [1]
  .text              ro code   0x800'c180     0x4  startup_stm32f103xb.o [1]
  .text              ro code   0x800'c184     0x4  startup_stm32f103xb.o [1]
  .text              ro code   0x800'c188     0x4  startup_stm32f103xb.o [1]
  .text              ro code   0x800'c18c     0x4  startup_stm32f103xb.o [1]
  .text              ro code   0x800'c190     0x4  startup_stm32f103xb.o [1]
  .text              ro code   0x800'c194     0x4  startup_stm32f103xb.o [1]
  .text              ro code   0x800'c198     0x4  startup_stm32f103xb.o [1]
  .text              ro code   0x800'c19c     0x4  startup_stm32f103xb.o [1]
  .text              ro code   0x800'c1a0     0x4  startup_stm32f103xb.o [1]
  .text              ro code   0x800'c1a4     0x4  startup_stm32f103xb.o [1]
  .text              ro code   0x800'c1a8     0x4  startup_stm32f103xb.o [1]
  .text              ro code   0x800'c1ac     0x4  startup_stm32f103xb.o [1]
  .text              ro code   0x800'c1b0     0x4  startup_stm32f103xb.o [1]
  .text              ro code   0x800'c1b4     0x4  startup_stm32f103xb.o [1]
  .text              ro code   0x800'c1b8     0x4  startup_stm32f103xb.o [1]
  .text              ro code   0x800'c1bc     0x4  startup_stm32f103xb.o [1]
  .text              ro code   0x800'c1c0     0x4  startup_stm32f103xb.o [1]
  .text              ro code   0x800'c1c4     0x4  startup_stm32f103xb.o [1]
  .text              ro code   0x800'c1c8     0x4  startup_stm32f103xb.o [1]
  .text              ro code   0x800'c1cc     0x4  startup_stm32f103xb.o [1]
  .text              ro code   0x800'c1d0     0x4  startup_stm32f103xb.o [1]
  .text              ro code   0x800'c1d4     0x4  startup_stm32f103xb.o [1]
  .text              ro code   0x800'c1d8     0x4  startup_stm32f103xb.o [1]
  .text              ro code   0x800'c1dc     0x4  startup_stm32f103xb.o [1]
  .text              ro code   0x800'c1e0     0x4  startup_stm32f103xb.o [1]
  .text              ro code   0x800'c1e4     0x4  startup_stm32f103xb.o [1]
  .text              ro code   0x800'c1e8     0x4  startup_stm32f103xb.o [1]
  .text              ro code   0x800'c1ec     0x4  startup_stm32f103xb.o [1]
  .text              ro code   0x800'c1f0     0x4  startup_stm32f103xb.o [1]
  .text              ro code   0x800'c1f4     0x4  startup_stm32f103xb.o [1]
  .text              ro code   0x800'c1f8     0x4  startup_stm32f103xb.o [1]
  .text              ro code   0x800'c1fc     0x4  startup_stm32f103xb.o [1]
  .text              ro code   0x800'c200     0x4  startup_stm32f103xb.o [1]
  .text              ro code   0x800'c204     0x4  startup_stm32f103xb.o [1]
  .text              ro code   0x800'c208     0x4  startup_stm32f103xb.o [1]
  .rodata            const     0x800'c20c     0x0  zero_init3.o [4]
  .rodata            const     0x800'c20c     0x0  lz77_init_single.o [4]
  Initializer bytes  const     0x800'c20c   0x177  <for P2-1>
                             - 0x800'c383  0xc297

"P2", part 1 of 3:                          0x2c6
  P2-1                        0x2000'0000   0x2c6  <Init block>
    .data            inited   0x2000'0000    0x2c  l3gd20.o [1]
    .data            inited   0x2000'002c    0x2c  lsm303dlhc.o [1]
    .data            inited   0x2000'0058     0x4  main.o [1]
    .data            inited   0x2000'005c     0x4  main.o [1]
    .data            inited   0x2000'0060     0x4  main.o [1]
    .data            inited   0x2000'0064     0x4  main.o [1]
    .data            inited   0x2000'0068     0x4  main.o [1]
    .data            inited   0x2000'006c     0x4  main.o [1]
    .data            inited   0x2000'0070     0x4  main.o [1]
    .data            inited   0x2000'0074     0x4  main.o [1]
    .data            inited   0x2000'0078     0x4  main.o [1]
    .data            inited   0x2000'007c     0x4  main.o [1]
    .data            inited   0x2000'0080     0x4  main.o [1]
    .data            inited   0x2000'0084     0x4  main.o [1]
    .data            inited   0x2000'0088     0x4  main.o [1]
    .data            inited   0x2000'008c     0x4  main.o [1]
    .data            inited   0x2000'0090     0x4  main.o [1]
    .data            inited   0x2000'0094     0x4  main.o [1]
    .data            inited   0x2000'0098     0x4  main.o [1]
    .data            inited   0x2000'009c     0x4  main.o [1]
    .data            inited   0x2000'00a0     0x4  main.o [1]
    .data            inited   0x2000'00a4     0x4  main.o [1]
    .data            inited   0x2000'00a8     0x4  main.o [1]
    .data            inited   0x2000'00ac     0x4  main.o [1]
    .data            inited   0x2000'00b0     0x4  main.o [1]
    .data            inited   0x2000'00b4     0x4  main.o [1]
    .data            inited   0x2000'00b8     0x4  main.o [1]
    .data            inited   0x2000'00bc     0x4  main.o [1]
    .data            inited   0x2000'00c0     0x4  main.o [1]
    .data            inited   0x2000'00c4     0x4  port.o [1]
    .data            inited   0x2000'00c8     0x4  stm32f1xx_hal.o [1]
    .data            inited   0x2000'00cc     0x4  system_stm32f1xx.o [1]
    .data            inited   0x2000'00d0     0xc  usbd_cdc.o [1]
    .data            inited   0x2000'00dc    0x38  usbd_cdc.o [1]
    .data            inited   0x2000'0114    0x44  usbd_cdc.o [1]
    .data            inited   0x2000'0158    0x44  usbd_cdc.o [1]
    .data            inited   0x2000'019c    0x44  usbd_cdc.o [1]
    .data            inited   0x2000'01e0    0x10  usbd_cdc_if.o [1]
    .data            inited   0x2000'01f0    0x1c  usbd_desc.o [1]
    .data            inited   0x2000'020c    0x14  usbd_desc.o [1]
    .data            inited   0x2000'0220     0x4  usbd_desc.o [1]
    .data            inited   0x2000'0224    0x1c  usbd_desc.o [1]
    .data            inited   0x2000'0240    0x38  xlocale_c.o [2]
    .data            inited   0x2000'0278    0x48  xlocale_c.o [2]
    .data            inited   0x2000'02c0     0x2  main.o [1]
    .data            inited   0x2000'02c2     0x2  main.o [1]
    .data            inited   0x2000'02c4     0x1  main.o [1]
    .data            inited   0x2000'02c5     0x1  stm32f1xx_hal.o [1]
                            - 0x2000'02c6   0x2c6

"P2", part 2 of 3:                         0x3018
  .bss               zero     0x2000'02c8  0x2000  heap_1.o [1]
  .bss               zero     0x2000'22c8   0x2c4  usb_device.o [1]
  .bss               zero     0x2000'258c   0x26c  usbd_conf.o [1]
  .bss               zero     0x2000'27f8   0x220  usbd_conf.o [1]
  .bss               zero     0x2000'2a18   0x200  freertos.o [1]
  .bss               zero     0x2000'2c18   0x200  usbd_desc.o [1]
  .bss               zero     0x2000'2e18    0x8c  tasks.o [1]
  .bss               zero     0x2000'2ea4    0x54  freertos.o [1]
  .bss               zero     0x2000'2ef8    0x54  main.o [1]
  .bss               zero     0x2000'2f4c    0x40  main.o [1]
  .bss               zero     0x2000'2f8c    0x40  main.o [1]
  .bss               zero     0x2000'2fcc    0x40  main.o [1]
  .bss               zero     0x2000'300c    0x40  main.o [1]
  .bss               zero     0x2000'304c    0x40  main.o [1]
  .bss               zero     0x2000'308c    0x40  stm32f1xx_hal_timebase_tim.o [1]
  .bss               zero     0x2000'30cc    0x40  usbd_cdc_if.o [1]
  .bss               zero     0x2000'310c    0x40  usbd_cdc_if.o [1]
  .bss               zero     0x2000'314c    0x20  main.o [1]
  .bss               zero     0x2000'316c    0x20  main.o [1]
  .bss               zero     0x2000'318c    0x14  tasks.o [1]
  .bss               zero     0x2000'31a0    0x14  tasks.o [1]
  .bss               zero     0x2000'31b4    0x14  tasks.o [1]
  .bss               zero     0x2000'31c8    0x14  tasks.o [1]
  .bss               zero     0x2000'31dc    0x14  tasks.o [1]
  .bss               zero     0x2000'31f0     0xc  main.o [1]
  .bss               zero     0x2000'31fc     0xc  main.o [1]
  .bss               zero     0x2000'3208     0xc  main.o [1]
  .bss               zero     0x2000'3214     0x8  lsm303dlhc.o [1]
  .bss               zero     0x2000'321c     0x4  heap_1.o [1]
  .bss               zero     0x2000'3220     0x4  heap_1.o [1]
  .bss               zero     0x2000'3224     0x4  l3gd20.o [1]
  .bss               zero     0x2000'3228     0x4  lsm303dlhc.o [1]
  .bss               zero     0x2000'322c     0x4  main.o [1]
  .bss               zero     0x2000'3230     0x4  main.o [1]
  .bss               zero     0x2000'3234     0x4  main.o [1]
  .bss               zero     0x2000'3238     0x4  main.o [1]
  .bss               zero     0x2000'323c     0x4  main.o [1]
  .bss               zero     0x2000'3240     0x4  main.o [1]
  .bss               zero     0x2000'3244     0x4  main.o [1]
  .bss               zero     0x2000'3248     0x4  main.o [1]
  .bss               zero     0x2000'324c     0x4  main.o [1]
  .bss               zero     0x2000'3250     0x4  main.o [1]
  .bss               zero     0x2000'3254     0x4  main.o [1]
  .bss               zero     0x2000'3258     0x4  main.o [1]
  .bss               zero     0x2000'325c     0x4  main.o [1]
  .bss               zero     0x2000'3260     0x4  main.o [1]
  .bss               zero     0x2000'3264     0x4  main.o [1]
  .bss               zero     0x2000'3268     0x4  main.o [1]
  .bss               zero     0x2000'326c     0x4  port.o [1]
  .bss               zero     0x2000'3270     0x4  stm32f1xx_hal.o [1]
  .bss               zero     0x2000'3274     0x4  tasks.o [1]
  .bss               zero     0x2000'3278     0x4  tasks.o [1]
  .bss               zero     0x2000'327c     0x4  tasks.o [1]
  .bss               zero     0x2000'3280     0x4  tasks.o [1]
  .bss               zero     0x2000'3284     0x4  tasks.o [1]
  .bss               zero     0x2000'3288     0x4  tasks.o [1]
  .bss               zero     0x2000'328c     0x4  tasks.o [1]
  .bss               zero     0x2000'3290     0x4  tasks.o [1]
  .bss               zero     0x2000'3294     0x4  tasks.o [1]
  .bss               zero     0x2000'3298     0x4  tasks.o [1]
  .bss               zero     0x2000'329c     0x4  tasks.o [1]
  .bss               zero     0x2000'32a0     0x4  tasks.o [1]
  .bss               zero     0x2000'32a4     0x4  tasks.o [1]
  .bss               zero     0x2000'32a8     0x4  tasks.o [1]
  .bss               zero     0x2000'32ac     0x4  tasks.o [1]
  .bss               zero     0x2000'32b0     0x4  xfail_s.o [2]
  .bss               zero     0x2000'32b4     0x2  i2c_handler.o [1]
  .bss               zero     0x2000'32b6     0x2  i2c_handler.o [1]
  .bss               zero     0x2000'32b8     0x2  lsm303dlhc.o [1]
  .bss               zero     0x2000'32ba     0x2  main.o [1]
  .bss               zero     0x2000'32bc     0x2  main.o [1]
  .bss               zero     0x2000'32be     0x2  main.o [1]
  .bss               zero     0x2000'32c0     0x1  l3gd20.o [1]
  .bss               zero     0x2000'32c1     0x1  l3gd20.o [1]
  .bss               zero     0x2000'32c2     0x1  l3gd20.o [1]
  .bss               zero     0x2000'32c3     0x1  l3gd20.o [1]
  .bss               zero     0x2000'32c4     0x1  l3gd20.o [1]
  .bss               zero     0x2000'32c5     0x1  l3gd20.o [1]
  .bss               zero     0x2000'32c6     0x1  l3gd20.o [1]
  .bss               zero     0x2000'32c7     0x1  l3gd20.o [1]
  .bss               zero     0x2000'32c8     0x1  l3gd20.o [1]
  .bss               zero     0x2000'32c9     0x1  l3gd20.o [1]
  .bss               zero     0x2000'32ca     0x1  l3gd20.o [1]
  .bss               zero     0x2000'32cb     0x1  l3gd20.o [1]
  .bss               zero     0x2000'32cc     0x1  lsm303dlhc.o [1]
  .bss               zero     0x2000'32cd     0x1  lsm303dlhc.o [1]
  .bss               zero     0x2000'32ce     0x1  lsm303dlhc.o [1]
  .bss               zero     0x2000'32cf     0x1  lsm303dlhc.o [1]
  .bss               zero     0x2000'32d0     0x1  lsm303dlhc.o [1]
  .bss               zero     0x2000'32d1     0x1  lsm303dlhc.o [1]
  .bss               zero     0x2000'32d2     0x1  lsm303dlhc.o [1]
  .bss               zero     0x2000'32d3     0x1  lsm303dlhc.o [1]
  .bss               zero     0x2000'32d4     0x1  lsm303dlhc.o [1]
  .bss               zero     0x2000'32d5     0x1  lsm303dlhc.o [1]
  .bss               zero     0x2000'32d6     0x1  lsm303dlhc.o [1]
  .bss               zero     0x2000'32d7     0x1  lsm303dlhc.o [1]
  .bss               zero     0x2000'32d8     0x1  lsm303dlhc.o [1]
  .bss               zero     0x2000'32d9     0x1  lsm303dlhc.o [1]
  .bss               zero     0x2000'32da     0x1  lsm303dlhc.o [1]
  .bss               zero     0x2000'32db     0x1  main.o [1]
  .bss               zero     0x2000'32dc     0x1  main.o [1]
  .bss               zero     0x2000'32dd     0x1  port.o [1]
  .bss               zero     0x2000'32de     0x1  usbd_ctlreq.o [1]
                            - 0x2000'32df  0x3017

"P2", part 3 of 3:                          0x600
  CSTACK                      0x2000'32e0   0x600  <Block>
    CSTACK           uninit   0x2000'32e0   0x600  <Block tail>
                            - 0x2000'38e0   0x600

Unused ranges:

         From           To      Size
         ----           --      ----
   0x800'c383   0x801'ffff  0x1'3c7d
  0x2000'02c6  0x2000'02c7       0x2
  0x2000'38e0  0x2000'4fff    0x1720


*******************************************************************************
*** INIT TABLE
***

          Address      Size
          -------      ----
Zero (__iar_zero_init3)
    1 destination range, total size 0x3017:
          0x2000'02c8  0x3017

Copy/lz77 (__iar_lz77_init_single3)
    1 source range, total size 0x177 (52% of destination):
           0x800'c20c   0x177
    1 destination range, total size 0x2c6:
          0x2000'0000   0x2c6



*******************************************************************************
*** MODULE SUMMARY
***

    Module                        ro code  ro data  rw data
    ------                        -------  -------  -------
command line/config:
    -------------------------------------------------------
    Total:

C:\GIT\4WD-ROS-Rover\STM32F103\EWARM\4WD Rover\Obj: [1]
    cmsis_os.o                        156
    freertos.o                         24               596
    functions.o                        54
    heap_1.o                          124             8 200
    i2c_handler.o                     260                 4
    l3gd20.o                        1 292       25       60
    list.o                            154
    lsm303dlhc.o                    1 904       27       73
    main.o                          4 568      312      689
    pid.o                             182
    port.o                            428        2        9
    portasm.o                         136
    startup_stm32f103xb.o             408
    stm32f1xx_hal.o                    72        3        9
    stm32f1xx_hal_cortex.o            348       88
    stm32f1xx_hal_dma.o               214
    stm32f1xx_hal_gpio.o            1 144       88
    stm32f1xx_hal_i2c.o             7 132       84
    stm32f1xx_hal_msp.o               652
    stm32f1xx_hal_pcd.o             2 450       84
    stm32f1xx_hal_pcd_ex.o             76
    stm32f1xx_hal_rcc.o             2 336      102
    stm32f1xx_hal_rcc_ex.o            424       88
    stm32f1xx_hal_tim.o             2 566       84
    stm32f1xx_hal_tim_ex.o            512       88
    stm32f1xx_hal_timebase_tim.o      148                64
    stm32f1xx_hal_uart.o              752       88
    stm32f1xx_it.o                     64
    stm32f1xx_ll_usb.o              2 762
    system_stm32f1xx.o                 88       26        4
    tasks.o                         2 040        8      300
    usb_device.o                       88               708
    usbd_cdc.o                      1 008      144      272
    usbd_cdc_if.o                     236        8      144
    usbd_conf.o                       862             1 164
    usbd_core.o                       894
    usbd_ctlreq.o                   2 128                 1
    usbd_desc.o                       350      115      592
    usbd_ioreq.o                      196
    -------------------------------------------------------
    Total:                         39 232    1 464   12 889

dl7M_tlf.a: [2]
    abort.o                             6
    exit.o                              4
    low_level_init.o                    4
    sprintf.o                          64
    xencoding_8859_1.o                 30
    xfail_s.o                          64                 4
    xlocale_c.o                       120       73      128
    xmbcurmax.o                        10
    xprintffull.o                   3 910
    xsprout.o                          10
    -------------------------------------------------------
    Total:                          4 222       73      132

m7M_tl.a: [3]
    DblAdd.o                          378
    DblCmpGe.o                         46
    DblCmpLe.o                         46
    DblDiv.o                          582
    DblMul.o                          418
    DblSub.o                          226
    DblToFlt.o                        104
    DblToS32.o                         58
    DblToU32.o                         40
    FltAdd.o                          226
    FltCmpEq.o                         28
    FltCmpGe.o                         36
    FltCmpLe.o                         36
    FltDiv.o                          252
    FltMul.o                          216
    FltSub.o                          128
    FltToDbl.o                         72
    FltToS32.o                         42
    S32ToDbl.o                         34
    S32ToFlt.o                         36
    U32ToDbl.o                         26
    U32ToFlt.o                         28
    frexp.o                           112
    ldexp.o                           314
    lroundf.o                          42
    -------------------------------------------------------
    Total:                          3 526

rt7M_tl.a: [4]
    ABImemclr4.o                        6
    ABImemcpy.o                       166
    ABImemset.o                       102
    ABImemset48.o                      50
    I64DivMod.o                       560
    I64DivZer.o                         2
    cexit.o                            10
    cmain.o                            30
    cstartup_M.o                       12
    data_init.o                        40
    lz77_init_single.o                122
    memchr.o                           88
    strchr.o                           22
    strlen.o                           54
    strncpy.o                         112
    zero_init3.o                       58
    -------------------------------------------------------
    Total:                          1 434

shb_l.a: [5]
    exit.o                             20
    -------------------------------------------------------
    Total:                             20

    Gaps                               42        6
    Linker created                              32    1 536
-----------------------------------------------------------
    Grand Total:                   48 476    1 575   14 557


*******************************************************************************
*** ENTRY LIST
***

Entry                       Address    Size  Type      Object
-----                       -------    ----  ----      ------
.iar.init_table$$Base    0x800'bf80           --   Gb  - Linker created -
.iar.init_table$$Limit   0x800'bfa0           --   Gb  - Linker created -
?main                    0x800'bfa1          Code  Gb  cmain.o [4]
ACCELERO_Init            0x800'601d    0xbc  Code  Gb  lsm303dlhc.o [1]
AHBPrescTable            0x800'c0ac    0x10  Data  Gb  system_stm32f1xx.o [1]
APBPrescTable            0x800'c154     0x8  Data  Gb  system_stm32f1xx.o [1]
AccelerometerDrv        0x2000'3228     0x4  Data  Lc  lsm303dlhc.o [1]
BusFault_Handler         0x800'bf1f     0x2  Code  Gb  stm32f1xx_it.o [1]
CDC_Control_FS           0x800'5eb3    0x42  Code  Lc  usbd_cdc_if.o [1]
CDC_DeInit_FS            0x800'5eaf     0x4  Code  Lc  usbd_cdc_if.o [1]
CDC_Init_FS              0x800'5e95    0x1a  Code  Lc  usbd_cdc_if.o [1]
CDC_Receive_FS           0x800'5ef5    0x42  Code  Lc  usbd_cdc_if.o [1]
CDC_Transmit_FS          0x800'5f37    0x34  Code  Gb  usbd_cdc_if.o [1]
CSTACK$$Base            0x2000'32e0           --   Gb  - Linker created -
CSTACK$$Limit           0x2000'38e0           --   Gb  - Linker created -
CacheMore                0x800'9f19    0x24  Code  Lc  xlocale_c.o [2]
DebugMon_Handler         0x800'bf23     0x2  Code  Gb  stm32f1xx_it.o [1]
Error_Handler            0x800'2e89     0x2  Code  Gb  main.o [1]
FL_max                  0x2000'0078     0x4  Data  Lc  main.o [1]
FL_min                  0x2000'0064     0x4  Data  Lc  main.o [1]
FL_val                  0x2000'008c     0x4  Data  Lc  main.o [1]
FR_max                  0x2000'007c     0x4  Data  Lc  main.o [1]
FR_min                  0x2000'0068     0x4  Data  Lc  main.o [1]
FR_val                  0x2000'0090     0x4  Data  Lc  main.o [1]
FS_Desc                 0x2000'01f0    0x1c  Data  Gb  usbd_desc.o [1]
GYRO_Init                0x800'678d    0xb4  Code  Gb  l3gd20.o [1]
Get_SerialNum            0x800'bb0d    0x2e  Code  Lc  usbd_desc.o [1]
GyroscopeDrv            0x2000'3224     0x4  Data  Lc  l3gd20.o [1]
HAL_DMA_Abort_IT         0x800'3acd    0xb4  Code  Gb  stm32f1xx_hal_dma.o [1]
HAL_DMA_GetState         0x800'3b9d     0x6  Code  Gb  stm32f1xx_hal_dma.o [1]
HAL_GPIO_Init            0x800'4e09   0x3b0  Code  Gb  stm32f1xx_hal_gpio.o [1]
HAL_GPIO_TogglePin       0x800'5207    0x32  Code  Gb  stm32f1xx_hal_gpio.o [1]
HAL_GPIO_WritePin        0x800'51b9    0x4e  Code  Gb  stm32f1xx_hal_gpio.o [1]
HAL_GetTick              0x800'3a39     0xc  Code  Wk  stm32f1xx_hal.o [1]
HAL_I2C_ER_IRQHandler    0x800'0a37    0xee  Code  Gb  stm32f1xx_hal_i2c.o [1]
HAL_I2C_EV_IRQHandler    0x800'0889   0x1ae  Code  Gb  stm32f1xx_hal_i2c.o [1]
HAL_I2C_Init             0x800'00ed   0x2a0  Code  Gb  stm32f1xx_hal_i2c.o [1]
HAL_I2C_Mem_Read         0x800'0541   0x338  Code  Gb  stm32f1xx_hal_i2c.o [1]
HAL_I2C_Mem_Write        0x800'03b5   0x18a  Code  Gb  stm32f1xx_hal_i2c.o [1]
HAL_I2C_MspInit          0x800'2ed3    0x76  Code  Gb  stm32f1xx_hal_msp.o [1]
HAL_IncTick              0x800'6c99    0x18  Code  Wk  stm32f1xx_hal.o [1]
HAL_Init                 0x800'3ba9    0x20  Code  Gb  stm32f1xx_hal.o [1]
HAL_InitTick             0x800'6e0d    0x84  Code  Gb  stm32f1xx_hal_timebase_tim.o [1]
HAL_MspInit              0x800'2e8d    0x46  Code  Gb  stm32f1xx_hal_msp.o [1]
HAL_NVIC_EnableIRQ       0x800'6dd5    0x1e  Code  Gb  stm32f1xx_hal_cortex.o [1]
HAL_NVIC_SetPriority     0x800'6d93    0x42  Code  Gb  stm32f1xx_hal_cortex.o [1]
HAL_NVIC_SetPriorityGrouping
                         0x800'6d6b    0x28  Code  Gb  stm32f1xx_hal_cortex.o [1]
HAL_PCDEx_PMAConfig      0x800'af27    0x4c  Code  Gb  stm32f1xx_hal_pcd_ex.o [1]
HAL_PCDEx_SetConnectionState
                         0x800'95cf     0x2  Code  Gb  usbd_conf.o [1]
HAL_PCD_DataInStageCallback
                         0x800'9309    0x1e  Code  Gb  usbd_conf.o [1]
HAL_PCD_DataOutStageCallback
                         0x800'92e9    0x20  Code  Gb  usbd_conf.o [1]
HAL_PCD_EP_Close         0x800'a969    0x62  Code  Gb  stm32f1xx_hal_pcd.o [1]
HAL_PCD_EP_ClrStall      0x800'ab0b    0x78  Code  Gb  stm32f1xx_hal_pcd.o [1]
HAL_PCD_EP_GetRxCount    0x800'aa21    0x10  Code  Gb  stm32f1xx_hal_pcd.o [1]
HAL_PCD_EP_Open          0x800'a8cb    0x9e  Code  Gb  stm32f1xx_hal_pcd.o [1]
HAL_PCD_EP_Receive       0x800'a9cb    0x56  Code  Gb  stm32f1xx_hal_pcd.o [1]
HAL_PCD_EP_SetStall      0x800'aa87    0x84  Code  Gb  stm32f1xx_hal_pcd.o [1]
HAL_PCD_EP_Transmit      0x800'aa31    0x56  Code  Gb  stm32f1xx_hal_pcd.o [1]
HAL_PCD_IRQHandler       0x800'a741   0x15a  Code  Gb  stm32f1xx_hal_pcd.o [1]
HAL_PCD_Init             0x800'a595   0x16e  Code  Gb  stm32f1xx_hal_pcd.o [1]
HAL_PCD_MspInit          0x800'92a1    0x36  Code  Gb  usbd_conf.o [1]
HAL_PCD_ResetCallback    0x800'9335    0x26  Code  Gb  usbd_conf.o [1]
HAL_PCD_ResumeCallback   0x800'9379     0xe  Code  Gb  usbd_conf.o [1]
HAL_PCD_SOFCallback      0x800'9327     0xe  Code  Gb  usbd_conf.o [1]
HAL_PCD_SetAddress       0x800'a89b    0x30  Code  Gb  stm32f1xx_hal_pcd.o [1]
HAL_PCD_SetupStageCallback
                         0x800'92d7    0x12  Code  Gb  usbd_conf.o [1]
HAL_PCD_Start            0x800'a70d    0x34  Code  Gb  stm32f1xx_hal_pcd.o [1]
HAL_PCD_SuspendCallback
                         0x800'935b    0x1e  Code  Gb  usbd_conf.o [1]
HAL_RCCEx_PeriphCLKConfig
                         0x800'4775   0x18e  Code  Gb  stm32f1xx_hal_rcc_ex.o [1]
HAL_RCC_ClockConfig      0x800'3685   0x246  Code  Gb  stm32f1xx_hal_rcc.o [1]
HAL_RCC_GetClockConfig   0x800'396d    0x56  Code  Gb  stm32f1xx_hal_rcc.o [1]
HAL_RCC_GetHCLKFreq      0x800'393b     0x6  Code  Gb  stm32f1xx_hal_rcc.o [1]
HAL_RCC_GetPCLK1Freq     0x800'3941    0x16  Code  Gb  stm32f1xx_hal_rcc.o [1]
HAL_RCC_GetPCLK2Freq     0x800'3957    0x16  Code  Gb  stm32f1xx_hal_rcc.o [1]
HAL_RCC_GetSysClockFreq
                         0x800'38cb    0x70  Code  Gb  stm32f1xx_hal_rcc.o [1]
HAL_RCC_OscConfig        0x800'3119   0x56c  Code  Gb  stm32f1xx_hal_rcc.o [1]
HAL_TIMEx_BreakCallback
                         0x800'6ea7     0x2  Code  Wk  stm32f1xx_hal_tim_ex.o [1]
HAL_TIMEx_CommutCallback
                         0x800'6eab     0x2  Code  Wk  stm32f1xx_hal_tim_ex.o [1]
HAL_TIMEx_ConfigBreakDeadTime
                         0x800'49e5   0x124  Code  Gb  stm32f1xx_hal_tim_ex.o [1]
HAL_TIMEx_MasterConfigSynchronization
                         0x800'491d    0xc8  Code  Gb  stm32f1xx_hal_tim_ex.o [1]
HAL_TIM_Base_Init        0x800'3bcd    0xce  Code  Gb  stm32f1xx_hal_tim.o [1]
HAL_TIM_Base_Start_IT    0x800'3c9b    0x5e  Code  Gb  stm32f1xx_hal_tim.o [1]
HAL_TIM_IRQHandler       0x800'3e95   0x176  Code  Gb  stm32f1xx_hal_tim.o [1]
HAL_TIM_MspPostInit      0x800'2fa7    0xe2  Code  Gb  stm32f1xx_hal_msp.o [1]
HAL_TIM_PWM_ConfigChannel
                         0x800'400b   0x232  Code  Gb  stm32f1xx_hal_tim.o [1]
HAL_TIM_PWM_Init         0x800'3d09    0xc6  Code  Gb  stm32f1xx_hal_tim.o [1]
HAL_TIM_PWM_MspInit      0x800'2f49    0x5e  Code  Gb  stm32f1xx_hal_msp.o [1]
HAL_TIM_PWM_Start        0x800'3dd5    0xb0  Code  Gb  stm32f1xx_hal_tim.o [1]
HAL_TIM_PeriodElapsedCallback
                         0x800'2d51    0x12  Code  Gb  main.o [1]
HAL_UART_Init            0x800'4b19   0x110  Code  Gb  stm32f1xx_hal_uart.o [1]
HAL_UART_MspInit         0x800'3089    0x6c  Code  Gb  stm32f1xx_hal_msp.o [1]
HardFault_Handler        0x800'bf1b     0x2  Code  Gb  stm32f1xx_it.o [1]
I2C1_ER_IRQHandler       0x800'bf43     0xa  Code  Gb  stm32f1xx_it.o [1]
I2C1_EV_IRQHandler       0x800'bf39     0xa  Code  Gb  stm32f1xx_it.o [1]
I2C_ConvertOtherXferOptions
                         0x800'1c99    0x1c  Code  Lc  stm32f1xx_hal_i2c.o [1]
I2C_DMAAbort             0x800'1959    0xa2  Code  Lc  stm32f1xx_hal_i2c.o [1]
I2C_ITError              0x800'15a3   0x17e  Code  Lc  stm32f1xx_hal_i2c.o [1]
I2C_IsAcknowledgeFailed
                         0x800'1c61    0x38  Code  Lc  stm32f1xx_hal_i2c.o [1]
I2C_MasterReceive_BTF    0x800'0dcf   0x128  Code  Lc  stm32f1xx_hal_i2c.o [1]
I2C_MasterReceive_RXNE   0x800'0d29    0xa6  Code  Lc  stm32f1xx_hal_i2c.o [1]
I2C_MasterTransmit_BTF   0x800'0c85    0xa4  Code  Lc  stm32f1xx_hal_i2c.o [1]
I2C_MasterTransmit_TXE   0x800'0b25   0x160  Code  Lc  stm32f1xx_hal_i2c.o [1]
I2C_Master_ADD10         0x800'0fa9    0x32  Code  Lc  stm32f1xx_hal_i2c.o [1]
I2C_Master_ADDR          0x800'0fdb   0x258  Code  Lc  stm32f1xx_hal_i2c.o [1]
I2C_Master_SB            0x800'0ef7    0xb2  Code  Lc  stm32f1xx_hal_i2c.o [1]
I2C_RequestMemoryRead    0x800'1801   0x154  Code  Lc  stm32f1xx_hal_i2c.o [1]
I2C_RequestMemoryWrite   0x800'1725    0xdc  Code  Lc  stm32f1xx_hal_i2c.o [1]
I2C_SlaveReceive_BTF     0x800'12ed    0x1c  Code  Lc  stm32f1xx_hal_i2c.o [1]
I2C_SlaveReceive_RXNE    0x800'129f    0x4e  Code  Lc  stm32f1xx_hal_i2c.o [1]
I2C_SlaveTransmit_BTF    0x800'1283    0x1c  Code  Lc  stm32f1xx_hal_i2c.o [1]
I2C_SlaveTransmit_TXE    0x800'1235    0x4e  Code  Lc  stm32f1xx_hal_i2c.o [1]
I2C_Slave_ADDR           0x800'1309    0x5c  Code  Lc  stm32f1xx_hal_i2c.o [1]
I2C_Slave_AF             0x800'14ff    0xa4  Code  Lc  stm32f1xx_hal_i2c.o [1]
I2C_Slave_STOPF          0x800'1365   0x19a  Code  Lc  stm32f1xx_hal_i2c.o [1]
I2C_WaitOnBTFFlagUntilTimeout
                         0x800'1b97    0x58  Code  Lc  stm32f1xx_hal_i2c.o [1]
I2C_WaitOnFlagUntilTimeout
                         0x800'19fb    0x8a  Code  Lc  stm32f1xx_hal_i2c.o [1]
I2C_WaitOnMasterAddressFlagUntilTimeout
                         0x800'1a85    0xba  Code  Lc  stm32f1xx_hal_i2c.o [1]
I2C_WaitOnRXNEFlagUntilTimeout
                         0x800'1bef    0x72  Code  Lc  stm32f1xx_hal_i2c.o [1]
I2C_WaitOnTXEFlagUntilTimeout
                         0x800'1b3f    0x58  Code  Lc  stm32f1xx_hal_i2c.o [1]
I2Cx_ReadMultipleBytes   0x800'8eed    0x56  Code  Gb  i2c_handler.o [1]
I2Cx_ReadSingleByte      0x800'8e9d    0x50  Code  Gb  i2c_handler.o [1]
I2Cx_WriteData           0x800'8f43    0x56  Code  Gb  i2c_handler.o [1]
IntToUnicode             0x800'bb69    0x4e  Code  Lc  usbd_desc.o [1]
L3GD20_DisableIT         0x800'6a19    0x64  Code  Gb  l3gd20.o [1]
L3GD20_DisableIT::ret   0x2000'32c6     0x1  Data  Lc  l3gd20.o [1]
L3GD20_EnableIT          0x800'699d    0x7c  Code  Gb  l3gd20.o [1]
L3GD20_EnableIT::ret    0x2000'32c5     0x1  Data  Lc  l3gd20.o [1]
L3GD20_FilterCmd         0x800'6acd    0x50  Code  Gb  l3gd20.o [1]
L3GD20_FilterCmd::ret   0x2000'32c8     0x1  Data  Lc  l3gd20.o [1]
L3GD20_FilterConfig      0x800'6a7d    0x50  Code  Gb  l3gd20.o [1]
L3GD20_FilterConfig::ret
                        0x2000'32c7     0x1  Data  Lc  l3gd20.o [1]
L3GD20_INT1InterruptConfig
                         0x800'68fd    0xa0  Code  Gb  l3gd20.o [1]
L3GD20_INT1InterruptConfig::ret
                        0x2000'32c4     0x1  Data  Lc  l3gd20.o [1]
L3GD20_Init              0x800'6841    0x50  Code  Gb  l3gd20.o [1]
L3GD20_Init::ctrl       0x2000'32c0     0x1  Data  Lc  l3gd20.o [1]
L3GD20_Init::ret        0x2000'32c1     0x1  Data  Lc  l3gd20.o [1]
L3GD20_ReadID            0x800'6891    0x24  Code  Gb  l3gd20.o [1]
L3GD20_ReadID::ret      0x2000'32c2     0x1  Data  Lc  l3gd20.o [1]
L3GD20_ReadTemp          0x800'6c15    0x36  Code  Gb  l3gd20.o [1]
L3GD20_ReadTemp::rawTempGyro
                        0x2000'32cb     0x1  Data  Lc  l3gd20.o [1]
L3GD20_ReadTemp::ret    0x2000'32ca     0x1  Data  Lc  l3gd20.o [1]
L3GD20_ReadXYZAngRate    0x800'6b1d    0xf6  Code  Gb  l3gd20.o [1]
L3GD20_ReadXYZAngRate::ret
                        0x2000'32c9     0x1  Data  Lc  l3gd20.o [1]
L3GD20_RebootCmd         0x800'68b5    0x48  Code  Gb  l3gd20.o [1]
L3GD20_RebootCmd::ret   0x2000'32c3     0x1  Data  Lc  l3gd20.o [1]
L3gd20Drv               0x2000'0000    0x2c  Data  Gb  l3gd20.o [1]
LSM303DLHC_AccClickITEnable
                         0x800'6435    0xc8  Code  Gb  lsm303dlhc.o [1]
LSM303DLHC_AccClickITEnable::ret
                        0x2000'32d8     0x1  Data  Lc  lsm303dlhc.o [1]
LSM303DLHC_AccFilterClickCmd
                         0x800'6389    0x5a  Code  Gb  lsm303dlhc.o [1]
LSM303DLHC_AccFilterClickCmd::ret
                        0x2000'32d6     0x1  Data  Lc  lsm303dlhc.o [1]
LSM303DLHC_AccFilterCmd
                         0x800'61e5    0x54  Code  Gb  lsm303dlhc.o [1]
LSM303DLHC_AccFilterCmd::ret
                        0x2000'32d3     0x1  Data  Lc  lsm303dlhc.o [1]
LSM303DLHC_AccFilterConfig
                         0x800'6195    0x50  Code  Gb  lsm303dlhc.o [1]
LSM303DLHC_AccFilterConfig::ret
                        0x2000'32d2     0x1  Data  Lc  lsm303dlhc.o [1]
LSM303DLHC_AccFilterConfig::tmpreg
                        0x2000'32d1     0x1  Data  Lc  lsm303dlhc.o [1]
LSM303DLHC_AccIT1Enable
                         0x800'63e5    0x4e  Code  Gb  lsm303dlhc.o [1]
LSM303DLHC_AccIT1Enable::ret
                        0x2000'32d7     0x1  Data  Lc  lsm303dlhc.o [1]
LSM303DLHC_AccInit       0x800'60d9    0x50  Code  Gb  lsm303dlhc.o [1]
LSM303DLHC_AccInit::ctrl1
                        0x2000'32cc     0x1  Data  Lc  lsm303dlhc.o [1]
LSM303DLHC_AccInit::ctrl4
                        0x2000'32cd     0x1  Data  Lc  lsm303dlhc.o [1]
LSM303DLHC_AccInit::ret
                        0x2000'32ce     0x1  Data  Lc  lsm303dlhc.o [1]
LSM303DLHC_AccReadID     0x800'6129    0x24  Code  Gb  lsm303dlhc.o [1]
LSM303DLHC_AccReadID::ret
                        0x2000'32cf     0x1  Data  Lc  lsm303dlhc.o [1]
LSM303DLHC_AccReadXYZ    0x800'6239   0x14e  Code  Gb  lsm303dlhc.o [1]
LSM303DLHC_AccReadXYZ::ctrlx
                        0x2000'32b8     0x2  Data  Lc  lsm303dlhc.o [1]
LSM303DLHC_AccReadXYZ::ret
                        0x2000'32d5     0x1  Data  Lc  lsm303dlhc.o [1]
LSM303DLHC_AccReadXYZ::sensitivity
                        0x2000'32d4     0x1  Data  Lc  lsm303dlhc.o [1]
LSM303DLHC_AccRebootCmd
                         0x800'614d    0x48  Code  Gb  lsm303dlhc.o [1]
LSM303DLHC_AccRebootCmd::ret
                        0x2000'32d0     0x1  Data  Lc  lsm303dlhc.o [1]
LSM303DLHC_AccZClickITConfig
                         0x800'64fd    0x16  Code  Gb  lsm303dlhc.o [1]
LSM303DLHC_MagInit       0x800'6539    0x96  Code  Gb  lsm303dlhc.o [1]
LSM303DLHC_MagInit::ret
                        0x2000'32d9     0x1  Data  Lc  lsm303dlhc.o [1]
LSM303DLHC_MagReadXYZ    0x800'65d1   0x15a  Code  Gb  lsm303dlhc.o [1]
LSM303DLHC_MagReadXYZ::buffer
                        0x2000'3214     0x8  Data  Lc  lsm303dlhc.o [1]
LSM303DLHC_MagReadXYZ::ret
                        0x2000'32da     0x1  Data  Lc  lsm303dlhc.o [1]
LoadInt                  0x800'803f    0x7a  Code  Lc  xprintffull.o [2]
Lsm303dlhcDrv           0x2000'002c    0x2c  Data  Gb  lsm303dlhc.o [1]
MAGNET_Init              0x800'6513    0x22  Code  Gb  lsm303dlhc.o [1]
MX_GPIO_Init             0x800'20dd    0xe0  Code  Lc  main.o [1]
MX_I2C1_Init             0x800'1e3b    0x3e  Code  Lc  main.o [1]
MX_TIM1_Init             0x800'1e79    0xe2  Code  Lc  main.o [1]
MX_TIM2_Init             0x800'1f5b    0xc0  Code  Lc  main.o [1]
MX_TIM3_Init             0x800'201b    0x8a  Code  Lc  main.o [1]
MX_USART2_UART_Init      0x800'20a5    0x38  Code  Lc  main.o [1]
MX_USB_DEVICE_Init       0x800'5831    0x58  Code  Gb  usb_device.o [1]
MemManage_Handler        0x800'bf1d     0x2  Code  Gb  stm32f1xx_it.o [1]
NMI_Handler              0x800'bf19     0x2  Code  Gb  stm32f1xx_it.o [1]
NVIC_EncodePriority      0x800'6d2b    0x40  Code  Lc  stm32f1xx_hal_cortex.o [1]
PCD_EP_ISR_Handler       0x800'ab83   0x3a4  Code  Lc  stm32f1xx_hal_pcd.o [1]
PendSV_Handler           0x800'a50d          Code  Gb  portasm.o [1]
RCC_Delay                0x800'39cd    0x26  Code  Lc  stm32f1xx_hal_rcc.o [1]
RL_max                  0x2000'0080     0x4  Data  Lc  main.o [1]
RL_min                  0x2000'006c     0x4  Data  Lc  main.o [1]
RL_val                  0x2000'0094     0x4  Data  Lc  main.o [1]
RR_max                  0x2000'0084     0x4  Data  Lc  main.o [1]
RR_min                  0x2000'0070     0x4  Data  Lc  main.o [1]
RR_val                  0x2000'0098     0x4  Data  Lc  main.o [1]
Region$$Table$$Base      0x800'bf80           --   Gb  - Linker created -
Region$$Table$$Limit     0x800'bfa0           --   Gb  - Linker created -
ST_max                  0x2000'0088     0x4  Data  Lc  main.o [1]
ST_min                  0x2000'0074     0x4  Data  Lc  main.o [1]
ST_val                  0x2000'009c     0x4  Data  Lc  main.o [1]
SVC_Handler              0x800'a553          Code  Gb  portasm.o [1]
SizeofCharArray          0x800'21bd    0x16  Code  Gb  main.o [1]
StartCommTask            0x800'2481   0x4c2  Code  Gb  main.o [1]
StartDefaultTask         0x800'2273    0x1e  Code  Gb  main.o [1]
StartMotorControlTask    0x800'2291   0x1b8  Code  Gb  main.o [1]
StartSensorTask          0x800'2d17    0x30  Code  Gb  main.o [1]
StartServoTask           0x800'297d   0x39a  Code  Gb  main.o [1]
SysTick_Handler          0x800'9215    0x28  Code  Gb  port.o [1]
SystemClock_Config       0x800'1db3    0x88  Code  Gb  main.o [1]
SystemCoreClock         0x2000'00cc     0x4  Data  Gb  system_stm32f1xx.o [1]
SystemInit               0x800'bd71    0x3e  Code  Gb  system_stm32f1xx.o [1]
TIM4_IRQHandler          0x800'bf2f     0xa  Code  Gb  stm32f1xx_it.o [1]
TIM_Base_SetConfig       0x800'424d    0x6e  Code  Gb  stm32f1xx_hal_tim.o [1]
TIM_CCxChannelCmd        0x800'454d    0x68  Code  Gb  stm32f1xx_hal_tim.o [1]
TIM_OC1_SetConfig        0x800'42bb    0xae  Code  Lc  stm32f1xx_hal_tim.o [1]
TIM_OC2_SetConfig        0x800'4369    0xb4  Code  Gb  stm32f1xx_hal_tim.o [1]
TIM_OC3_SetConfig        0x800'441d    0xb8  Code  Lc  stm32f1xx_hal_tim.o [1]
TIM_OC4_SetConfig        0x800'44d5    0x6a  Code  Lc  stm32f1xx_hal_tim.o [1]
UART_SetConfig           0x800'4c39   0x1c0  Code  Lc  stm32f1xx_hal_uart.o [1]
USBD_CDC                0x2000'00dc    0x38  Data  Gb  usbd_cdc.o [1]
USBD_CDC_CfgFSDesc      0x2000'0158    0x44  Data  Gb  usbd_cdc.o [1]
USBD_CDC_CfgHSDesc      0x2000'0114    0x44  Data  Gb  usbd_cdc.o [1]
USBD_CDC_DataIn          0x800'7c6f    0x74  Code  Lc  usbd_cdc.o [1]
USBD_CDC_DataOut         0x800'7ce3    0x38  Code  Lc  usbd_cdc.o [1]
USBD_CDC_DeInit          0x800'7b1d    0x52  Code  Lc  usbd_cdc.o [1]
USBD_CDC_DeviceQualifierDesc
                        0x2000'00d0     0xc  Data  Lc  usbd_cdc.o [1]
USBD_CDC_EP0_RxReady     0x800'7d1b    0x36  Code  Lc  usbd_cdc.o [1]
USBD_CDC_GetDeviceQualifierDescriptor
                         0x800'7d6f     0xa  Code  Gb  usbd_cdc.o [1]
USBD_CDC_GetFSCfgDesc    0x800'7d51     0xa  Code  Lc  usbd_cdc.o [1]
USBD_CDC_GetHSCfgDesc    0x800'7d5b     0xa  Code  Lc  usbd_cdc.o [1]
USBD_CDC_GetOtherSpeedCfgDesc
                         0x800'7d65     0xa  Code  Lc  usbd_cdc.o [1]
USBD_CDC_Init            0x800'7a55    0xc8  Code  Lc  usbd_cdc.o [1]
USBD_CDC_OtherSpeedCfgDesc
                        0x2000'019c    0x44  Data  Gb  usbd_cdc.o [1]
USBD_CDC_ReceivePacket   0x800'7e07    0x3e  Code  Gb  usbd_cdc.o [1]
USBD_CDC_RegisterInterface
                         0x800'7d89    0x14  Code  Gb  usbd_cdc.o [1]
USBD_CDC_SetRxBuffer     0x800'7db7     0xe  Code  Gb  usbd_cdc.o [1]
USBD_CDC_SetTxBuffer     0x800'7d9d    0x1a  Code  Gb  usbd_cdc.o [1]
USBD_CDC_Setup           0x800'7b6f   0x100  Code  Lc  usbd_cdc.o [1]
USBD_CDC_TransmitPacket
                         0x800'7dc5    0x42  Code  Gb  usbd_cdc.o [1]
USBD_ClrClassConfig      0x800'7765    0x18  Code  Gb  usbd_core.o [1]
USBD_ClrFeature          0x800'9d81    0x2e  Code  Lc  usbd_ctlreq.o [1]
USBD_CtlContinueRx       0x800'9ec7    0x1a  Code  Gb  usbd_ioreq.o [1]
USBD_CtlContinueSendData
                         0x800'9e7d    0x1a  Code  Gb  usbd_ioreq.o [1]
USBD_CtlError            0x800'9dd7    0x18  Code  Gb  usbd_ctlreq.o [1]
USBD_CtlPrepareRx        0x800'9e97    0x30  Code  Gb  usbd_ioreq.o [1]
USBD_CtlReceiveStatus    0x800'9efb    0x1a  Code  Gb  usbd_ioreq.o [1]
USBD_CtlSendData         0x800'9e51    0x2c  Code  Gb  usbd_ioreq.o [1]
USBD_CtlSendStatus       0x800'9ee1    0x1a  Code  Gb  usbd_ioreq.o [1]
USBD_FS_ConfigStrDescriptor
                         0x800'babd    0x28  Code  Gb  usbd_desc.o [1]
USBD_FS_DeviceDesc      0x2000'020c    0x14  Data  Gb  usbd_desc.o [1]
USBD_FS_DeviceDescriptor
                         0x800'ba59     0xa  Code  Gb  usbd_desc.o [1]
USBD_FS_InterfaceStrDescriptor
                         0x800'bae5    0x28  Code  Gb  usbd_desc.o [1]
USBD_FS_LangIDStrDescriptor
                         0x800'ba63     0xa  Code  Gb  usbd_desc.o [1]
USBD_FS_ManufacturerStrDescriptor
                         0x800'ba95    0x16  Code  Gb  usbd_desc.o [1]
USBD_FS_ProductStrDescriptor
                         0x800'ba6d    0x28  Code  Gb  usbd_desc.o [1]
USBD_FS_SerialStrDescriptor
                         0x800'baab    0x12  Code  Gb  usbd_desc.o [1]
USBD_GetConfig           0x800'9ccd    0x4e  Code  Lc  usbd_ctlreq.o [1]
USBD_GetDescriptor       0x800'9991   0x202  Code  Lc  usbd_ctlreq.o [1]
USBD_GetLen              0x800'9e3d    0x14  Code  Lc  usbd_ctlreq.o [1]
USBD_GetStatus           0x800'9d1b    0x4c  Code  Lc  usbd_ctlreq.o [1]
USBD_GetString           0x800'9def    0x4e  Code  Gb  usbd_ctlreq.o [1]
USBD_Get_USB_Status      0x800'95d1    0x2e  Code  Lc  usbd_conf.o [1]
USBD_Init                0x800'76d7    0x38  Code  Gb  usbd_core.o [1]
USBD_Interface_fops_FS  0x2000'01e0    0x10  Data  Gb  usbd_cdc_if.o [1]
USBD_LL_ClearStallEP     0x800'94b1    0x2a  Code  Gb  usbd_conf.o [1]
USBD_LL_CloseEP          0x800'945d    0x2a  Code  Gb  usbd_conf.o [1]
USBD_LL_DataInStage      0x800'7893   0x10c  Code  Gb  usbd_core.o [1]
USBD_LL_DataOutStage     0x800'77e5    0xae  Code  Gb  usbd_core.o [1]
USBD_LL_GetRxDataSize    0x800'959f    0x14  Code  Gb  usbd_conf.o [1]
USBD_LL_Init             0x800'9387    0x80  Code  Gb  usbd_conf.o [1]
USBD_LL_IsStallEP        0x800'94db    0x2e  Code  Gb  usbd_conf.o [1]
USBD_LL_OpenEP           0x800'9425    0x38  Code  Gb  usbd_conf.o [1]
USBD_LL_PrepareReceive   0x800'9569    0x36  Code  Gb  usbd_conf.o [1]
USBD_LL_Reset            0x800'799f    0x60  Code  Gb  usbd_core.o [1]
USBD_LL_Resume           0x800'7a1b    0x16  Code  Gb  usbd_core.o [1]
USBD_LL_SOF              0x800'7a31    0x24  Code  Gb  usbd_core.o [1]
USBD_LL_SetSpeed         0x800'79ff     0x8  Code  Gb  usbd_core.o [1]
USBD_LL_SetUSBAddress    0x800'9509    0x2a  Code  Gb  usbd_conf.o [1]
USBD_LL_SetupStage       0x800'777d    0x68  Code  Gb  usbd_core.o [1]
USBD_LL_StallEP          0x800'9487    0x2a  Code  Gb  usbd_conf.o [1]
USBD_LL_Start            0x800'9407    0x1e  Code  Gb  usbd_conf.o [1]
USBD_LL_Suspend          0x800'7a07    0x14  Code  Gb  usbd_core.o [1]
USBD_LL_Transmit         0x800'9533    0x36  Code  Gb  usbd_conf.o [1]
USBD_LangIDDesc         0x2000'0220     0x4  Data  Gb  usbd_desc.o [1]
USBD_ParseSetupRequest   0x800'9daf    0x28  Code  Gb  usbd_ctlreq.o [1]
USBD_RegisterClass       0x800'770f    0x16  Code  Gb  usbd_core.o [1]
USBD_RunTestMode         0x800'7733     0x6  Code  Gb  usbd_core.o [1]
USBD_SetAddress          0x800'9b93    0x68  Code  Lc  usbd_ctlreq.o [1]
USBD_SetClassConfig      0x800'7739    0x2c  Code  Gb  usbd_core.o [1]
USBD_SetConfig           0x800'9bfb    0xce  Code  Lc  usbd_ctlreq.o [1]
USBD_SetConfig::cfgidx  0x2000'32de     0x1  Data  Lc  usbd_ctlreq.o [1]
USBD_SetFeature          0x800'9d67    0x1a  Code  Lc  usbd_ctlreq.o [1]
USBD_Start               0x800'7725     0xe  Code  Gb  usbd_core.o [1]
USBD_StdDevReq           0x800'9601    0xa6  Code  Gb  usbd_ctlreq.o [1]
USBD_StdEPReq            0x800'9715   0x27c  Code  Gb  usbd_ctlreq.o [1]
USBD_StdItfReq           0x800'96a7    0x6e  Code  Gb  usbd_ctlreq.o [1]
USBD_StrDesc            0x2000'2c18   0x200  Data  Gb  usbd_desc.o [1]
USBD_StringSerial       0x2000'0224    0x1c  Data  Gb  usbd_desc.o [1]
USBD_static_free         0x800'95cd     0x2  Code  Gb  usbd_conf.o [1]
USBD_static_malloc       0x800'95b3     0x6  Code  Gb  usbd_conf.o [1]
USBD_static_malloc::mem
                        0x2000'27f8   0x220  Data  Lc  usbd_conf.o [1]
USB_ActivateEndpoint     0x800'afdf   0x362  Code  Gb  stm32f1xx_ll_usb.o [1]
USB_CoreInit             0x800'af7b     0xa  Code  Gb  stm32f1xx_ll_usb.o [1]
USB_DeactivateEndpoint   0x800'b341   0x1ba  Code  Gb  stm32f1xx_ll_usb.o [1]
USB_DevConnect           0x800'b975     0x6  Code  Gb  stm32f1xx_ll_usb.o [1]
USB_DevDisconnect        0x800'b97b     0x6  Code  Gb  stm32f1xx_ll_usb.o [1]
USB_DevInit              0x800'afb3    0x2c  Code  Gb  stm32f1xx_ll_usb.o [1]
USB_DisableGlobalInt     0x800'af99    0x14  Code  Gb  stm32f1xx_ll_usb.o [1]
USB_EP0_OutStart         0x800'b989     0x6  Code  Gb  stm32f1xx_ll_usb.o [1]
USB_EPClearStall         0x800'b8bb    0xa6  Code  Gb  stm32f1xx_ll_usb.o [1]
USB_EPSetStall           0x800'b871    0x4a  Code  Gb  stm32f1xx_ll_usb.o [1]
USB_EPStartXfer          0x800'b4fb   0x376  Code  Gb  stm32f1xx_ll_usb.o [1]
USB_EnableGlobalInt      0x800'af85    0x14  Code  Gb  stm32f1xx_ll_usb.o [1]
USB_LP_CAN1_RX0_IRQHandler
                         0x800'bf25     0xa  Code  Gb  stm32f1xx_it.o [1]
USB_ReadInterrupts       0x800'b981     0x8  Code  Gb  stm32f1xx_ll_usb.o [1]
USB_ReadPMA              0x800'b9e7    0x5e  Code  Gb  stm32f1xx_ll_usb.o [1]
USB_SetCurrentMode       0x800'afad     0x6  Code  Gb  stm32f1xx_ll_usb.o [1]
USB_SetDevAddress        0x800'b961    0x14  Code  Gb  stm32f1xx_ll_usb.o [1]
USB_WritePMA             0x800'b98f    0x58  Code  Gb  stm32f1xx_ll_usb.o [1]
UsageFault_Handler       0x800'bf21     0x2  Code  Gb  stm32f1xx_it.o [1]
UserRxBufferFS          0x2000'30cc    0x40  Data  Gb  usbd_cdc_if.o [1]
UserTxBufferFS          0x2000'310c    0x40  Data  Gb  usbd_cdc_if.o [1]
_Encoding_8859_1_Mbrlen
                         0x800'46bd     0x2  Code  Gb  xencoding_8859_1.o [2]
_Encoding_8859_1_Wctomb
                         0x800'46ab    0x12  Code  Gb  xencoding_8859_1.o [2]
_GenldFull               0x800'8a9d   0x274  Code  Lc  xprintffull.o [2]
_LdtobFull               0x800'8699   0x3d6  Code  Lc  xprintffull.o [2]
_LitobFull               0x800'8549   0x10a  Code  Lc  xprintffull.o [2]
_Locale_lconv           0x2000'0240    0x38  Data  Lc  xlocale_c.o [2]
_PrintfFull              0x800'7e7d   0x1aa  Code  Gb  xprintffull.o [2]
_PutcharsFull            0x800'8d11    0x2e  Code  Lc  xprintffull.o [2]
_PutfldFull              0x800'80b9   0x2d4  Code  Lc  xprintffull.o [2]
_PutstrFull              0x800'8483    0xc6  Code  Lc  xprintffull.o [2]
_PuttxtFull              0x800'838d    0xf6  Code  Lc  xprintffull.o [2]
_SProut                  0x800'476b     0xa  Code  Gb  xsprout.o [2]
__NVIC_EnableIRQ         0x800'6cdf    0x20  Code  Lc  stm32f1xx_hal_cortex.o [1]
__NVIC_GetPriorityGrouping
                         0x800'6cd3     0xc  Code  Lc  stm32f1xx_hal_cortex.o [1]
__NVIC_SetPriority       0x800'6cff    0x2c  Code  Lc  stm32f1xx_hal_cortex.o [1]
__NVIC_SetPriorityGrouping
                         0x800'6cb1    0x22  Code  Lc  stm32f1xx_hal_cortex.o [1]
__aeabi_cdcmple          0x800'a321          Code  Gb  DblCmpLe.o [3]
__aeabi_cdrcmple         0x800'5dd5          Code  Gb  DblCmpGe.o [3]
__aeabi_cfcmpeq          0x800'6001          Code  Gb  FltCmpEq.o [3]
__aeabi_cfcmple          0x800'580d          Code  Gb  FltCmpLe.o [3]
__aeabi_cfrcmple         0x800'5e31          Code  Gb  FltCmpGe.o [3]
__aeabi_d2f              0x800'57a5          Code  Gb  DblToFlt.o [3]
__aeabi_d2iz             0x800'a48d          Code  Gb  DblToS32.o [3]
__aeabi_d2uiz            0x800'a4c9          Code  Gb  DblToU32.o [3]
__aeabi_dadd             0x800'5629          Code  Gb  DblAdd.o [3]
__aeabi_ddiv             0x800'5a49          Code  Gb  DblDiv.o [3]
__aeabi_dmul             0x800'5485          Code  Gb  DblMul.o [3]
__aeabi_dsub             0x800'53a1          Code  Gb  DblSub.o [3]
__aeabi_f2d              0x800'5359          Code  Gb  FltToDbl.o [3]
__aeabi_f2iz             0x800'5e05          Code  Gb  FltToS32.o [3]
__aeabi_fadd             0x800'5965          Code  Gb  FltAdd.o [3]
__aeabi_fdiv             0x800'5cad          Code  Gb  FltDiv.o [3]
__aeabi_fmul             0x800'5281          Code  Gb  FltMul.o [3]
__aeabi_fsub             0x800'5f81          Code  Gb  FltSub.o [3]
__aeabi_i2d              0x800'8fa1          Code  Gb  S32ToDbl.o [3]
__aeabi_i2f              0x800'5941          Code  Gb  S32ToFlt.o [3]
__aeabi_ldiv0            0x800'af79          Code  Gb  I64DivZer.o [4]
__aeabi_memclr4          0x800'4765          Code  Gb  ABImemclr4.o [4]
__aeabi_memcpy           0x800'4605          Code  Gb  ABImemcpy.o [4]
__aeabi_memcpy4          0x800'4625          Code  Gb  ABImemcpy.o [4]
__aeabi_memcpy8          0x800'4625          Code  Gb  ABImemcpy.o [4]
__aeabi_memset           0x800'8dc5          Code  Gb  ABImemset.o [4]
__aeabi_ui2d             0x800'a4f1          Code  Gb  U32ToDbl.o [3]
__aeabi_ui2f             0x800'5c91          Code  Gb  U32ToFlt.o [3]
__aeabi_uldivmod         0x800'a081          Code  Gb  I64DivMod.o [4]
__cmain                  0x800'bfa1          Code  Gb  cmain.o [4]
__exit                   0x800'ba45    0x14  Code  Gb  exit.o [5]
__iar_Fail_s             0x800'9fa5    0x1c  Code  Gb  xfail_s.o [2]
__iar_Mbcurmax           0x800'a075     0xa  Code  Gb  xmbcurmax.o [2]
__iar_Memchr             0x800'a01d          Code  Gb  memchr.o [4]
__iar_Memset             0x800'8dc5          Code  Gb  ABImemset.o [4]
__iar_Memset4_word       0x800'76a5          Code  Gb  ABImemset48.o [4]
__iar_Memset8_word       0x800'76a5          Code  Gb  ABImemset48.o [4]
__iar_Memset_word        0x800'8dcd          Code  Gb  ABImemset.o [4]
__iar_Strchr             0x800'9f8d          Code  Gb  strchr.o [4]
__iar_dadd               0x800'53b1          Code  Gb  DblSub.o [3]
__iar_data_init3         0x800'bf59    0x28  Code  Gb  data_init.o [4]
__iar_dsub               0x800'5639          Code  Gb  DblAdd.o [3]
__iar_dsubStart          0x800'564b          Code  Gb  DblAdd.o [3]
__iar_fadd               0x800'5f8d          Code  Gb  FltSub.o [3]
__iar_frexp              0x800'a2bd          Code  Gb  frexp.o [3]
__iar_frexp64            0x800'a2b1          Code  Gb  frexp.o [3]
__iar_frexpl             0x800'a2bd          Code  Gb  frexp.o [3]
__iar_fsub               0x800'5971          Code  Gb  FltAdd.o [3]
__iar_fsubStart          0x800'5981          Code  Gb  FltAdd.o [3]
__iar_globLocale        0x2000'0278    0x48  Data  Lc  xlocale_c.o [2]
__iar_global_Locale      0x800'9f15     0x4  Code  Gb  xlocale_c.o [2]
__iar_ldexp64            0x800'a351          Code  Gb  ldexp.o [3]
__iar_lround32           0x800'5da9          Code  Gb  lroundf.o [3]
__iar_lz77_init_single3
                         0x800'3a53    0x7a  Code  Gb  lz77_init_single.o [4]
__iar_program_start      0x800'c131          Code  Gb  cstartup_M.o [4]
__iar_scalbln64          0x800'a351          Code  Gb  ldexp.o [3]
__iar_scalbn64           0x800'a351          Code  Gb  ldexp.o [3]
__iar_zero_init3         0x800'45cb    0x3a  Code  Gb  zero_init3.o [4]
__low_level_init         0x800'bfbf     0x4  Code  Gb  low_level_init.o [2]
__vector_table           0x800'0000          Data  Gb  startup_stm32f103xb.o [1]
_call_main               0x800'bfad          Code  Gb  cmain.o [4]
_exit                    0x800'bfc9          Code  Gb  cexit.o [4]
_gLocale_mblen           0x800'9f79     0x4  Code  Gb  xlocale_c.o [2]
_gLocale_mblenInt        0x800'9f3d    0x2c  Code  Gb  xlocale_c.o [2]
_gLocale_wctomb          0x800'9f7d     0x4  Code  Gb  xlocale_c.o [2]
_gLocale_wctombInt       0x800'9f75     0x4  Code  Gb  xlocale_c.o [2]
_main                    0x800'bfbb          Code  Gb  cmain.o [4]
abort                    0x800'af73     0x6  Code  Gb  abort.o [2]
absForceMotor           0x2000'32be     0x2  Data  Lc  main.o [1]
accelerometerBuffer     0x2000'31f0     0xc  Data  Lc  main.o [1]
assert_failed            0x800'2e8b     0x2  Code  Gb  main.o [1]
automaticSuspension     0x2000'00b0     0x4  Data  Lc  main.o [1]
commTaskHandle          0x2000'3234     0x4  Data  Gb  main.o [1]
compassBuffer           0x2000'31fc     0xc  Data  Lc  main.o [1]
constrain_f32            0x800'7e45    0x36  Code  Gb  functions.o [1]
controlTaskCycle_ms     0x2000'02c0     0x2  Data  Lc  main.o [1]
controller              0x2000'316c    0x20  Data  Lc  main.o [1]
ctrlI                   0x2000'00a8     0x4  Data  Lc  main.o [1]
ctrlP                   0x2000'00a4     0x4  Data  Lc  main.o [1]
defaultTaskHandle       0x2000'322c     0x4  Data  Gb  main.o [1]
exit                     0x800'bfc3     0x4  Code  Gb  exit.o [2]
feedForward             0x2000'00ac     0x4  Data  Lc  main.o [1]
filter2                  0x800'21d3    0x50  Code  Gb  main.o [1]
fixedDistance           0x2000'3264     0x4  Data  Lc  main.o [1]
forceSaturation         0x2000'02c2     0x2  Data  Lc  main.o [1]
frexp                    0x800'a2b1          Code  Gb  frexp.o [3]
frexpl                   0x800'a2b1          Code  Gb  frexp.o [3]
gyroBuffer              0x2000'3208     0xc  Data  Lc  main.o [1]
gyroTemp                0x2000'3268     0x4  Data  Lc  main.o [1]
hUsbDeviceFS            0x2000'22c8   0x2c4  Data  Gb  usb_device.o [1]
hi2c1                   0x2000'2ef8    0x54  Data  Gb  main.o [1]
hpcd_USB_FS             0x2000'258c   0x26c  Data  Gb  usbd_conf.o [1]
htim1                   0x2000'2f4c    0x40  Data  Gb  main.o [1]
htim2                   0x2000'2f8c    0x40  Data  Gb  main.o [1]
htim3                   0x2000'2fcc    0x40  Data  Gb  main.o [1]
htim4                   0x2000'308c    0x40  Data  Gb  stm32f1xx_hal_timebase_tim.o [1]
huart2                  0x2000'300c    0x40  Data  Gb  main.o [1]
i2cerror                0x2000'32b4     0x2  Data  Lc  i2c_handler.o [1]
i2cok                   0x2000'32b6     0x2  Data  Lc  i2c_handler.o [1]
ldexp                    0x800'a351          Code  Gb  ldexp.o [3]
ldexpl                   0x800'a351          Code  Gb  ldexp.o [3]
localeconv               0x800'9f81     0x4  Code  Gb  xlocale_c.o [2]
lroundf                  0x800'5da9          Code  Gb  lroundf.o [3]
main                     0x800'1cb5    0xfe  Code  Gb  main.o [1]
makeFreeRtosPriority     0x800'46c9    0x16  Code  Lc  cmsis_os.o [1]
memchr                   0x800'a01d          Code  Gb  memchr.o [4]
motCntr                 0x2000'3250     0x4  Data  Lc  main.o [1]
motCntrPrev             0x2000'3254     0x4  Data  Lc  main.o [1]
motSpeed                0x2000'325c     0x4  Data  Lc  main.o [1]
motSpeedFiltered        0x2000'3260     0x4  Data  Lc  main.o [1]
motSpeedRaw             0x2000'3258     0x4  Data  Lc  main.o [1]
motorCtrlTaskHandle     0x2000'3230     0x4  Data  Gb  main.o [1]
osDelay                  0x800'4749    0x1c  Code  Gb  cmsis_os.o [1]
osKernelStart            0x800'46df     0xa  Code  Gb  cmsis_os.o [1]
osThreadCreate           0x800'46e9    0x60  Code  Gb  cmsis_os.o [1]
pid_initialize           0x800'5889    0x22  Code  Gb  pid.o [1]
pid_update               0x800'58ab    0x94  Code  Gb  pid.o [1]
prvAddCurrentTaskToDelayedList
                         0x800'75ed    0x82  Code  Lc  tasks.o [1]
prvAddNewTaskToReadyList
                         0x800'7089    0x9a  Code  Lc  tasks.o [1]
prvCheckTasksWaitingTermination
                         0x800'7505    0x3e  Code  Lc  tasks.o [1]
prvDeleteTCB             0x800'7549    0x44  Code  Lc  tasks.o [1]
prvIdleTask              0x800'7489    0x24  Code  Lc  tasks.o [1]
prvInitialiseNewTask     0x800'6fc3    0xc6  Code  Lc  tasks.o [1]
prvInitialiseTaskLists   0x800'74ad    0x52  Code  Lc  tasks.o [1]
prvResetNextTaskUnblockTime
                         0x800'758d    0x2a  Code  Lc  tasks.o [1]
prvTaskExitError         0x800'90fd    0x2a  Code  Lc  port.o [1]
pvPortMalloc             0x800'8fc5    0x58  Code  Gb  heap_1.o [1]
pvPortMalloc::pucAlignedHeap
                        0x2000'3220     0x4  Data  Lc  heap_1.o [1]
pwm1                    0x2000'32ba     0x2  Data  Lc  main.o [1]
pwm2                    0x2000'32bc     0x2  Data  Lc  main.o [1]
pxCurrentTCB            0x2000'3274     0x4  Data  Gb  tasks.o [1]
pxDelayedTaskList       0x2000'3278     0x4  Data  Lc  tasks.o [1]
pxOverflowDelayedTaskList
                        0x2000'327c     0x4  Data  Lc  tasks.o [1]
pxPortInitialiseStack    0x800'90dd    0x20  Code  Gb  port.o [1]
pxReadyTasksLists       0x2000'2e18    0x8c  Data  Lc  tasks.o [1]
raw2mps                 0x2000'00a0     0x4  Data  Lc  main.o [1]
receiveState            0x2000'32dc     0x1  Data  Gb  main.o [1]
referenceAngle          0x2000'005c     0x4  Data  Lc  main.o [1]
referenceDistance       0x2000'0060     0x4  Data  Lc  main.o [1]
referenceFL             0x2000'00b4     0x4  Data  Lc  main.o [1]
referenceFR             0x2000'00b8     0x4  Data  Lc  main.o [1]
referenceRL             0x2000'00bc     0x4  Data  Lc  main.o [1]
referenceRR             0x2000'00c0     0x4  Data  Lc  main.o [1]
referenceSpeed          0x2000'324c     0x4  Data  Lc  main.o [1]
referenceSpeedRaw       0x2000'0058     0x4  Data  Lc  main.o [1]
rxBuf                   0x2000'304c    0x40  Data  Gb  main.o [1]
saturateFloat            0x800'224d    0x26  Code  Gb  main.o [1]
saturateInteger          0x800'2223    0x2a  Code  Gb  main.o [1]
scalbln                  0x800'a351          Code  Gb  ldexp.o [3]
scalblnl                 0x800'a351          Code  Gb  ldexp.o [3]
scalbn                   0x800'a351          Code  Gb  ldexp.o [3]
scalbnl                  0x800'a351          Code  Gb  ldexp.o [3]
scale                    0x800'8653    0x46  Code  Lc  xprintffull.o [2]
sec_hand                0x2000'32b0     0x4  Data  Lc  xfail_s.o [2]
sensorTaskHandle        0x2000'323c     0x4  Data  Gb  main.o [1]
servoEna                0x2000'32db     0x1  Data  Gb  main.o [1]
servoTaskHandle         0x2000'3238     0x4  Data  Gb  main.o [1]
sprintf                  0x800'5e55    0x40  Code  Gb  sprintf.o [2]
strchr                   0x800'9f8d          Code  Gb  strchr.o [4]
strlen                   0x800'9fe5          Code  Gb  strlen.o [4]
strncpy                  0x800'8e2d          Code  Gb  strncpy.o [4]
timeOutGuard            0x2000'3244     0x4  Data  Lc  main.o [1]
timeOutGuardEna         0x2000'02c4     0x1  Data  Lc  main.o [1]
timeOutGuardMax         0x2000'3248     0x4  Data  Lc  main.o [1]
timeStamp               0x2000'3240     0x4  Data  Lc  main.o [1]
txBuf                   0x2000'314c    0x20  Data  Gb  main.o [1]
ucHeap                  0x2000'02c8  0x2000  Data  Lc  heap_1.o [1]
ucMaxSysCallPriority    0x2000'32dd     0x1  Data  Lc  port.o [1]
ulMaxPRIGROUPValue      0x2000'326c     0x4  Data  Lc  port.o [1]
uwTick                  0x2000'3270     0x4  Data  Gb  stm32f1xx_hal.o [1]
uwTickFreq              0x2000'02c5     0x1  Data  Gb  stm32f1xx_hal.o [1]
uwTickPrio              0x2000'00c8     0x4  Data  Gb  stm32f1xx_hal.o [1]
uxCriticalNesting       0x2000'00c4     0x4  Data  Lc  port.o [1]
uxCurrentNumberOfTasks  0x2000'3284     0x4  Data  Lc  tasks.o [1]
uxDeletedTasksWaitingCleanUp
                        0x2000'3280     0x4  Data  Lc  tasks.o [1]
uxListRemove             0x800'90b3    0x28  Code  Gb  list.o [1]
uxPendedTicks           0x2000'3294     0x4  Data  Lc  tasks.o [1]
uxSchedulerSuspended    0x2000'32ac     0x4  Data  Lc  tasks.o [1]
uxTaskNumber            0x2000'32a0     0x4  Data  Lc  tasks.o [1]
uxTopReadyPriority      0x2000'328c     0x4  Data  Lc  tasks.o [1]
vApplicationGetIdleTaskMemory
                         0x800'9289    0x18  Code  Gb  freertos.o [1]
vListInitialise          0x800'9041    0x1e  Code  Gb  list.o [1]
vListInitialiseItem      0x800'905f     0x6  Code  Gb  list.o [1]
vListInsert              0x800'907d    0x36  Code  Gb  list.o [1]
vListInsertEnd           0x800'9065    0x18  Code  Gb  list.o [1]
vPortEnterCritical       0x800'91b5    0x34  Code  Gb  port.o [1]
vPortExitCritical        0x800'91e9    0x2c  Code  Gb  port.o [1]
vPortFree                0x800'901d    0x16  Code  Gb  heap_1.o [1]
vPortStartFirstTask      0x800'a573          Code  Gb  portasm.o [1]
vTaskDelay               0x800'7123    0x4e  Code  Gb  tasks.o [1]
vTaskStartScheduler      0x800'7171    0x90  Code  Gb  tasks.o [1]
vTaskSuspendAll          0x800'7201     0xc  Code  Gb  tasks.o [1]
vTaskSwitchContext       0x800'7401    0x6e  Code  Gb  tasks.o [1]
xDelayedTaskList1       0x2000'318c    0x14  Data  Lc  tasks.o [1]
xDelayedTaskList2       0x2000'31a0    0x14  Data  Lc  tasks.o [1]
xIdleStack              0x2000'2a18   0x200  Data  Lc  freertos.o [1]
xIdleTaskHandle         0x2000'32a8     0x4  Data  Lc  tasks.o [1]
xIdleTaskTCBBuffer      0x2000'2ea4    0x54  Data  Lc  freertos.o [1]
xNextFreeByte           0x2000'321c     0x4  Data  Lc  heap_1.o [1]
xNextTaskUnblockTime    0x2000'32a4     0x4  Data  Lc  tasks.o [1]
xNumOfOverflows         0x2000'329c     0x4  Data  Lc  tasks.o [1]
xPendingReadyList       0x2000'31b4    0x14  Data  Lc  tasks.o [1]
xPortStartScheduler      0x800'9127    0x8e  Code  Gb  port.o [1]
xSchedulerRunning       0x2000'3290     0x4  Data  Lc  tasks.o [1]
xSuspendedTaskList      0x2000'31dc    0x14  Data  Lc  tasks.o [1]
xTaskCreate              0x800'6f49    0x7a  Code  Gb  tasks.o [1]
xTaskCreateStatic        0x800'6ead    0x9c  Code  Gb  tasks.o [1]
xTaskIncrementTick       0x800'72f5   0x10c  Code  Gb  tasks.o [1]
xTaskResumeAll           0x800'720d    0xe8  Code  Gb  tasks.o [1]
xTasksWaitingTermination
                        0x2000'31c8    0x14  Data  Lc  tasks.o [1]
xTickCount              0x2000'3288     0x4  Data  Lc  tasks.o [1]
xYieldPending           0x2000'3298     0x4  Data  Lc  tasks.o [1]


[1] = C:\GIT\4WD-ROS-Rover\STM32F103\EWARM\4WD Rover\Obj
[2] = dl7M_tlf.a
[3] = m7M_tl.a
[4] = rt7M_tl.a
[5] = shb_l.a

  48 476 bytes of readonly  code memory
   1 575 bytes of readonly  data memory
  14 557 bytes of readwrite data memory

Errors: none
Warnings: none
